<?xml version="1.0" encoding="utf-8"?>
<items>
<item><company_name><value>Vivent Health</value></company_name><location>Austin, TX</location><job_role>Condom Distribution Specialist - Austin, TX</job_role><job_link>https://www.simplyhired.com/job/rL-FPHmOlO8S0LDRzJZQ1C1-GcuCOZ1Z6Au5yRSFG3M7X_c1ZcOmGA?q=</job_link><summary><value>Vivent Health is an equal opportunity employer and will recruit, hire, promote and transfer qualified persons into all job classifications regardless of race,…</value></summary><salary>$31,000 - $46,000 a year</salary></item>
<item><company_name><value>Bumble App</value></company_name><location>Austin, TX</location><job_role>The Hiring Hive</job_role><job_link>https://www.simplyhired.com/job/uewAWyxnBIqawln8inmOVd7TWALp6re2a8XHEWg621GW2ALTVvFtHA?q=</job_link><summary><value>Bumble, the women-first social networking app, was founded by CEO Whitney Wolfe Herd in 2014. Since 2014, Bumble has facilitated over a billion women-led first…</value></summary><salary>$33,000 - $44,000 a year</salary></item>
<item><company_name><value>Travis County</value></company_name><location>Austin, TX</location><job_role>Park Ranger (Park Police)</job_role><job_link>https://www.simplyhired.com/job/u0GSrdA8DhLfI3DOkzPKaZX51WH8BBJUi0UozlnU-L-a5N6w9RUYtg?q=</job_link><summary><value>Must obtain Austin-Travis County Emergency Medical Services (ATCEMS) system clearance as a Texas Department of State Health Services certified Emergency Medical…</value></summary><salary>$51,000 - $55,000 a year</salary></item>
<item><company_name><value>Tesla</value></company_name><location>Austin, TX</location><job_role>Security Intelligence Technical Investigator</job_role><job_link>https://www.simplyhired.com/job/k0PmCexulY0yuaMC1_Ely6ByNuBFNXGwbRPjeDUHaDW5dSh3F0VV-w?q=</job_link><summary><value>The Security Intelligence Technical Investigator is responsible for responding to security incidents, investigating security matters, and collecting information…</value></summary><salary>$76,000 - $110,000 a year</salary></item>
<item><company_name><value>Amazon Flex</value></company_name><location>Austin, TX</location><job_role>Delivery Driver for Amazon Flex</job_role><job_link>https://www.simplyhired.com/job/ACxYbTh5XrHVGc4s4mgLz-kpYMBrDKqGVXgPmlURQ7bdrU_y7zRJXQ?q=</job_link><summary><value>Whether you're saving up for something big or you just want to make some extra money, earning up to $15-30 an hour\*. Will get you there faster.</value></summary><salary>$15 - $30 an hour</salary></item>
<item><company_name><value>SWC Group</value></company_name><location>Austin, TX</location><job_role>Remote Case Investigator - Austin, TX - $20.00/hr.</job_role><job_link>https://www.simplyhired.com/job/qve_g7tT6M19mdBIpUe727XHYfiszbG1JuWYq1qOnViTH3iDMUxLqA?q=</job_link><summary><value>If unable to reach case patient after set number of required phone calls/texts/emails have been made, perform field visit if residential or work address is…</value></summary><salary>$20 an hour</salary></item>
<item><company_name><value>City of Austin</value></company_name><location>Austin, TX</location><job_role>Water Meter Technician Assistant</job_role><job_link>https://www.simplyhired.com/job/h8A4BkHGIQn0pq7Z-Hp9Qc4BKdEPKdLo9tjHKK2my7ICQekyqgOozw?q=</job_link><summary><value>Class C Water Distribution License from TCEQ required before the expiration of Class D Water Distribution License. Valid Class “C” Texas Driver License.</value></summary><salary>$19 - $24 an hour</salary></item>
<item><company_name><value>Tesla</value></company_name><location>Austin, TX</location><job_role>Community Relations Partner</job_role><job_link>https://www.simplyhired.com/job/fX80acbfPHF4fYKDZxjMSxOFOvBrA-FkPgUvmVjxntLWrMKAYypm1A?q=</job_link><summary><value>Bachelors degree in human resources, organizational development, non-profit management, or business-related field.. Tesla participates in the E-Verify Program.</value></summary><salary>$62,000 - $86,000 a year</salary></item>
<item><company_name><value>Rooster Teeth</value></company_name><location>Austin, TX</location><job_role>People and Culture Partner</job_role><job_link>https://www.simplyhired.com/job/Y2Ls6fyqsOew5QQGWxFFtVwSvNGV6SHr0Ul3G_MucSVYTfqOhFSg6w?q=</job_link><summary><value>With broadcast and live-action production capabilities and a world class animation studio, Rooster Teeth engages industry-leading networks, streaming…</value></summary><salary>$76,000 - $97,000 a year</salary></item>
<item><company_name><value>City of Austin</value></company_name><location>Austin, TX</location><job_role>Police Dispatcher Trainee</job_role><job_link>https://www.simplyhired.com/job/T6DCFcCR0wPG5u-a2CHp6SM7sBRkvo0f590fzmplO5wlHsPYm_3wig?q=</job_link><summary><value>Must be able to pass the State mandated exam to obtain the Texas Commission on Law Enforcement (TCOLE) Telecommunicator License within one (1) year of…</value></summary><salary>$17 - $22 an hour</salary></item>
<item><company_name><value>Facebook</value></company_name><location>Austin, TX</location><job_role>Executive Assistant, People Operations</job_role><job_link>https://www.simplyhired.com/job/feEuAfwzNhjc304DxUPGcmZ39tQdW00Tl8CL4Iqa53lPqBRpM7xcaA?q=</job_link><summary><value>We also consider qualified applicants with criminal histories, consistent with applicable federal, state and local law. Manage hectic and complex calendars.</value></summary><salary>$56,000 - $73,000 a year</salary></item>
<item><company_name><value>Everlywell</value></company_name><location>Austin, TX</location><job_role>Executive Assistant</job_role><job_link>https://www.simplyhired.com/job/H7ARpzb6gNeCZvTx_sxPOmijFD_DwG8WSWJTlWngAo0bM1x0jdT9Wg?q=</job_link><summary><value>Plan meetings, order food and office supplies, make necessary arrangements for reserving conference rooms, technical setup to assure that meetings sponsored by…</value></summary><salary>$46,000 - $68,000 a year</salary></item>
<item><company_name><value>Red Bull</value></company_name><location>Austin, TX</location><job_role>Distributor Partner Manager</job_role><job_link>https://www.simplyhired.com/job/jGxLUmiAiH0TYb0NZRGpGdbUwcbbOxhsr2igTNSDUyozFV0w6lk7NA?q=</job_link><summary><value>Consistently promotes the use of tools, resources, and programs available to the DPsCreates relevant incentive programmingEffectively extrapolates data from…</value></summary><salary>$100,000 - $130,000 a year</salary></item>
<item><company_name><value>The University of St. Augustine for Health Sciences</value></company_name><location>Austin, TX</location><job_role>Circulation Manager (Library)</job_role><job_link>https://www.simplyhired.com/job/NUaVcVJwfdV1CZE5hn0V5RmAzp48hmP7t43bNLbpJ_Yiuc0fUAcp1A?q=</job_link><summary><value>Provide customer service support to all library patrons, including answering basic questions and locating items. TECHNICAL, MANAGERIAL &amp; PEOPLE SKILLS REQUIRED.</value></summary><salary>$42,000 - $56,000 a year</salary></item>
<item><company_name><value>United States Postal Service</value></company_name><location>Manor, TX</location><job_role>RURAL CARR ASSOC/SRV REG RTE</job_role><job_link>https://www.simplyhired.com/job/tEjOLIjdMuzs_CGpyXDrmCLeotPg0PNQHtENMH0R_OhBGFWUixdLxA?q=</job_link><summary><value>Applicants must have a valid state driver’s license, a safe driving record, and at least two years of. Applicants must have a valid state driver's license and…</value></summary><salary>$19 an hour</salary></item>
<item><company_name><value>CRATE &amp; BARREL</value></company_name><location>Austin, TX</location><job_role>Customer Service Associate - Work From Home</job_role><job_link>https://www.simplyhired.com/job/sxQWFw6rNBgzjx_QpkZb_Q38f3ityyXsVuLhFbbXnxqB7kLRPmhCww?q=</job_link><summary><value>Excellent data entry, typing and computer skills. Answer customer questions, requests and concerns via customer interaction channels such as phone, chat, email,…</value></summary><salary>$22,000 - $30,000 a year</salary></item>
<item><company_name><value>University of Texas at Austin</value></company_name><location>Austin, TX</location><job_role>Executive Assistant</job_role><job_link>https://www.simplyhired.com/job/3sc85Hwr8_R1-gJC509kPQkbsVBIfRdXWGF9vIIYSi719hE8FsciZw?q=</job_link><summary><value>Five years of clerical experience, including two years of experience at either the Administrative Associate or the Senior Administrative Associate level with a…</value></summary><salary>$43,000 - $58,000 a year</salary></item>
<item><company_name><value>City of Austin</value></company_name><location>Austin, TX</location><job_role>Civil Rights Officer</job_role><job_link>https://www.simplyhired.com/job/jX6gsMJxceRObs7lXZ7VDHQh-6WRy_hf0YwmHDzoV8TmFC5RfM1HDQ?q=</job_link><summary><value>Graduation with a Bachelor’s degree from an accredited college or university with major coursework in business administration, public administration, political…</value></summary><salary>$140,000 - $150,000 a year</salary></item>
<item><company_name><value>Tesla</value></company_name><location>Austin, TX</location><job_role>Tesla Advisor (Temporary Assignment) - Austin, TX - Pond Springs</job_role><job_link>https://www.simplyhired.com/job/H2y_Gy4BpGwVwyRqnc1PZp9D--z7KiKJsgM8WEfZn9JY_5iLb6WY9w?q=</job_link><summary><value>Valid driver’s license in the country in which you are applying, 2-year minimum driving record required with a clean driving history.</value></summary><salary>$30,000 - $42,000 a year</salary></item>
<item><company_name><value>Texas Department of Insurance</value></company_name><location>Austin, TX</location><job_role>Investigator - Sergeant</job_role><job_link>https://www.simplyhired.com/job/2ozz4Ef1lAt5O7M9OvkSibymHjkE1Dl49IMWxh4lc4Icme92OSU7gA?q=</job_link><summary><value>Must possess a valid driver license and, if from out of state, capable of obtaining a valid Texas driver license as soon as Texas residency is established.</value></summary><salary>$6,100 a month</salary></item>
<item><company_name><value>HEB</value></company_name><location>Austin, TX</location><job_role>Part-Time Overnight Stocker (Tuesday/Thursday)</job_role><job_link>https://www.simplyhired.com/job/mQPAWh-jXsD-j86dQeVGZx-hQYX6pPLoy_QZlv3ksKsFkl84xXplaw?q=</job_link><summary><value>H-E-B Job Title CM Overnight Stocker. Schedule Part-time Requested Availability (if applicable) Tuesday and Thursday Availability.</value></summary><salary>$15 an hour</salary></item>
<item><company_name><value>University of Texas at Austin</value></company_name><location>Austin, TX</location><job_role>Assistant Athletic Trainer (Exempt)</job_role><job_link>https://www.simplyhired.com/job/rfyWZphiK91_9JZE3JsuSk2WRkaIgK9cSbXun8ZE0UVP31ksxOmUqQ?q=</job_link><summary><value>This job requires a class "C" operator's driver's license. The applicant selected must provide a current three year driving record from the current state of…</value></summary><salary>$46,000 - $57,000 a year</salary></item>
<item><company_name><value>University of Texas at Austin</value></company_name><location>Austin, TX</location><job_role>Administrative Assistant</job_role><job_link>https://www.simplyhired.com/job/aFF02cOZzVEU3U7760bAcmCUILj4GX0L9FlUOzdYDno-iUDaQge0sw?q=</job_link><summary><value>The University of Texas at Austin, as an equal opportunity/affirmative action employer , complies with all applicable federal and state laws regarding…</value></summary><salary>$31,000 - $40,000 a year</salary></item>
<item><company_name><value>Dept of Family &amp; Protectve Svc</value></company_name><location>Austin, TX</location><job_role>CPS Special Investigator</job_role><job_link>https://www.simplyhired.com/job/vaouT12U6290aP7FYNDfUH9iE-DaeidapXW_U8OBwul6kOcTh8PRFQ?q=</job_link><summary><value>TCLOE Advance or Master Peace Officer License or equivalent from an out of state law enforcement agency or the United States Military.</value></summary><salary>$4,700 - $5,400 a month</salary></item>
<item><company_name><value>Faneuil, Inc.</value></company_name><location>Austin, TX</location><job_role>Mail Clerk - H2</job_role><job_link>https://www.simplyhired.com/job/75oCRmbPAMdgkMU_GxG33ePvN1UkusXxSNcf94COa0Kb31ymGWZgQA?q=</job_link><summary><value>The Mailroom Specialist will process incoming mail, either in paper or electronic form, within client service level requirements.</value></summary><salary>$16 an hour</salary></item>
<item><company_name><value>University of Texas at Austin</value></company_name><location>Austin, TX</location><job_role>Operations Coordinator</job_role><job_link>https://www.simplyhired.com/job/2o7OM9tFW3-A9o9fxyVYqjn52Pq_Nyg54SHRYgkUVAvhqJFPKpHonQ?q=</job_link><summary><value>This job requires a class "C" operator's driver's license. Masters degree in marketing, business OR in social work, public health, psychology, or other social…</value></summary><salary>$45,000 - $58,000 a year</salary></item>
<item><company_name><value>Tesla</value></company_name><location>Austin, TX</location><job_role>Mechanical Inspector</job_role><job_link>https://www.simplyhired.com/job/Cs4PfeLlHeH0doWMWsUcgrmA5w9i4IX4p_rJEzYJ25P6zMx8EIKEsw?q=</job_link><summary><value>This includes applying principles, techniques, reading blueprints, utilizing models and understanding best practices on design and installation of equipment.</value></summary><salary>$41,000 - $53,000 a year</salary></item>
<item><company_name><value>Central Market</value></company_name><location>Austin, TX</location><job_role>CM Westgate *Location* Overnight Grocery Stocker - FULL TIME</job_role><job_link>https://www.simplyhired.com/job/6F2baEX9ViHezrxEHQ1rItsLvyZFcH9_OMg0Cw__FI23JbG49wDwcg?q=</job_link><summary><value>Exposed to moving mechanical parts; Keeps Department clean and well organized (includes back room and shelves, etc.). Executes proper recovery of department.</value></summary><salary>$15 an hour</salary></item>
<item><company_name><value>Travis County</value></company_name><location>Austin, TX</location><job_role>Ballot By Mail Hand-Delivery Clerk</job_role><job_link>https://www.simplyhired.com/job/p6SxSx3gbB7HFM4ZXI124pYwc00CptQcQfBKYLOSSEe53i--Bge_iQ?q=</job_link><summary><value>Hand-Delivery Clerks will assist voters returning their ballots by mail at one of four locations of the Travis County Clerk – 3 in the downtown Austin area and…</value></summary><salary>$14 an hour</salary></item>
<item><company_name><value>University of Texas at Austin</value></company_name><location>Austin, TX</location><job_role>Administrative Assistant (Salary)</job_role><job_link>https://www.simplyhired.com/job/fgPtyet2hmJ7HWjHGHa_srNESiUpdgaWD1xH4dwXw0lc4CHsEXOXmQ?q=</job_link><summary><value>Closely supervise the team of 10 student front desk workers to ensure all UWC visitors are served. Review application materials and help conduct interviews when…</value></summary><salary>$27,000 - $37,000 a year</salary></item>
<item><company_name><value>St. David's Medical Center</value></company_name><location>Austin, TX</location><job_role>Warehouse Associate</job_role><job_link>https://www.simplyhired.com/job/5TqVZ9fN-ulfNLW1PyDqAfo3OqfGcc3Y8ikNzXPXmwPrqi3BeRBPPQ?q=</job_link><summary><value>We will provide you the tools and resources you need to succeed in our organization. 100% matching 401k based on years of service. Come be a part of the change!</value></summary><salary>$26,000 - $33,000 a year</salary></item>
<item><company_name><value>City of Austin</value></company_name><location>Austin, TX</location><job_role>Temporary Animal Care Worker (Part-Time Position)</job_role><job_link>https://www.simplyhired.com/job/lp2Ltice72kuto5VfUxU5CiFNtie5YP_v2E39ZimZBar9iogG8Qiug?q=</job_link><summary><value>The Austin Animal Services Center is seeking someone who will share our commitment to deliver exceptional service and care to our guests on a daily basis while…</value></summary><salary>$15 an hour</salary></item>
<item><company_name><value>HEB</value></company_name><location>Austin, TX</location><job_role>CM Westgate *Location* Overnight Grocery Stocker - FULL TIME</job_role><job_link>https://www.simplyhired.com/job/wFCBkX6XoqsQaHwOpb88GEyFHq2jZOjt0zNVn9lE-c3eusXMYIqiLw?q=</job_link><summary><value>Overnight Grocery Stocker - FULL TIME. H-E-B Job Title CM Overnight Stocker. Schedule Full-time Requested Availability (if applicable) Overnight availability…</value></summary><salary>$15 an hour</salary></item>
<item><company_name><value>Solalita</value></company_name><location>Austin, TX</location><job_role>Data Entry Assistant</job_role><job_link>https://www.simplyhired.com/job/wX43mx3f-kjWowiB19-ybarosmzGAX2Ptv7A3LEmKwnL6ZmoE3rlrA?q=</job_link><summary><value>The Data Entry Assistant is going to be accountable for ensuring that timely and quality results are produced. Enter data received from customers accurately.</value></summary><salary>$22,000 - $31,000 a year</salary></item>
<item><company_name><value>Tesla</value></company_name><location>Austin, TX</location><job_role>START Instructor, Manufacturing-Austin, TX</job_role><job_link>https://www.simplyhired.com/job/ZoiusBXaTJCSj7XqnQfdfMzsOoEzzGbqKXg-rV5V6ezn_izC5WLI7A?q=</job_link><summary><value>The Tesla START Instructor position requires someone with an exceptional ability to assess needs, develop &amp; deliver learning solutions for a wide range of…</value></summary><salary>$42,000 - $59,000 a year</salary></item>
<item><company_name><value>Whole Foods Market</value></company_name><location>Austin, TX</location><job_role>In-Store Shopper – Part Time Seasonal – Twilight and Early Bird Shifts!!!</job_role><job_link>https://www.simplyhired.com/job/_MKSvl1H9Z7kNpzoq9tEXFm_lOKw0dgEH9_yrarjwyZxkIaTvgr9XA?q=</job_link><summary><value>Ability to use tools and equipment, including box cutters, electric pallet jacks, and other heavy machinery. Standing/walking for duration of shift.</value></summary><salary>$15 an hour</salary></item>
<item><company_name><value>ABL Management</value></company_name><location>Austin, TX</location><job_role>Customer Communications Assistant - Entry Level</job_role><job_link>https://www.simplyhired.com/job/aLtcG92Vzp2wEZ6wnuvUoKdQ3mREq0D2mn2EzKzOVYhz9qjddNSysQ?q=</job_link><summary><value>Our culture is conducive to career advancement for individuals who set ambitious goals and utilize the training tools we provide on a daily basis.</value></summary><salary>$37,000 - $55,000 a year</salary></item>
<item><company_name><value>City of Austin</value></company_name><location>Austin, TX</location><job_role>Temporary - Animal Service Customer Care Representative - Pet Resource Center</job_role><job_link>https://www.simplyhired.com/job/3LpEadgZJ4vW3WotP12eKPyMuDdr2RWfiQOslpjiTtYE1lgvuMXkWQ?q=</job_link><summary><value>Graduation from an accredited high school or equivalent, plus one (1) year of experience in a field related to customer service. If you are selected for hire:</value></summary><salary>$15 an hour</salary></item>
<item><company_name><value>Dept of Family &amp; Protectve Svc</value></company_name><location>Austin, TX</location><job_role>Statewide Intake Worker</job_role><job_link>https://www.simplyhired.com/job/elNb7HzXp83TVXc7GbhL7yzKu92plRCT0GtplKa4Mz1VvvC0yuqjxg?q=</job_link><summary><value>In addition to answering calls, the position. An accredited Bachelor's degree OR accredited Associate's degree plus two (2) years of relevant work experience OR…</value></summary><salary>$3,200 - $4,300 a month</salary></item>
<item><company_name><value>HEB</value></company_name><location>Austin, TX</location><job_role>Austin 08 Grocery - Overnight Stocker - Part-Time</job_role><job_link>https://www.simplyhired.com/job/7ZQ9fpJnFIgkoad6bWLD3Torv9gIj_60q6aXcVCS1fHt6sSrzREhBA?q=</job_link><summary><value>Austin 08 Grocery - Overnight Stocker - Part-Time. H-E-B Job Title Night Stocker. Schedule Part-time Requested Availability (if applicable) OVERNIGHT 8PM,- 8AM…</value></summary><salary>$15 an hour</salary></item>
<item><company_name><value>Dept of State Health Services</value></company_name><location>Austin, TX</location><job_role>Government Affairs Aide</job_role><job_link>https://www.simplyhired.com/job/bA7M4QSWxYcU4htAQTMYGexLfj_kEG_bB7PkBHXqbjwQCgVoKNWfWg?q=</job_link><summary><value>Graduation from an accredited four-year college or university with major coursework in policy, government, public relations, communications, or a related field.</value></summary><salary>$4,000 - $5,200 a month</salary></item>
<item><company_name><value>The Fund for Public Interest</value></company_name><location>Austin, TX</location><job_role>Nonprofit Environmental Campaign Citizen Outreach</job_role><job_link>https://www.simplyhired.com/job/Ct3a2LhI65P9fp3z5_3Z6ToyHpaL0s8HEZwgNhDQ91r7OVoVhFOMlA?q=</job_link><summary><value>Our canvassers have gathered more than 20 million petition signatures, and we’ve raised more than $500 million to help these groups win their campaigns.</value></summary><salary>$39,000 - $52,000 a year</salary></item>
<item><company_name><value>HEB</value></company_name><location>Austin, TX</location><job_role>Austin 23 eStores - In Store Shopper - Part-Time</job_role><job_link>https://www.simplyhired.com/job/071Te5QXkbZooPD0HKbpDIgVeylK29wqKGxqK_2ctF-p0kdsmuYDaw?q=</job_link><summary><value>Austin 23 eStores - In Store Shopper - Part-Time. H-E-B Job Title Cust Serv Rep-In Store Shopper. Schedule Part-time Requested Availability (if applicable) 9AM…</value></summary><salary>$14 an hour</salary></item>
<item><company_name><value>SafeAuto</value></company_name><location>Austin, TX</location><job_role>Auto Claims Adjuster - Work From Home</job_role><job_link>https://www.simplyhired.com/job/CW1l8CXleu23vxWUd7V4awRJaBa3zDlDt-dVXTW0Z7hvuls8_sH7rw?q=</job_link><summary><value>Calls, emails, or writes insured customers or others involved for information. As our business continues to grow, our need to increase and develop our claims…</value></summary><salary>$44,000 - $62,000 a year</salary></item>
<item><company_name><value>Central Market</value></company_name><location>Austin, TX</location><job_role>Part-Time Overnight Stocker (Tuesday/Thursday)</job_role><job_link>https://www.simplyhired.com/job/r0Oklii5upNFoSxp3GDKaaeswWzcyEL79kcsGq4Irc-MGPEJAYNScg?q=</job_link><summary><value>Exposed to moving mechanical parts; Keeps Department clean and well organized (includes back room and shelves, etc.). Executes proper recovery of department.</value></summary><salary>$15 an hour</salary></item>
<item><company_name><value>Travis County</value></company_name><location>Del Valle, TX</location><job_role>Records Analyst Associate</job_role><job_link>https://www.simplyhired.com/job/fB3_1ijI0faAMNWOZ0PvnZ5lfim0GsC64fXFLdJZByqmszbOkcc04w?q=</job_link><summary><value>Bachelor's degree in Records Management, Public Administration, Business Administration, Library and Information Sciences or a directly related field AND one (1…</value></summary><salary>$40,000 - $50,000 a year</salary></item>
<item><company_name><value>University of Texas at Austin</value></company_name><location>Austin, TX</location><job_role>Research Associate</job_role><job_link>https://www.simplyhired.com/job/lAbO7jbIoSJwy_-VkGNwj7gW2Q0t_E0bHJ0WedpOLo2WtGQbYYyqXA?q=</job_link><summary><value>PhD or 2 years post Master’s Degree in Data Science, Computer Science, Statistics, or other related research field with a strong background in machine learning…</value></summary><salary>$57,000 - $76,000 a year</salary></item>
<item><company_name><value>City of Austin</value></company_name><location>Austin, TX</location><job_role>Client Relationship Coordinator (Utility Compliance)</job_role><job_link>https://www.simplyhired.com/job/c84kK7M1wnMffUtEDJrVHZ3q0m7zty05XcdMzSd5Eh4_vzDnvWYY3g?q=</job_link><summary><value>Graduation with a Bachelor’s degree from an accredited college or university with major coursework in a field related to the job, plus five (5) years of related…</value></summary><salary>$26 - $34 an hour</salary></item>
<item><company_name><value>University of Texas at Austin</value></company_name><location>Austin, TX</location><job_role>HIV Planner - HIV/STD DSHS Grant</job_role><job_link>https://www.simplyhired.com/job/kbGK-whifkfotxlHna-6ai-ah-z5Zp8U4tAqSYRNApW7jPwN-Sl1gw?q=</job_link><summary><value>The HIV Planner, in coordination with the UT-Austin Health Innovation and Evaluation Team and the Texas Department of State Health Services (DSHS) HIV Care…</value></summary><salary>$57,000 - $75,000 a year</salary></item>
<item><company_name><value>Nintendo of America Inc.</value></company_name><location>Austin, TX</location><job_role>Concept Artist (Retro Studios)</job_role><job_link>https://www.simplyhired.com/job/Vb5_ixFMf5V4GSfSEeFIiQ4-qmc88EJCI7GfLYg40w8rrjcSrXxriw?q=</job_link><summary><value>Create technical and aesthetic breakdowns of concept art to support art, design and engineering efforts. Take ownership of concept work for various characters,…</value></summary><salary>$82,000 - $120,000 a year</salary></item>
<item><company_name><value>FAIRMONT</value></company_name><location>Austin, TX</location><job_role>Talent &amp; Culture Generalist</job_role><job_link>https://www.simplyhired.com/job/VzNAQPMxyoHXQTjmtzhzrdQAnoYYiUo68CPDdgD-_IMGa9kwadMG-w?q=</job_link><summary><value>By joining Accor, every chapter of your story is yours to write and together we can imagine tomorrow's hospitality. Previous experience in hospitality an asset.</value></summary><salary>$37,000 - $48,000 a year</salary></item>
<item><company_name><value>VMware</value></company_name><location>Austin, TX</location><job_role>Incident Response Specialist- Opportunity for Working Remotely Austin, TX</job_role><job_link>https://www.simplyhired.com/job/WmeXPNIcLYWMci1DucCAEiIYR_IcQ33b-FclzevEDcd_0FXX89EsvQ?q=</job_link><summary><value>All employment decisions at VMware are based on business needs, job requirements and individual qualifications, without regard to race, color, religion or…</value></summary><salary>$67,000 - $94,000 a year</salary></item>
<item><company_name><value>Cedar Park Regional Medical Center</value></company_name><location>Austin, TX</location><job_role>Front Desk Receptionist</job_role><job_link>https://www.simplyhired.com/job/salXmXfioU6HNIQSWh-6HL9jBuMklxrfLspgGTZMcrka78ia8Cci_w?q=</job_link><summary><value>We are seeking an experienced Front Desk Receptionist to join our team at our Avery Ranch clinic! Minimum of two (2) years of Front Desk Receptionist experience…</value></summary><salary>$22,000 - $29,000 a year</salary></item>
<item><company_name><value>HEB</value></company_name><location>Austin, TX</location><job_role>Austin 23 Dairy - Overnight Stocker - Part-Time</job_role><job_link>https://www.simplyhired.com/job/CQfUkBnrATtIMdrEz23gLlPY5XQUatNmBQ7R-UDRIUO7YF7YfJEN_w?q=</job_link><summary><value>Austin 23 Dairy - Overnight Stocker - Part-Time. H-E-B Job Title Night Stocker. Schedule Part-time Requested Availability (if applicable) 10P-7AM;</value></summary><salary>$15 an hour</salary></item>
<item><company_name><value>HEB</value></company_name><location>West Lake Hills, TX</location><job_role>Austin 29 - In Store Shopper - Curbside</job_role><job_link>https://www.simplyhired.com/job/7pWCLthdci03DJtoIalaPSV_TzJQCgSuFIwCH-0IyTAU0RtCvrn2qQ?q=</job_link><summary><value>Austin 29 - In Store Shopper - Curbside. H-E-B Job Title Cust Serv Rep-In Store Shopper. Schedule Part-time Requested Availability (if applicable) 4:30A-9P…</value></summary><salary>$14 an hour</salary></item>
<item><company_name><value>TEXAS DEPARTMENT OF PUBLIC SAFETY</value></company_name><location>Austin, TX</location><job_role>DPS - LES - Report Verification Clerk</job_role><job_link>https://www.simplyhired.com/job/rmn4pVIWNButZuT0ZBfaSzDmnVyOTJrveQqOXigD9w-Tnazs0zLtkg?q=</job_link><summary><value>Licensure and/or Certification – If driving is required, must possess a valid driver license from state of residence. TEXAS DEPARTMENT OF PUBLIC SAFETY.</value></summary><salary>$2,600 - $3,900 a month</salary></item>
<item><company_name><value>Texas Department of Transportation</value></company_name><location>Austin, TX</location><job_role>Toll Operations Specialist I</job_role><job_link>https://www.simplyhired.com/job/FzVPXNEqMB1qV1sGhNa1-eFuYaDAh6ua98QP6IoZM12nIf_b_9VPpQ?q=</job_link><summary><value>Bachelor's Degree in Business Administration or related field. Assists with toll program planning, analysis, design and development of solutions/methods for…</value></summary><salary>$42,000 - $56,000 a year</salary></item>
<item><company_name><value>Health &amp; Human Services Comm</value></company_name><location>Austin, TX</location><job_role>Data Entry Specialist</job_role><job_link>https://www.simplyhired.com/job/XMBm0xz5qZQ3oza58v0v7KQVK-I9B8186IDR-CpKZleAAF5a0UwbIA?q=</job_link><summary><value>(10%) Communicates on a basic level with others (internally or externally) to provide, exchange, or verify information, answer inquiries, address issue, or…</value></summary><salary>$2,000 - $2,900 a month</salary></item>
<item><company_name><value>Employees Retirement System of Texas</value></company_name><location>Austin, TX</location><job_role>Benefits Educator</job_role><job_link>https://www.simplyhired.com/job/WbrfxIffo9NjKQH5-o8AYYww8W7GwgFGjY2ymmDqWQ7dDdIFKv4h0A?q=</job_link><summary><value>Texas driver’s license and good driving record is required. Graduation from an accredited four-year college or university with major course work in public…</value></summary><salary>$4,600 a month</salary></item>
<item><company_name><value>Tesla</value></company_name><location>Austin, TX</location><job_role>Associate Manager, Solar Roof - Austin, TX</job_role><job_link>https://www.simplyhired.com/job/14OZhn5fpTLhmg-BSrtNQ2zhJsLxe6HSSph2svnWOnzYid1Hc71vxA?q=</job_link><summary><value>Coordinate the most cost-effective field installation process, construction methods and materials for all installation projects.</value></summary><salary>$42,000 - $58,000 a year</salary></item>
<item><company_name><value>Texas State University</value></company_name><location>Round Rock, TX</location><job_role>Administrative Asst II</job_role><job_link>https://www.simplyhired.com/job/YpBFHn0lUAoDe2UDFZFVtjikZGdFa76X31DhDANezJHHoNFlqGGPyQ?q=</job_link><summary><value>Provides RRC Front Desk operations and assists with RRC events. Serve as participant on RRC Front Desk operations. Serve as assistant to the Advising Team.</value></summary><salary>$1,000 - $1,300 a week</salary></item>
<item><company_name><value>Dept of State Health Services</value></company_name><location>Austin, TX</location><job_role>Sanitarian I</job_role><job_link>https://www.simplyhired.com/job/q_RcUq9Vze_xGHr2xIhGM89sGv0y9oxSXVnd5q3LwTByn6sznGcJQg?q=</job_link><summary><value>Applicants will have their driving records checked through Department of Public Safety and applicant must have a valid Class C Texas driver’s license or…</value></summary><salary>$3,100 - $4,900 a month</salary></item>
<item><company_name><value>QVC</value></company_name><location>Austin, TX</location><job_role>Austin Part Time Work At Home Customer Order Specialist</job_role><job_link>https://www.simplyhired.com/job/eJtEWSLkklb_uNlQTML9A6dSo353TNtA2DKwbam63obf8U4v4_AfyA?q=</job_link><summary><value>Field inbound calls from our customers with potential for extended periods of high volume. Worldwide, QVC engages shoppers on 14 broadcast networks reaching…</value></summary><salary>$12 an hour</salary></item>
<item><company_name><value>Bumble App</value></company_name><location>Austin, TX</location><job_role>Help Desk Technician</job_role><job_link>https://www.simplyhired.com/job/eOwVTPUP_xdXvMBT91o1xhWM36DNIzXSNfHyeHYL518E3qz6UyHy2g?q=</job_link><summary><value>Maintain essential IT operations, including Mac and OS operating systems, Cisco video conference systems, applications, telephone systems, password resets,…</value></summary><salary>$40,000 - $54,000 a year</salary></item>
<item><company_name><value>Dept of Family &amp; Protectve Svc</value></company_name><location>Austin, TX</location><job_role>Administrative Assistant</job_role><job_link>https://www.simplyhired.com/job/NfN67NL5ZuxtgZ0gxzLHwY5m5SPAGQg4PVzPHnn9nllzFScKrsOfLg?q=</job_link><summary><value>Answers and screens telephone inquiries; Factors such as education and experience may be considered when establishing the starting salary for employees coming…</value></summary><salary>$2,000 - $2,900 a month</salary></item>
<item><company_name><value>HEB</value></company_name><location>Austin, TX</location><job_role>Part Time Overnight Bakery Packaging</job_role><job_link>https://www.simplyhired.com/job/c9gfIaDaeGjFg2qkj5SHXR8NUluri5LINrDJVwXYDc6jYiEOeFRKZQ?q=</job_link><summary><value>Part Time Overnight Bakery Packaging. H-E-B Job Title Production Rep. Schedule Part-time Requested Availability (if applicable) Including weekends and holidays.</value></summary><salary>$14 an hour</salary></item>
<item><company_name><value>Imperfect Foods</value></company_name><location>Austin, TX</location><job_role>Warehouse Loadout Associate</job_role><job_link>https://www.simplyhired.com/job/SGCXTmEjQPLn02epUDBF6utlJjbBMIwk27GesXEHrIq5uyzFS7LX4w?q=</job_link><summary><value>Social Security Administration (SSA) and, if necessary, the U.S. We deliver them conveniently to our customers’ doorsteps and pride ourselves on offering up to…</value></summary><salary>$15 an hour</salary></item>
<item><company_name><value>Dept of State Health Services</value></company_name><location>Austin, TX</location><job_role>COVID-19 Data Analyst</job_role><job_link>https://www.simplyhired.com/job/E6r4kdwbDmCijyyPhseArEM-IzQ1dISmCcgSfiNJwiyNEXLUXjrC1g?q=</job_link><summary><value>Interprets results to identify significant data trends and prepare technical reports. Participates in the overall team goals and activities and provides…</value></summary><salary>$4,300 - $5,700 a month</salary></item>
<item><company_name><value>University of Texas at Austin</value></company_name><location>Austin, TX</location><job_role>Administrative Manager - Office of the President</job_role><job_link>https://www.simplyhired.com/job/RF6DxAIYii1eJ-q1w4tK91-MwnMQDnImNYxkSR9oQBXeE9Ig25VXPw?q=</job_link><summary><value>The University of Texas at Austin, as an equal opportunity/affirmative action employer , complies with all applicable federal and state laws regarding…</value></summary><salary>$44,000 - $60,000 a year</salary></item>
<item><company_name><value>Dept of Family &amp; Protectve Svc</value></company_name><location>Austin, TX</location><job_role>CPS Alt Response Spec Trainee</job_role><job_link>https://www.simplyhired.com/job/drNozB0GTB-gp8ksBHWMoOgAivqBLp8SHGMimvjnEhM2hEYc0wF1TA?q=</job_link><summary><value>Applicants for positions must have a reliable motor vehicle and acceptable driving record for the past five years, and a current, valid Texas driver's license…</value></summary><salary>$3,800 - $4,300 a month</salary></item>
<item><company_name><value>IQVIA</value></company_name><location>Austin, TX</location><job_role>Entry Level Sales Representative - Austin, TX - 2478629</job_role><job_link>https://www.simplyhired.com/job/UpqgHj_rgTDAlMtMZUYvjzAI6dxEa0LNSesrZndk_-psat_z4zvuaw?q=</job_link><summary><value>Have a valid driver’s license and be insurable. We are excited to announce that in partnership with L’Oreal/CeraVeSkincare we are looking for Sales…</value></summary><salary>$67,000 - $92,000 a year</salary></item>
<item><company_name><value>Tesla</value></company_name><location>Austin, TX</location><job_role>Service Manager - Austin, TX (Pond Springs)</job_role><job_link>https://www.simplyhired.com/job/Jn_xQpo1SXUHNrJ4gtO1k-fWuFIehxUodHYthe708wGvrzXc6p5f7w?q=</job_link><summary><value>Strong and proven experience leading field, technical repair or manufacturing teams in a fast-paced, technology-driven environment with strong customer facing…</value></summary><salary>$71,000 - $92,000 a year</salary></item>
<item><company_name><value>Lululemon</value></company_name><location>Austin, TX</location><job_role>Educator</job_role><job_link>https://www.simplyhired.com/job/mMVNr3cmDlsPNu7VarXAco9rWensfdiuPXL_vBkUUW7JgOdslFfs0A?q=</job_link><summary><value>You share exemplary product knowledge in every guest interaction, through education on special features, benefits, fabric properties, usage and care…</value></summary><salary>$30,000 - $43,000 a year</salary></item>
<item><company_name><value>IBM</value></company_name><location>Austin, TX</location><job_role>Application Tester</job_role><job_link>https://www.simplyhired.com/job/AdJWhX6Ek3R_Z7G_SFSFhG9Y6vTnpO-PX97apo9q9hG8urgQIJNyfQ?q=</job_link><summary><value>The Technical Support Delivery team is looking for an entry level B2B Integration Tester to join our high-performing application development team.</value></summary><salary>$79,000 - $110,000 a year</salary></item>
<item><company_name><value>LSO</value></company_name><location>Austin, TX</location><job_role>AUS Pre-Load Sorter - PT</job_role><job_link>https://www.simplyhired.com/job/Aw4812px9-98tS5gEtV6Uo_1quWNFch9q3bo1_F8QlUO0XNjjL2Jqg?q=</job_link><summary><value>We’re a bunch of fun, hard-working folks who live to offer excellent service to our customers and support each other. Tuesday-Saturday 2:30 am - 9:00 am.</value></summary><salary>$13 an hour</salary></item>
<item><company_name><value>Dept of Family &amp; Protectve Svc</value></company_name><location>Austin, TX</location><job_role>Investigator IV</job_role><job_link>https://www.simplyhired.com/job/Fu7mt1xrrHDkjvfZqaCp-377Eopzh0KYL6zgLjpkpZ_ZlbHUcP9Zhg?q=</job_link><summary><value>An accredited Bachelor's degree, Associate degree OR accredited college credit hours with course work in criminal justice or a related investigative or human…</value></summary><salary>$3,300 - $5,400 a month</salary></item>
<item><company_name><value>Tesla</value></company_name><location>Austin, TX</location><job_role>Associate Architectural Designer, Gigafactory</job_role><job_link>https://www.simplyhired.com/job/DpTODE7Jd2lxSnebn1pAPSchcfhSQ9KWZnh0Mf4BVG4SVF3ntgfnnw?q=</job_link><summary><value>Develop process improvements / workflows / templates to increase design productivity and quality of deliverables. Bachelors or Master’s Degree in Architecture.</value></summary><salary>$58,000 - $79,000 a year</salary></item>
<item><company_name><value>Louisiana Crab shack</value></company_name><location>Austin, TX</location><job_role>Full Time Server</job_role><job_link>https://www.simplyhired.com/job/eXGYBg1Ov1MlGW9aB1zxYKYM6fDHv-Q1pMlI9buEnLqCXGo-orKM-Q?q=</job_link><summary><value>Using a digital cash register. High stress tolerance -- thrives in a high-pressure environment. Preparing bill and processing payment.</value></summary><salary>$500 a week</salary></item>
<item><company_name><value>Health &amp; Human Services Comm</value></company_name><location>Austin, TX</location><job_role>Investigator IV</job_role><job_link>https://www.simplyhired.com/job/PIRqfLhUZjmxyev8dglJlLnipovb5br8RfZwOlv49b2MW-gOKc-M-A?q=</job_link><summary><value>Applicants for this position must have a reliable motor vehicle, and a current, valid Texas driver's license appropriate for the vehicle and passenger or cargo…</value></summary><salary>$3,300 - $5,400 a month</salary></item>
<item><company_name><value>Health &amp; Human Services Comm</value></company_name><location>Austin, TX</location><job_role>Compliance Reviewer</job_role><job_link>https://www.simplyhired.com/job/-900mTPHkRUXBJsUhnhqoXwCAB-JzNduEeupDX1NeXjfvmoCtxW3GQ?q=</job_link><summary><value>Work involves planning, development, and administration of internal quality assurance practices and assesses compliance with state and federal regulations,…</value></summary><salary>$4,000 - $6,600 a month</salary></item>
<item><company_name><value>STATE OFFICE OF RISK MANAGEMENT</value></company_name><location>Austin, TX</location><job_role>Adjuster I (21-0014)</job_role><job_link>https://www.simplyhired.com/job/qTdcUITRtf6e8PIY-gyPailODp03FyFTqFOq0b0W6kI4WiCXyXsHAQ?q=</job_link><summary><value>Ability to obtain and maintain an adjuster’s license. Responds to calls and queries from internal and external customers. STATE OFFICE OF RISK MANAGEMENT.</value></summary><salary>$3,200 a month</salary></item>
<item><company_name><value>Zinda Law Group</value></company_name><location>Austin, TX</location><job_role>Remote Paralegal</job_role><job_link>https://www.simplyhired.com/job/S12tLVN_kOf2TEN4SNKxyVNxdRCmbtslWqZKG16GmIHbO3haxzc9Jg?q=</job_link><summary><value>All interviews will be conducted via video calls. Our own in-house certifications and trainings will help you succeed no matter your level of experience.</value></summary><salary>$41,000 - $60,000 a year</salary></item>
<item><company_name><value>SWC Group</value></company_name><location>Austin, TX</location><job_role>Remote Contact Tracers - Austin, TX - $13.00/hr.</job_role><job_link>https://www.simplyhired.com/job/JT4XEhxA80cES9THwPYGjU7tsGTc7FBCM5WhPXXcnqZuuhvWzLgERw?q=</job_link><summary><value>Your own Telephone- cell phone or landline. Your own Windows-based PC computer with internet speed internet &gt;15mpbs. Call contacts of newly diagnosed patients.</value></summary><salary>$13 an hour</salary></item>
<item><company_name><value>The City of Cedar Park</value></company_name><location>Cedar Park, TX</location><job_role>EMERGENCY DISPATCHER</job_role><job_link>https://www.simplyhired.com/job/vZ185-PPBfxS23qeSdJBqvOXIviLPip6ijte5hbKUhPA6532gNN1bg?q=</job_link><summary><value>Evaluates calls and dispatches appropriate field responders for emergency and non-emergency calls; Telecommunications Operator Certification from the Texas…</value></summary><salary>$20 - $24 an hour</salary></item>
<item><company_name><value>Quantech Services</value></company_name><location>Austin, TX</location><job_role>Administrative Associate</job_role><job_link>https://www.simplyhired.com/job/Sn4O0I-xpkWVq5n68tCUJMawNbmXTQEBmiZh0ABMBt6MoROQ7ECY0Q?q=</job_link><summary><value>Leads the staff that prepares cost estimates and implements and uses tools to review and track new and ongoing projects, proposals, and addenda.</value></summary><salary>$41,000 - $60,000 a year</salary></item>
<item><company_name><value>TEXAS VETERANS COMMISSION</value></company_name><location>Austin, TX</location><job_role>TVC Veterans Career Advisor</job_role><job_link>https://www.simplyhired.com/job/pBH5nSVDWh8aJbNNHZY5hjIDiv59F8q-On-V4nC2jugqCTUwc5KVFg?q=</job_link><summary><value>A valid Texas Driver’s License is required. Associates degree from an accredited college or university with major course work in social work/social sciences or…</value></summary><salary>$3,500 a month</salary></item>
<item><company_name><value>IBM</value></company_name><location>Austin, TX</location><job_role>X-Force Red Penetration Tester Intern: 2021</job_role><job_link>https://www.simplyhired.com/job/osvg5kJDQ72ZQpHSdbpYrCSIUJ3YwvbAvminvWNjPsexq8beg43JEg?q=</job_link><summary><value>Qualified candidates must be enrolled in an accredited institution pursuing a Bachelor’s degree in a Security related field and able to spend the summer of 2021…</value></summary><salary>$85,000 - $120,000 a year</salary></item>
<item><company_name><value>University of Texas at Austin</value></company_name><location>Austin, TX</location><job_role>Diversity Counseling &amp; Outreach Specialist for International Students (LPC)</job_role><job_link>https://www.simplyhired.com/job/XKNpfcE4sF--5n8jpahRyIYprvAznCEihyGH4tMvdon5vsB4qqNWfA?q=</job_link><summary><value>Licensed as a Professional Counselor, LPC, in the State of Texas or able to obtain licensure within one year. Masters degree in Counseling, Clinical Psychology,…</value></summary><salary>$44,000 - $64,000 a year</salary></item>
<item><company_name><value>VTG</value></company_name><location>Austin, TX</location><job_role>Executive Assistant</job_role><job_link>https://www.simplyhired.com/job/WWHBI3poiXSWjpR93f8QbtXUxbpsEeKbCpYJCCzYqNjk1fzTnBiMPg?q=</job_link><summary><value>Tracing our earliest roots to 1866, VTG has built a 150-year legacy of combining innovative technologies, deep domain knowledge, and advanced engineering and…</value></summary><salary>$43,000 - $60,000 a year</salary></item>
<item><company_name><value>Texas Department of Criminal Justice</value></company_name><location>Austin, TX</location><job_role>EXECUTIVE ASSISTANT II - Assistant to Parole Division Director</job_role><job_link>https://www.simplyhired.com/job/-6M5Ucakc1X9BVehmjYgKt0fzuwXAnP4G1AVQ8lwH0qWCnDuBRIk7Q?q=</job_link><summary><value>Applicants are requested to fax both their State of Texas Application for Employment, the applicable supplement and documentation of typing speed.</value></summary><salary>$3,700 a month</salary></item>
<item><company_name><value>Travis County</value></company_name><location>Austin, TX</location><job_role>Juvenile Probation Officer Assistant (Court Services)</job_role><job_link>https://www.simplyhired.com/job/HS_4GvBT90Z44CCxV__27piFtA6IHV0HVk-lDYwxarcU5Um5peSZmQ?q=</job_link><summary><value>Associate's degree in Criminal Justice, Social or Behavioral Sciences or a directly related field AND one (1) year experience in social services, criminal…</value></summary><salary>$32,000 - $40,000 a year</salary></item>
<item><company_name><value>Central Market</value></company_name><location>Austin, TX</location><job_role>Part Time Overnight Bakery Packaging</job_role><job_link>https://www.simplyhired.com/job/VzF3v6ttS9UX4UMuF2kIYD_Yd5KxXd2oFV8n0J6jF-wzUfl8ENnoAw?q=</job_link><summary><value>Provides customer service as required such as answering questions, taking orders on the phone. Preps, wraps, prices, sells, and stocks products continuously.</value></summary><salary>$14 an hour</salary></item>
<item><company_name><value>Texas Department of Agriculture</value></company_name><location>Austin, TX</location><job_role>Procedure Development Specialist</job_role><job_link>https://www.simplyhired.com/job/ZvxciFwQezgDbeyxCkm0hz1IA3AGdUr1Bpcp8H1peWyUoUgACvUjeg?q=</job_link><summary><value>Work under minimal supervision with extensive latitude for the use of initiative and independent judgment. Perform highly advanced technical writing work for…</value></summary><salary>$4,600 - $5,100 a month</salary></item>
<item><company_name><value>Texas Legislative Council</value></company_name><location>Austin, TX</location><job_role>Data Center Operator I</job_role><job_link>https://www.simplyhired.com/job/tsBlGQ6Qp-p0GDWAs0QgXhdDzcGUxxCLDccrhIC4CoOFGOCHG0g-BQ?q=</job_link><summary><value>Center systems or a related IT field is necessary. TO APPLY To be considered, an applicant must submit a completed State of Texas. For all IS I&amp;O staff.</value></summary><salary>$2,800 a month</salary></item>
<item><company_name><value>University of Texas at Austin</value></company_name><location>Austin, TX</location><job_role>Gallery Assistant</job_role><job_link>https://www.simplyhired.com/job/NE1IhWfop1aCP2k5hV3bvYn63SnPnbe2Ae6w_2FoFcXffPI-6vQnrg?q=</job_link><summary><value>The University of Texas at Austin, as an equal opportunity/affirmative action employer , complies with all applicable federal and state laws regarding…</value></summary><salary>$25,000 - $36,000 a year</salary></item>
<item><company_name><value>BTS</value></company_name><location>Austin, TX</location><job_role>Education Consultant (Spark Partner)</job_role><job_link>https://www.simplyhired.com/job/SMr4yFcD_0KKKWUKBwjPbQZFpOu3wUWHw8z0VAfU4DBQYU_qCb9ZtA?q=</job_link><summary><value>What you´ll do at BTS · Build relationships with school districts in your home state and neighboring states to understand how they aim to support school leaders…</value></summary><salary>$90,000 - $120,000 a year</salary></item>
<item><company_name><value>Vista Equity Partners Management</value></company_name><location>Austin, TX</location><job_role>Executive Assistant</job_role><job_link>https://www.simplyhired.com/job/U2il5hFFEE2lQcnP9RIskONU6FTvo2qv0Hn5bbEoKvuSPn2xad0Ilw?q=</job_link><summary><value>The Executive Assistant maintains and protects highly confidential corporate information, is the first point of contact in person and on calls for executives…</value></summary><salary>$51,000 - $68,000 a year</salary></item>
<item><company_name><value>Tesla</value></company_name><location>Austin, TX</location><job_role>Material Planning Manager</job_role><job_link>https://www.simplyhired.com/job/0UrlBYUG6wnY17u8YIAIriLDwyXuGEsKHcSIafASu90WNMWxXZ1TvA?q=</job_link><summary><value>Bachelors or Masters in a quantitative field. Collaborate with other departments such as logistics, purchasing, engineering, manufacturing, service, and demand…</value></summary><salary>$84,000 - $120,000 a year</salary></item>
<item><company_name><value>Tesla</value></company_name><location>Austin, TX</location><job_role>Installer</job_role><job_link>https://www.simplyhired.com/job/A4Lav8uzZfGFe6HvkqFVWlP61v0hxpra9dZHO4jQ52OowVA9NTzA2w?q=</job_link><summary><value>Ability to safely handle power tools, hand tools as well as materials such as ladders, inverters, solar panels, panel boards, batteries and other similar…</value></summary><salary>$33,000 - $43,000 a year</salary></item>
<item><company_name><value>Restoration Hardware</value></company_name><location>Austin, TX</location><job_role>Gallery Curating Associate</job_role><job_link>https://www.simplyhired.com/job/UdAG7SgphIUK-SaDGiRauxuOjBfn_dLROWAxBnsmQj-wyDT8q-LOYw?q=</job_link><summary><value>People who see the answer in every problem, versus those who see the problem in every answer. They will work with team members to educate and develop curating…</value></summary><salary>$40,000 - $56,000 a year</salary></item>
<item><company_name><value>City of Austin</value></company_name><location>Austin, TX</location><job_role>Austin Water Treatment Operations &amp; Maintenance Technician Associate</job_role><job_link>https://www.simplyhired.com/job/SnirdJh4HYdeUf1nidkmBJHpZ6s4AHlaaW0G2ZiNsnxPpACH1-qiTQ?q=</job_link><summary><value>Must obtain the appropriate TCEQ Class C Water/Wastewater, Water Distribution or Class II Wastewater Collection System License before Class D License expires.</value></summary><salary>$17 - $22 an hour</salary></item>
<item><company_name><value>Harte Hanks</value></company_name><location>Austin, TX</location><job_role>Work at Home Quality Assur Specialist</job_role><job_link>https://www.simplyhired.com/job/HDdwgmg5oLXNS_T6evKbebtw2eKyaqXLl-6qhAtZ7LxP_veoYFiI1w?q=</job_link><summary><value>Able to take Escalation Calls if a Supervisor is unavailable, listen and grade Licensed Sales Calls, provide feedback to Management on what is working and not…</value></summary><salary>$47,000 - $67,000 a year</salary></item>
<item><company_name><value>D.R. Horton Inc.</value></company_name><location>Austin, TX</location><job_role>Administrative Assistant-MTG</job_role><job_link>https://www.simplyhired.com/job/ffrqH-O05O-i-NFpai5eMVh4fpZuQLQMG7y1M87wj8Qk9i0AcqJIcQ?q=</job_link><summary><value>May be responsible for reception and telephone duties. The right candidate will provide general clerical assistance to various Executives or Department Heads.</value></summary><salary>$34,000 - $46,000 a year</salary></item>
<item><company_name><value>City of Austin</value></company_name><location>Austin, TX</location><job_role>Homeless Strategy Officer</job_role><job_link>https://www.simplyhired.com/job/9jsbJcDNaQdt6cUulJOF1osSFy5o1lYrmpdlNTHi0FDhxpAcxlIwmA?q=</job_link><summary><value>Graduation with a Bachelor’s degree from an accredited college or university with major coursework in human services, public administration, business, or…</value></summary><salary>$73,000 - $97,000 a year</salary></item>
<item><company_name><value>Texas Department of Insurance</value></company_name><location>Austin, TX</location><job_role>Accident Prevention Services Safety Inspector</job_role><job_link>https://www.simplyhired.com/job/LZrD-fPKJ-NXf6rpeh3FlGkxjLLc7eT63AkRgUo7FpWhcrx-lMh2MQ?q=</job_link><summary><value> a Bachelor’s degree in a field relative to assignment including occupational safety or health, accounting, or public administration;</value></summary><salary>$4,200 a month</salary></item>
<item><company_name><value>Anheuser-Busch</value></company_name><location>Austin, TX</location><job_role>Craft/Import Beer Sales Manager</job_role><job_link>https://www.simplyhired.com/job/hVtBREMT8tR9JS4Wh2oGDoAfwuWQALst7nlRUg98birg4JpZV4xRFw?q=</job_link><summary><value>Bachelor’s Degree in Sales, Management, or related field. In addition, this position will be accountable for managing an assigned geographic region through the…</value></summary><salary>$60,000 - $86,000 a year</salary></item>
<item><company_name><value>Faneuil, Inc.</value></company_name><location>Austin, TX</location><job_role>Web Chat CUSTOMER SERVICE-H2</job_role><job_link>https://www.simplyhired.com/job/40ejfdDppl-7qRMUsAztjrNbAOBkgz0QafopWQqXdnUnbP2orzvVBQ?q=</job_link><summary><value>Creates sustainable value for customers via live web chat and as needed will assist with calls, email, and correspondence. High school diploma or equivalent.</value></summary><salary>$17 an hour</salary></item>
<item><company_name><value>Tesla</value></company_name><location>Austin, TX</location><job_role>Construction Superintendent - Gigafactory Texas</job_role><job_link>https://www.simplyhired.com/job/LUq3abUMqyGZwmxI0f0q8kJAX8-zebWBRrPb0Zy8-WIFtxBsERZJXQ?q=</job_link><summary><value>You will work primarily in the field managing trades and subcontractors and will be asked to work cross-functionally, interfacing with base build, construction…</value></summary><salary>$92,000 - $120,000 a year</salary></item>
<item><company_name><value>Nerd Power</value></company_name><location>Austin, TX</location><job_role>Solar Assessor</job_role><job_link>https://www.simplyhired.com/job/veD9edRmbLoSRO8-flOLySy2xEDEoQcNRXXgf5hNKp1VYKLNBtenPw?q=</job_link><summary><value>We're interested in speaking with you if you're looking for a change. Stop Working To Make Someone Else Rich. Are You Being Paid What You Are Worth?</value></summary><salary>$600 - $1,000 a week</salary></item>
<item><company_name><value>Texas Historical Commission</value></company_name><location>Austin, TX</location><job_role>Educator/Interpreter</job_role><job_link>https://www.simplyhired.com/job/niLsmiUR7XWEv16BwviaLkxLCz01hAI_p0nV6ttiaFaAPfwd5O145g?q=</job_link><summary><value>Valid driver’s license, acceptable driving record and ability to drive a state vehicle; Must have or obtain a valid Driver’s License and Defensive Driving…</value></summary><salary>$3,300 - $3,500 a month</salary></item>
<item><company_name><value>Ryan Companies US, Inc.</value></company_name><location>Austin, TX</location><job_role>Real Estate Analyst</job_role><job_link>https://www.simplyhired.com/job/qHodSTcLeJpkKpATGli8SkwL2oJajx_BFc23OBLhtZCSADj-ZyVHhA?q=</job_link><summary><value>Utilize multiple industry tools and data sources to conduct market research on all aspects of senior living, including demographic and market statistics,…</value></summary><salary>$69,000 - $87,000 a year</salary></item>
<item><company_name><value>Facebook</value></company_name><location>Austin, TX</location><job_role>Business Integrity Associate</job_role><job_link>https://www.simplyhired.com/job/U1Q7OWaHWpeotRkZX90YBt1ovVFtkndwkXjSj6NTJbOuyBe58Kd79g?q=</job_link><summary><value>Our team works together to anticipate and predict potential threats to our platform, design and build tools to protect against these threats, and then implement…</value></summary><salary>$69,000 - $93,000 a year</salary></item>
<item><company_name><value>University of Texas at Austin</value></company_name><location>Austin, TX</location><job_role>Latinx Outreach Specialist</job_role><job_link>https://www.simplyhired.com/job/Kw4eMazkjZ5BwNxc02pDs-qXa4JVKKY06s-vQQpkGW3FQeDBLDURKQ?q=</job_link><summary><value>Master’s degree in marketing, communications, or a related field. The University of Texas at Austin, as an equal opportunity/affirmative action employer ,…</value></summary><salary>$40 - $75 an hour</salary></item>
<item><company_name><value>Applied Materials Inc.</value></company_name><location>Austin, TX</location><job_role>HPC Administrator - L3</job_role><job_link>https://www.simplyhired.com/job/KPmOc5dqUuGJS0egqYKnOmWw8VBT3Jp7uxU-iOC6lRB9BX9cOJsF9Q?q=</job_link><summary><value>Demonstrates depth and/or breadth of expertise in own specialized discipline or field. Ability to design, promote, and implement change control and…</value></summary><salary>$85,000 - $110,000 a year</salary></item>
<item><company_name><value>Restoration Hardware</value></company_name><location>Austin, TX</location><job_role>Design Consultant</job_role><job_link>https://www.simplyhired.com/job/lot211t_BASsLLEntG5dDCr_FkgLvvl4Ac8vkzaf_bOhVGfgrHIvtg?q=</job_link><summary><value>People who see the answer in every problem, versus those who see the problem in every answer. Qualify and educate potential design clientele on services offered…</value></summary><salary>$51,000 - $76,000 a year</salary></item>
<item><company_name><value>Austin Sunshine Camps</value></company_name><location>Austin, TX</location><job_role>Operations and Office Assistant</job_role><job_link>https://www.simplyhired.com/job/b0HX0oLicICN7oI9eVdWqj4pgxEbujfq77aA3LvQ_LieOO9U2km1RQ?q=</job_link><summary><value>Possession of a valid driver’s license. Assist with answering the phones and distributing general mailbox voicemails. Well as all vehicles and equipment.</value></summary><salary>$12 - $15 an hour</salary></item>
<item><company_name><value>St Edwards University</value></company_name><location>Austin, TX</location><job_role>On-Call Police Telecommunications Operator</job_role><job_link>https://www.simplyhired.com/job/t5M_hyetd3G2tuJuQU_wIndl7xjDVW6AOgZv6EPuPbWiAM0MGIQubg?q=</job_link><summary><value>All Telecommunication Operators are responsible for keeping their license active as outlined in TCOLE regulations and to alert the University about any changes…</value></summary><salary>$20 an hour</salary></item>
<item><company_name><value>Pearson</value></company_name><location>Austin, TX</location><job_role>Manager of Clubs and Activities</job_role><job_link>https://www.simplyhired.com/job/ItadTv9dGiDYOJDpiYSM0bwly2UEIX6_jDLMl8BnoMy2kRAQYofWvQ?q=</job_link><summary><value>Valid teaching credential (any state). Minimum of 5 years teaching experience or in a related field (virtual teaching experience preferred).</value></summary><salary>$54,000 - $76,000 a year</salary></item>
<item><company_name><value>Accenture</value></company_name><location>Austin, TX</location><job_role>Content Review New Associate - Risk</job_role><job_link>https://www.simplyhired.com/job/X6AmRJWjM_gWQH29Tx--amrXHiOAhLoL4oVmM0mkhhPSkx9ARr-l2A?q=</job_link><summary><value>As a Payments Agent, you will assist achieving team goals by answering questions for users with payment related queries. Relocation assistance is not provided.</value></summary><salary>$39,000 - $51,000 a year</salary></item>
<item><company_name><value>FedEx Ground PH US</value></company_name><location>Austin, TX</location><job_role>Package Handler- Warehouse</job_role><job_link>https://www.simplyhired.com/job/Iz3521Z0CRouj-PpCHCuZ83pZoGQoJ55-7NEEbBJII-rc1P8y-rCWg?q=</job_link><summary><value>FedEx Ground is an essential business that needs people to help us support the economy, handling life-saving medications and other items that keep our…</value></summary><salary>$22,000 - $33,000 a year</salary></item>
<item><company_name><value>Menlo Technologies</value></company_name><location>Austin, TX</location><job_role>Music Content Specialist - Austin, Texas</job_role><job_link>https://www.simplyhired.com/job/DJejwybwuNcmNcM0K1U71B7E3ydOP0nVHfbLeBswW4mMHnQ6PsFPTg?q=</job_link><summary><value>Bachelor’s degree and experience working with music, metadata, and/or content management preferred. Involved in the position will be the managing, aggregating,…</value></summary><salary>$40,000 - $53,000 a year</salary></item>
<item><company_name><value>Texas Arts Project</value></company_name><location>Austin, TX</location><job_role>Office Assistant</job_role><job_link>https://www.simplyhired.com/job/iKpelZtcN8BEpc8yKgKMKez0M23oy51vkEyDSbA3ghNNRRgaCyIRnw?q=</job_link><summary><value>Take notes during staff and camper meetings; Assist Camp Directors with all administrative duties.</value></summary><salary>$23,000 - $32,000 a year</salary></item>
<item><company_name><value>Truluck's</value></company_name><location>Austin, TX</location><job_role>Busser/Server Assistant</job_role><job_link>https://www.simplyhired.com/job/aKQFg5AeOqZyFna9S7yNAiFnbgoV6Uvfi4NO0BOMcQ3w4iUPUvEWDA?q=</job_link><summary><value>Candidates must have a minimum of three (3) years of previous hospitality experience, and a proven track record of professionalism, accountability, and team…</value></summary><salary>$25,000 - $70,000 a year</salary></item>
<item><company_name><value>Faneuil, Inc.</value></company_name><location>Austin, TX</location><job_role>Image Review SUPERVISOR-H2</job_role><job_link>https://www.simplyhired.com/job/cCtQ9SS0ZjGfzycSWySdyS1bGXIroD6tFlmm7VJuDgXWOVjWNF5gjw?q=</job_link><summary><value>Ensures compliance with state and federal laws rules and guidelines, and TxDOT policies and procedures. Ability to manage and develop employees in a multi-task…</value></summary><salary>$20 an hour</salary></item>
<item><company_name><value>Jo-Ann Fabric and Craft Stores</value></company_name><location>Austin, TX</location><job_role>Early morning Freight/Stocking Team Member</job_role><job_link>https://www.simplyhired.com/job/d8DtOpLVgHFxbEOEvtlltob_ovRKYeSonyrcm-B-DItcazE2kItT7w?q=</job_link><summary><value>Use 2-way radios (hear incoming messages and provide verbal response). May occasionally cut fabric for customers or process customer transactions at the cash…</value></summary><salary>$24,000 - $30,000 a year</salary></item>
<item><company_name><value>Tramex Travel</value></company_name><location>Austin, TX</location><job_role>Corporate Travel Advisor</job_role><job_link>https://www.simplyhired.com/job/nlivfA94oOEmRfVH-f93KARoOcGKEbxyaDMwkiiXQDLT-zH7zOx8UQ?q=</job_link><summary><value>MUST be willing to relocate to Austin at your own expense. Professional demeanor at all times. Exceptional customer service traits in handling VIP/Executive…</value></summary><salary>$32,000 - $47,000 a year</salary></item>
<item><company_name><value>St. David's Medical Center</value></company_name><location>Austin, TX</location><job_role>Health Information Manager in Trainee</job_role><job_link>https://www.simplyhired.com/job/MJwFqiSOI9dG2rPfNutMspkfX7_-D2WdDWyei63Dvve-3YP0BZGEeA?q=</job_link><summary><value>Complete field training assignments rotating between a hospital, practice and SSC setting. During your time in the HIM Manager in Training Program, you will…</value></summary><salary>$50,000 - $69,000 a year</salary></item>
<item><company_name><value>United Surgical Partners International Inc (USPI)</value></company_name><location>Austin, TX</location><job_role>Admitting Receptionist</job_role><job_link>https://www.simplyhired.com/job/RrIzbOyjeu0odn6Ls7jzmqetcimhaFapp6dkgaX6pKDFsXHeN6Hmxg?q=</job_link><summary><value>High school graduate, at least five years of previous experience as a receptionist or medical assistant in a clinic or hospital setting.</value></summary><salary>$26,000 - $34,000 a year</salary></item>
<item><company_name><value>University of Texas at Austin</value></company_name><location>Austin, TX</location><job_role>Temporary Administrative Assistants UTEMPS</job_role><job_link>https://www.simplyhired.com/job/4hvlj3clfPJTU_cEwra2_R0pfbPMiq5Poa3c90MCRed3LumdulyDbQ?q=</job_link><summary><value>Performs check-in duties for appointments, such as greet visitors, check IDs, provide instructions on completing paperwork and direction for visitors.</value></summary><salary>$25,000 - $33,000 a year</salary></item>
<item><company_name><value>Accenture</value></company_name><location>Austin, TX</location><job_role>Content Reviewer New Associate</job_role><job_link>https://www.simplyhired.com/job/tzgoNKCPacn-4lEdjLk8Vr7YpECKS1a9eloQjmnMUG1Pv8-JYL0ifw?q=</job_link><summary><value>All employment decisions shall be made without regard to age, race, creed, color, religion, sex, national origin, ancestry, disability status, veteran status,…</value></summary><salary>$31,000 - $40,000 a year</salary></item>
<item><company_name><value>TEXAS HIGHER EDUCATION COORDINATING BOARD</value></company_name><location>Austin, TX</location><job_role>THECB - Project Coordinator, Virtual Advising</job_role><job_link>https://www.simplyhired.com/job/e5udG-xeLk4cC5ZwmXgeyibJwE4d4pfe5cRfTUWs0tP818EKu-XlFQ?q=</job_link><summary><value>A master’s degree in a closely related field may be substituted for one year of the required full-time work experience. Yes, 10 % of the Time.</value></summary><salary>$4,400 - $5,400 a month</salary></item>
<item><company_name><value>Health &amp; Human Services Comm</value></company_name><location>Austin, TX</location><job_role>Manager V</job_role><job_link>https://www.simplyhired.com/job/09AnDGKPt-iUUbumQLEnGKQw6k-kJRgOjIFfdKg0OJ1PqKUnot-N_g?q=</job_link><summary><value>Ability to work cooperatively as a member of the statewide Survey Operations Management Team to plan, organize, implement and evaluate a complex and diverse…</value></summary><salary>$5,800 - $9,800 a month</salary></item>
<item><company_name><value>Austin Diagnostic Clinic</value></company_name><location>Austin, TX</location><job_role>Call Center Agent</job_role><job_link>https://www.simplyhired.com/job/eEveoO8pcJZvZkln5eE0YAF-qio7v8sK-bTCbq54gtHyL4CANn_EVw?q=</job_link><summary><value>You will manage all front office functions including patient relations, check-in/check-out, scheduling, insurance verification, and answering phones.</value></summary><salary>$36,000 - $49,000 a year</salary></item>
<item><company_name><value>Corel</value></company_name><location>Austin, TX</location><job_role>IT Helpdesk Specialist</job_role><job_link>https://www.simplyhired.com/job/L2hIddlTSEt8uioD70Fc-SbzzzTmjV-Iqe5Q9lC1VlHL0JRwuhrUzw?q=</job_link><summary><value>We are looking for team players who are motivated by technical challenges, eager to exercise excellent problem-solving skills, and enthusiastic about…</value></summary><salary>$45,000 - $58,000 a year</salary></item>
<item><company_name><value>Dept of State Health Services</value></company_name><location>Austin, TX</location><job_role>COVID-19 Policy Analyst</job_role><job_link>https://www.simplyhired.com/job/hGNeux9tawaijomOCefz0bye3eim4B5dgat0C2U6IMsyz2gKx4RPKQ?q=</job_link><summary><value>(30%) Reviews, monitors, and researches COVID-19 state and federal laws, policy, regulation, and legislation to assess the impact to state health services,…</value></summary><salary>$5,300 - $6,900 a month</salary></item>
<item><company_name><value>Thornton Tomasetti.</value></company_name><location>Austin, TX</location><job_role>Associate - Forensics</job_role><job_link>https://www.simplyhired.com/job/NTbWE6Wuz5jT_AVAm4em2NuwAzsm9qOkiIO4PhCRhQqoNa4PiXmPzw?q=</job_link><summary><value>The work includes cause and origin analysis, scope of damage analysis, feasibility analysis, insurance pre-loss risk and post-loss claims analysis, building…</value></summary><salary>$81,000 - $100,000 a year</salary></item>
<item><company_name><value>Whole Foods Market</value></company_name><location>Austin, TX</location><job_role>Warehouse Order Selector (Cold Environment)</job_role><job_link>https://www.simplyhired.com/job/xADbFfMkypsUH1PSht9YmU99C_C1dX5HOE5Vq_pVWdlwFGrBpKfY8w?q=</job_link><summary><value>Comply with all applicable state health and safety codes. Maintain a positive company image by providing courteous, friendly, and efficient customer service.</value></summary><salary>$24,000 - $31,000 a year</salary></item>
<item><company_name><value>GSD&amp;M</value></company_name><location>Austin, TX</location><job_role>Social Strategist</job_role><job_link>https://www.simplyhired.com/job/HjXeF-gTkCH3brKZ6B-tkzChq3gocMk8u6rXXOMnl0WUSRZeGoJmRQ?q=</job_link><summary><value>Social Strategist is a very dynamic role and must be proficient in the fundamentals of social media including strategy, content, influencer marketing, community…</value></summary><salary>$64,000 - $88,000 a year</salary></item>
<item><company_name><value>Gold's Gym</value></company_name><location>Austin, TX</location><job_role>Front Desk Team Member</job_role><job_link>https://www.simplyhired.com/job/KJ-OqUs0aMRmyjGjxxmXNscjv1lDktp6UHTkJR5NWusit-1P1N2f7A?q=</job_link><summary><value>The Front Desk Team Member will greet and direct members, guests and staff as they enter the gym and provide control of the front door location.</value></summary><salary>$18,000 - $23,000 a year</salary></item>
<item><company_name><value>Faneuil, Inc.</value></company_name><location>Austin, TX</location><job_role>VE Court Liaison-TXDOT</job_role><job_link>https://www.simplyhired.com/job/NwjF2C9OHjp8PG57oV6Tkbesr9xvIDidHRi_8Atb5K_XXipOxQttGA?q=</job_link><summary><value>Assist supervisor in ensuring the team performs well while maintaining compliance with all regulatory and legal requirements in driving enforcement of…</value></summary><salary>$22 an hour</salary></item>
<item><company_name><value>Valor Public Schools</value></company_name><location>Austin, TX</location><job_role>Receptionist</job_role><job_link>https://www.simplyhired.com/job/OPTj13ThHDqeuMhdo3FgRqwKLBtp9wxz6p89As7NNklh1tD_bkfAWw?q=</job_link><summary><value>This includes greeting and checking in guests, answering all incoming phone calls, fielding requests from staff, assisting with daily student attendance,…</value></summary><salary>$18,000 - $25,000 a year</salary></item>
<item><company_name><value>Central South Carpenters Regional Council</value></company_name><location>Austin, TX</location><job_role>Cleanroom Carpenters</job_role><job_link>https://www.simplyhired.com/job/ffxMQJr1kv21zTerVSlITdQg7HF5LqgyY-jJSanFisjrfWiEAJ10ag?q=</job_link><summary><value>$23.79 plus $8.37 in benefits. We are looking for experienced cleanroom carpenters/installers for work in the Austin area.</value></summary><salary>$24 an hour</salary></item>
<item><company_name><value>NightHawk Services LLC</value></company_name><location>Austin, TX</location><job_role>Material Handler</job_role><job_link>https://www.simplyhired.com/job/wKBTEryrDkTsoI63CAEWl-Xu6Aw0guOQJK4F5HjknH_UIvaVHSCkpw?q=</job_link><summary><value>Responsible for verifying and filling out shipping paperwork in accordance with all state and federal regulations. Report all incidents and accidents.</value></summary><salary>$13 - $17 an hour</salary></item>
<item><company_name><value>Faneuil, Inc.</value></company_name><location>Austin, TX</location><job_role>Transponder Clerk - H2</job_role><job_link>https://www.simplyhired.com/job/lgvrnxmep1gqKGIz-4od-Rxvsy6z3udJ4phFbRcL_ZomQCXW-RxKRQ?q=</job_link><summary><value>Makes outbound calls to follow up on customer issues as well as information gathering on TxDOT matters. Data Entry skills (35 wpm).</value></summary><salary>$16 an hour</salary></item>
<item><company_name><value>University of Texas at Austin</value></company_name><location>Austin, TX</location><job_role>Coordinator</job_role><job_link>https://www.simplyhired.com/job/399i-Dx_u8FCbZIAGJntr24bl11P-KOe7j3aRI4HF6PK7xIvKQ5lZg?q=</job_link><summary><value>Bachelor's degree, teaching certification, and ten years of combined experience in K-12 classroom teaching, campus or district level program administration, and…</value></summary><salary>$60,000 - $83,000 a year</salary></item>
<item><company_name><value>Easy Pay Direct</value></company_name><location>Austin, TX</location><job_role>NEW CLIENT SPECIALIST</job_role><job_link>https://www.simplyhired.com/job/2dXOLDD2eBq44vX4WoOBamzrAnXugnu1zh9UKxDLg-edQnDb42uvlg?q=</job_link><summary><value>Answer questions from onboarding Merchants or defer to CPS. Embrace both inbound and outbound calling. Located in the heart of Austin Texas, just steps away…</value></summary><salary>$55,000 a year</salary></item>
<item><company_name><value>Pearson</value></company_name><location>Austin, TX</location><job_role>Teaching Operations Consultant</job_role><job_link>https://www.simplyhired.com/job/bvYEY24irvmTYBzVTdjnaOOK5IdIwL0lMcsoCZSIzmr_EHblu_0rvA?q=</job_link><summary><value>From bringing lectures vividly to life to turning textbooks into laptop lessons, we are always reexamining the way people learn best, whether it’s one child in…</value></summary><salary>$53,000 - $71,000 a year</salary></item>
<item><company_name><value>United Surgical Partners International Inc (USPI)</value></company_name><location>Austin, TX</location><job_role>Front Desk Receptionist</job_role><job_link>https://www.simplyhired.com/job/e99CjkxZDh0jXCWMcCexZ87RMM1DMGRnncMu2qJxRvXO_h3tGI2EOQ?q=</job_link><summary><value>One year previous experience or some hospital clerical experience or medical terminology preferred. Forty-five (45) wpm typing skills required.</value></summary><salary>$25,000 - $33,000 a year</salary></item>
<item><company_name><value>Walden Security</value></company_name><location>Austin, TX</location><job_role>Court Security Officer</job_role><job_link>https://www.simplyhired.com/job/VLsYDEZ4xDEX41rxgbc-CD9kt4ivbEogfGY8Bui-eJNVoMeKe_zLOA?q=</job_link><summary><value>Must have a valid driver's license from state of residency and a safe driving record for the past five years; Responsible for providing security presence in the…</value></summary><salary>$35,000 - $44,000 a year</salary></item>
<item><company_name><value>BazaarVoice</value></company_name><location>Austin, TX</location><job_role>Authenticity Agent (Remote)</job_role><job_link>https://www.simplyhired.com/job/L6DIUArQddFb8HoGMpeG5O2Et68Wp4VUrm1G5a84QVyTkd91YyZs9A?q=</job_link><summary><value>Agents will follow specific procedures, possibly including internet research, to determine whether or not the content should be rejected.</value></summary><salary>$31,000 - $43,000 a year</salary></item>
<item><company_name><value>Brafton</value></company_name><location>Austin, TX</location><job_role>Social Media Strategist - Remote</job_role><job_link>https://www.simplyhired.com/job/GBZaiwNMt1nPXXJdA1IkuyWXdMaa-Z040fTH3JxfwQBzyrhxGgZUTA?q=</job_link><summary><value>Creating and executing daily engagement social media strategies on existing premium clients and delivering reporting This includes but is not limited to…</value></summary><salary>$42,000 - $60,000 a year</salary></item>
<item><company_name><value>Pye-Barker Fire &amp; Safety</value></company_name><location>Austin, TX</location><job_role>Administrative Assistant</job_role><job_link>https://www.simplyhired.com/job/cn5wAO9__oJOK6Znsp1he5aUYqiWbTCSg35yCgU4MMLksavrPhC4OA?q=</job_link><summary><value>Ability to perform data entry and retrieval accurately. PBFS Austin is hiring a full-time office administrator to assist with clerical and customer service…</value></summary><salary>$24,000 - $35,000 a year</salary></item>
<item><company_name><value>Orchard</value></company_name><location>Austin, TX</location><job_role>Listing Coordinator</job_role><job_link>https://www.simplyhired.com/job/rtaBf-sy6YLMWXDobULr91h4lvAIy80IZC3p648XPakCR52E0t2-og?q=</job_link><summary><value>Work with our in-market Field Operations team to ensure all our homes are ready to be listed and presentable for showings so potential buyers can experience and…</value></summary><salary>$37,000 - $54,000 a year</salary></item>
<item><company_name><value>Employees Retirement System of Texas</value></company_name><location>Austin, TX</location><job_role>Program Specialist</job_role><job_link>https://www.simplyhired.com/job/ku-dUwvDEj2STLGTlyaUKRkgpDdIe3Zjkejws6jSM4wIyJbxJNBgow?q=</job_link><summary><value>These programs are an investment in the state workforce, funded by participating members and the state. Monitor and track contractor invoices to ensure accurate…</value></summary><salary>$3,300 - $4,000 a month</salary></item>
<item><company_name><value>YETI Coolers</value></company_name><location>Austin, TX</location><job_role>Intellectual Property Paralegal</job_role><job_link>https://www.simplyhired.com/job/Cl5jPKR7IgX9MmPG2yk2KfDC4-2aWNpTPdFeX8rPpG9e4EywvBUD9g?q=</job_link><summary><value>Declarations, assignments, Apostille certification, powers of attorney). Support all stages of the patent lifecycle, including identification, filing,…</value></summary><salary>$60,000 - $77,000 a year</salary></item>
<item><company_name><value>Unique Cleaning</value></company_name><location>Austin, TX</location><job_role>Janitor</job_role><job_link>https://www.simplyhired.com/job/mtKHvcEp46WshaUKU1CUd-gKY2yWNxOQAgsNBD8hfKkH8_0_Ujvdlg?q=</job_link><summary><value>Is in search of a Clinical Housekeeper to serve one of our clients in Allentown, PA. The successful candidate will maintain buildings in clean and orderly…</value></summary><salary>$13 an hour</salary></item>
<item><company_name><value>Tokyo Electron America, Inc.</value></company_name><location>Austin, TX</location><job_role>Computational Fluid Dynamics Intern (Summer 2021)</job_role><job_link>https://www.simplyhired.com/job/hm55bFJHVxCzfzVZsqbVDeGK8yAeyQE0YyQHZ58Sadd0aZLvT0k0Gw?q=</job_link><summary><value>Or PhD degree preferred) in engineering, physics, chemistry, or equivalent field. Iterative analysis with engineering team will allow for steady improvement of…</value></summary><salary>$35,000 - $51,000 a year</salary></item>
<item><company_name><value>TELUS International</value></company_name><location>Austin, TX</location><job_role>Austin Tx.</job_role><job_link>https://www.simplyhired.com/job/5NqNuesjGky8__rY-sw3fJEak3ga7yg-Aru1hCx-ScGdc1VhS2nXqw?q=</job_link><summary><value>2 years in the customer support field or relevant experience. This is an opportunity to join a team that will focus on disability technical support for various…</value></summary><salary>$30,000 - $39,000 a year</salary></item>
<item><company_name><value>AbbVie</value></company_name><location>Austin, TX</location><job_role>Product Surveillance Rep III</job_role><job_link>https://www.simplyhired.com/job/s20e_S8zho1KRflAfvnJzdM-hCnKuNznCgABKTDFtzizWvm3iO0MGw?q=</job_link><summary><value>You will identify potential problems, assist in audits, and monitor incoming queue call flow. Bachelor’s degree from accredited college or university required…</value></summary><salary>$42,000 - $61,000 a year</salary></item>
<item><company_name><value>Boss Fight Entertainment</value></company_name><location>Austin, TX</location><job_role>Concept Artist - Austin</job_role><job_link>https://www.simplyhired.com/job/Phsah-KGoXERKySbqEN9iejNMi7M5KBED7YtQGGAW4upkO5ngBxUbw?q=</job_link><summary><value>Experience as a vector artist in graphic design or user interface design. Ability to develop within game design constraints and turn those restraints into…</value></summary><salary>$55,000 - $71,000 a year</salary></item>
<item><company_name><value>Wunderman Thompson</value></company_name><location>Austin, TX</location><job_role>Junior Copywriter</job_role><job_link>https://www.simplyhired.com/job/2neVWxLfplRhJzPnqG3J5ZTy3hhw_0NbHQp6yT_GMXCE8yvsLYAbHQ?q=</job_link><summary><value>For more information, please visit our website and follow Wunderman Thompson on our social channels: Collaborate | Actively works with Copywriters in developing…</value></summary><salary>$31,000 - $45,000 a year</salary></item>
<item><company_name><value>D.R. Horton Inc.</value></company_name><location>Austin, TX</location><job_role>Administrative Assistant</job_role><job_link>https://www.simplyhired.com/job/7HEjtQ34In1I62a64nmqyPkbl82BNchW33vFeq7PuLL-2Koy1mZvPQ?q=</job_link><summary><value>The right candidate will perform basic administrative functions, such as answering phones, maintaining correspondence with both vendors and other departments,…</value></summary><salary>$31,000 - $41,000 a year</salary></item>
<item><company_name><value>Staffing At Tiffanies</value></company_name><location>Austin, TX</location><job_role>Live Out Professional Housekeeper Austin, Texas</job_role><job_link>https://www.simplyhired.com/job/qBG3Mhry7BNnE2q5QsDeuDL7Xl9ymjVIzunVlxmlzo0PTAX2uXCbNw?q=</job_link><summary><value>They must have the ability to maintain discretion and confidentiality and can easily develop and maintain solid relationships with family and other team members…</value></summary><salary>$70,000 - $73,000 a year</salary></item>
<item><company_name><value>Texas Physical Therapy Specialists</value></company_name><location>Austin, TX</location><job_role>Front Desk Medical Receptionist</job_role><job_link>https://www.simplyhired.com/job/B-aVA6R8HTe9yjapBf3PflwwtSEFDf7Z3NgT-gvpEW2QBJvzIOA5oQ?q=</job_link><summary><value>Skill in answering a telephone in a pleasant and helpful manner. This is not your typical receptionist position - we are looking for someone who is able to…</value></summary><salary>$14 - $17 an hour</salary></item>
<item><company_name><value>Capital Asset Exchange and Trading</value></company_name><location>Austin, TX</location><job_role>Capital Asset Trader, Asia Desk (Asia Hours)</job_role><job_link>https://www.simplyhired.com/job/Fk9d46iBdwq_2i7PTcfHz8BSvPJkXJuKXKeQT_JxdmG-ChAH9ox2eA?q=</job_link><summary><value>Conduct comparable asset analysis and pricing analysis. Working within a specialized team, you will leverage CAE’s proprietary data-set, technology, and deep…</value></summary><salary>$92,000 - $130,000 a year</salary></item>
<item><company_name><value>HEB</value></company_name><location>Austin, TX</location><job_role>Austin 21 CFT - Cross Functional Rep - Part-Time</job_role><job_link>https://www.simplyhired.com/job/yoQmBZTQZROJvov1TCKRKLQE9rwyPEfwZfWk2lRbTTLW6o0YviqguA?q=</job_link><summary><value>Austin 21 CFT - Cross Functional Rep - Part-Time. H-E-B Job Title Cross Functional Rep. Schedule Part-time Requested Availability (if applicable) 2 @ 5A-3P, 2 @…</value></summary><salary>$14 an hour</salary></item>
<item><company_name><value>HC Brands</value></company_name><location>Austin, TX</location><job_role>Operations Team</job_role><job_link>https://www.simplyhired.com/job/YQjnFyzqZ1fJVF8Aeyc6GKDdNoIXcIpfphzbwOzmIyncmOYLFRznYg?q=</job_link><summary><value>Every team member can submit creative ideas that has an impact on the business. You will see from the photos that we believe in making work as fun as it can be.</value></summary><salary>$36,000 - $53,000 a year</salary></item>
<item><company_name><value>Colonial National Mortgage</value></company_name><location>Austin, TX</location><job_role>Loan Origination Assistant</job_role><job_link>https://www.simplyhired.com/job/i2JFZ_QUGWFJTjg0TPZ4XRZO2q1fY0ZMn3BVkEFI-PFplYgN16st3w?q=</job_link><summary><value>Communicate with customers, providing them guidance and answering questions. Perform daily office support functions to allow loan officers to pursue additional…</value></summary><salary>$48,000 - $67,000 a year</salary></item>
<item><company_name><value>DSV</value></company_name><location>Austin, TX</location><job_role>Customs Entry Writer</job_role><job_link>https://www.simplyhired.com/job/e3zU2YAXup6cd0gkcuq-Cu-sQVr0OzR9a6TIzoN9GQ8jR_YxVykkRA?q=</job_link><summary><value>License Customs Broker (preferred but not required). Classify entry per client SOP, Parts Database, and/or direction from licensed customs broker/classification…</value></summary><salary>$40,000 - $51,000 a year</salary></item>
<item><company_name><value>Critter Control Operations, Inc.</value></company_name><location>Austin, TX</location><job_role>Wildlife Service Technician</job_role><job_link>https://www.simplyhired.com/job/GlWr2L8zt9LPfUIsnt_lbaeAeFti4klGu3VUPQzqeOqvp0N1KxDjtw?q=</job_link><summary><value>The contractor will not discharge or in any other manner discriminate against employees or applicants because they have inquired about, discussed, or disclosed…</value></summary><salary>$30,000 - $39,000 a year</salary></item>
<item><company_name><value>People's Community Clinic</value></company_name><location>Austin, TX</location><job_role>HIV Health Educator</job_role><job_link>https://www.simplyhired.com/job/L_yLstufC-PsRwnzblTVgHFKF4w7vJIkWmUpzc8fjfLLZMR9GIII2Q?q=</job_link><summary><value>Experience working in the field of HIV care and/or prevention including navigating PrEP access. Provide information about medical services, referrals, and…</value></summary><salary>$31,000 - $40,000 a year</salary></item>
<item><company_name><value>City of Austin</value></company_name><location>Austin, TX</location><job_role>Temporary - Community Engagement Specialist</job_role><job_link>https://www.simplyhired.com/job/ME1Ei2qIM1mVHJMDM5u1ycfRCM_Zlz3I2Gw_n8GhOtl8JOBnB9WZQA?q=</job_link><summary><value>Masters Degree from an accredited college or university with major coursework in Public Relations, Public Administration, Communications, Conflict Resolution,…</value></summary><salary>$28 an hour</salary></item>
<item><company_name><value>TikTok</value></company_name><location>Austin, TX</location><job_role>Creative Strategist, Art Director, Creative Lab</job_role><job_link>https://www.simplyhired.com/job/g21Rs7JuFbFVWjNAz6V7hFT3sc75gA2DsnL25iqafIbGPMLR7Xt5dQ?q=</job_link><summary><value>Develop creative deliverables, including but not limited to - digital, social and brand presentations. Partner with small and medium businesses, brands and…</value></summary><salary>$69,000 - $95,000 a year</salary></item>
<item><company_name><value>City of Austin</value></company_name><location>Austin, TX</location><job_role>Benefits Consultant</job_role><job_link>https://www.simplyhired.com/job/up-ED-LdFlvMLNENiJH1uEv4guxkeQradXAlfDkzNtYsk8qhLoIjhQ?q=</job_link><summary><value>Graduation with a Bachelor’s degree from an accredited college or university with major course work in a related field, plus four (4) years of benefits…</value></summary><salary>$30 - $38 an hour</salary></item>
<item><company_name><value>Aba - Lettuce Entertain You Restaurants</value></company_name><location>Austin, TX</location><job_role>STOCKER</job_role><job_link>https://www.simplyhired.com/job/IV-E4t3M20dLC0BddEc1PLw5mFh7VmcbZHBAmHHYIcKCdrWTp48xxA?q=</job_link><summary><value>Assists the service team by stocking and polishing various tools, dinnerware and utensils and providing backup support in the dish room, barista station and/or…</value></summary><salary>$22,000 - $29,000 a year</salary></item>
<item><company_name><value>Travis County</value></company_name><location>Austin, TX</location><job_role>Juvenile Probation Deputy Chief</job_role><job_link>https://www.simplyhired.com/job/pnfo_z6aTNPFGE6Ib2UNjK3_bWb-S4wFpsjIUWqpVpkwjATEvQTiLw?q=</job_link><summary><value>Bachelor's degree in Criminal Justice, Social or Behavioral Sciences or a directly related field AND seven (7) years increasingly responsible experience in…</value></summary><salary>$100,000 - $120,000 a year</salary></item>
<item><company_name><value>City of Austin</value></company_name><location>Austin, TX</location><job_role>Meter Services Representative Lead</job_role><job_link>https://www.simplyhired.com/job/VkqGo9h1WLeuo1isE_06H7AqVunos4B43GEsqvvGb9zlGTcS47ovTw?q=</job_link><summary><value>This position requires a Valid Texas Class C Driver License or the ability to acquire one by your hire date. Valid Texas Class C Drivers License.</value></summary><salary>$22 - $28 an hour</salary></item>
<item><company_name><value>Independence Title Company</value></company_name><location>Round Rock, TX</location><job_role>Escrow Support / Front Desk (Independence Title - Round Rock)</job_role><job_link>https://www.simplyhired.com/job/_8frTJswL10YcULnbdYoy4p_okysVrIcbBceYSbiZRxYaiOvwJLmfA?q=</job_link><summary><value>All receptionist responsibilities (answering phones, greeting visitors, lobby set-up, process deliveries and mail).</value></summary><salary>$25,000 - $37,000 a year</salary></item>
<item><company_name><value>University of Texas at Austin</value></company_name><location>Austin, TX</location><job_role>Resources Coordinator</job_role><job_link>https://www.simplyhired.com/job/kW3RTuMpdnrWFCxETxgQiYHxVg2sAgPLR2ip-GxrcRdXLdluy3B7Pw?q=</job_link><summary><value>Perform duties as receptionist of the Career Services Office, including opening the office promptly at 8 a.m. and closing the office at 5 p.m. every Monday…</value></summary><salary>$27,000 - $38,000 a year</salary></item>
<item><company_name><value>Accenture</value></company_name><location>Austin, TX</location><job_role>Risk New Associate</job_role><job_link>https://www.simplyhired.com/job/95P0gM0Cz7racAg5P2h2nnT9tIEHYfb2ooV_LOEL8gRlMB9RCVoKqw?q=</job_link><summary><value>Communicate relevant information on a timely basis to Senior Agents &amp; Team Leads and escalate issues or complex delivery items when required.</value></summary><salary>$40,000 - $59,000 a year</salary></item>
<item><company_name><value>Texas Real Estate Commission</value></company_name><location>Austin, TX</location><job_role>Appraiser IV</job_role><job_link>https://www.simplyhired.com/job/BP60tHBlNpOSk5M6_X5xlup6c1T5uP5kvW8xqReNNFWt7lisfjuAuw?q=</job_link><summary><value>Knowledge of the Texas Appraiser Licensing and Certification Act, Texas Occupations Code Chapter 1103, and corresponding Texas Appraiser Licensing &amp;…</value></summary><salary>$5,800 - $6,800 a month</salary></item>
<item><company_name><value>Hunter Sage</value></company_name><location>Austin, TX</location><job_role>HR Generalist</job_role><job_link>https://www.simplyhired.com/job/lVcZUVWiy935OAVyiNepQbKLjkh4hDPxg67zTKEgN8rRNu2qw8Lijw?q=</job_link><summary><value>Bachelors degree in a related field is preferred, along with PHR or SHRM-CP. Solid MSO and technical skills will be needed and knowledge of UltiPro is a plus.</value></summary><salary>$49,000 - $63,000 a year</salary></item>
<item><company_name><value>Tesla</value></company_name><location>Austin, TX</location><job_role>Global Supply Manager, HUB Coordinator</job_role><job_link>https://www.simplyhired.com/job/PIyQ3zsLL6tmjpyJXNO4Uix4FoC8Kd0mswnbhAQjsXZrVVYE4L4KxA?q=</job_link><summary><value>Education – Bachelor’s degree in applicable field or equivalent combination of education and experience. Manages the HUB Bidders List for construction projects…</value></summary><salary>$45,000 - $61,000 a year</salary></item>
<item><company_name><value>Accenture</value></company_name><location>Austin, TX</location><job_role>Content Reviewer New Associate - Spanish/Portuguese</job_role><job_link>https://www.simplyhired.com/job/ngekImjm2KFpD9n0J_cqddELLe9NwwKT29kV2fXcYVRRUCTMp8HWNg?q=</job_link><summary><value>All employment decisions shall be made without regard to age, race, creed, color, religion, sex, national origin, ancestry, disability status, veteran status,…</value></summary><salary>$30,000 - $41,000 a year</salary></item>
<item><company_name><value>Mythic-AI</value></company_name><location>Austin, TX</location><job_role>Analog Circuits Researcher</job_role><job_link>https://www.simplyhired.com/job/aynyviNPkJAZ8xL36lWit3PK7BY4Ms002XpJJ1IS6_pDF-tnNTwL3A?q=</job_link><summary><value>Experience in custom memory design, custom digital design, or clock tree design. Coordinating with the engineering teams on the successful execution of new…</value></summary><salary>$82,000 - $120,000 a year</salary></item>
<item><company_name><value>Wells Fargo</value></company_name><location>Austin, TX</location><job_role>Mortgage Loan Officer</job_role><job_link>https://www.simplyhired.com/job/mvUwXHT67_sRxY5j_36CGtYBkd4-d5ulFuPNNJ7rhH5wnYgdEPIeag?q=</job_link><summary><value>A current credit report will be used to assess your financial responsibility and credit fitness, however, a credit score is not included as part of the…</value></summary><salary>$67,000 - $84,000 a year</salary></item>
<item><company_name><value>Integral Care</value></company_name><location>Austin, TX</location><job_role>Continuity of Care Navigator (LPHA)</job_role><job_link>https://www.simplyhired.com/job/ySyLzziBlAPGnn56n5eSAf5GMTNPAL8-Fy3WHOEiAfr2QPcDwNO1rg?q=</job_link><summary><value>Current and valid Texas driver's license and a clean driving record. Navigators perform moderately complex coordination work, provide preliminary assessment of…</value></summary><salary>$56,000 - $64,000 a year</salary></item>
<item><company_name><value>Travis County</value></company_name><location>Austin, TX</location><job_role>261st Judicial Executive Assistant</job_role><job_link>https://www.simplyhired.com/job/0suyopmyLpfTmiIaxcKwOJQAAaFgfZB95DV0AlSLZNXCtNhu1pjZfw?q=</job_link><summary><value>Associate’s degree in Criminal Justice, Public Administration, Business Administration or a directly related field AND five (5) years of responsible…</value></summary><salary>$49,000 a year</salary></item>
<item><company_name><value>HEB</value></company_name><location>Austin, TX</location><job_role>Austin 21 CFT - Cross Functional Rep - Full-Time</job_role><job_link>https://www.simplyhired.com/job/l4LcOBmGcbJr5X4mAdOG0NbzDZlwV782j3keHYwUnMD8ZmkeibYpTg?q=</job_link><summary><value>Austin 21 CFT - Cross Functional Rep - Full-Time. H-E-B Job Title Cross Functional Rep. Schedule Full-time Requested Availability (if applicable) OPEN…</value></summary><salary>$14 an hour</salary></item>
<item><company_name><value>Helping Hand Home</value></company_name><location>Austin, TX</location><job_role>Therapeutic Childcare Specialist</job_role><job_link>https://www.simplyhired.com/job/gWJCHGaNeCv297b8CKvo2oSnkPxcAfRCvFxbLti8PWj3xFXMGGb14A?q=</job_link><summary><value>Valid drivers license with clean driving record. Implement motivational and discipline plans and effective teaching techniques taught in training or outlined in…</value></summary><salary>$15 an hour</salary></item>
<item><company_name><value>Dept of State Health Services</value></company_name><location>Austin, TX</location><job_role>Executive Assistant I</job_role><job_link>https://www.simplyhired.com/job/qecCWvH8VzdsSbqBbGjISeMgf-fqZTykmuXdGt9RngLyiP5fgPup2A?q=</job_link><summary><value>Screens and refers internal and external main desk phone calls from the general public, stakeholders, legislators, and other agency staff.</value></summary><salary>$3,100 - $4,000 a month</salary></item>
<item><company_name><value>Health &amp; Human Services Comm</value></company_name><location>Austin, TX</location><job_role>Investigator VII</job_role><job_link>https://www.simplyhired.com/job/V_UveycEmJKN4rGRze-faBT7efKNdBzva_zJYmUGaxJpiCG4lNCW9Q?q=</job_link><summary><value>Current Texas licensure and/or certification in a professional area that is eligible for federal qualification as a health facilities surveyor (e.g., registered…</value></summary><salary>$4,900 - $8,100 a month</salary></item>
<item><company_name><value>City of Austin</value></company_name><location>Austin, TX</location><job_role>Temporary - Administrative Specialist</job_role><job_link>https://www.simplyhired.com/job/s0axUl07Z7YMb3cZ41pBpzcHTxRHC_NW7iT1FoF58Xi-_wmdSTraWA?q=</job_link><summary><value>This position is for the administrative support in Austin Water’s Distribution System Engineering team, answering phones, managing calendars, screening emails…</value></summary><salary>$20 - $25 an hour</salary></item>
<item><company_name><value>City of Austin</value></company_name><location>Austin, TX</location><job_role>Code Inspector B</job_role><job_link>https://www.simplyhired.com/job/QafgmcOlCrmnS7ISaqFKk_2EvCBe8C4XlbUBvvHLuglN0__6eu6Mtw?q=</job_link><summary><value>Graduation with a Bachelor’s degree from an accredited college or university with major coursework in Environmental, Engineering, Urban Planning, Criminal…</value></summary><salary>$23 - $29 an hour</salary></item>
<item><company_name><value>Travis County</value></company_name><location>Austin, TX</location><job_role>Reserve Constable Deputy (Non-Paid)</job_role><job_link>https://www.simplyhired.com/job/ipsRd6skWtyLet63hO0Ir5pGqYmjTtFzatMziJ5b81YFg9zLKkkPAQ?q=</job_link><summary><value>Requires active peace officer license. Criminal, Credit, Driving, Education and Employment Background Check Required. Drug and Alcohol Test Required.</value></summary><salary>$40,000 - $54,000 a year</salary></item>
<item><company_name><value>Fusion Technical Solutions</value></company_name><location>Austin, TX</location><job_role>Operations Assistants / Temp Scanner</job_role><job_link>https://www.simplyhired.com/job/Wo09oqroeeXIGjPHp5S9qN03aNupmQp0_lKTeW1L0nsv6LxaowQsLA?q=</job_link><summary><value>Greets and ensures social distancing expectations for all visitors to the facility including new and repeat donors in a timely manner exhibiting strong customer…</value></summary><salary>$13 an hour</salary></item>
<item><company_name><value>Dept of Family &amp; Protectve Svc</value></company_name><location>Austin, TX</location><job_role>Program Specialist VI</job_role><job_link>https://www.simplyhired.com/job/pFN9fF8hWUSb18YMSjsdimcJpko7xkxRQuYmPfWMHoieFuXjHYut6g?q=</job_link><summary><value>Five years full-time consultative, supervisory, managerial, social service, professional or technical work which must include;</value></summary><salary>$4,600 - $7,500 a month</salary></item>
<item><company_name><value>TruTech, LLC</value></company_name><location>Austin, TX</location><job_role>Wildlife Service Technician</job_role><job_link>https://www.simplyhired.com/job/cqx63H_snKZAQ7BZbVaxCVCnmxebdU1QdbokoZgwOghnnndQkjjQAA?q=</job_link><summary><value>Wildlife, Wildlife Removal, Wildlife Biologist, Wildlife Technician, Science, Customer Service, Construction, Repairs, Exclusion Services, Field Service, Field…</value></summary><salary>$31,000 - $39,000 a year</salary></item>
<item><company_name><value>HEB</value></company_name><location>Round Rock, TX</location><job_role>Round Rock 05 Grocery - Overnight Stocker - Full-Time</job_role><job_link>https://www.simplyhired.com/job/mIuwiI0bSu93amit1icZ1rmarN88QFuevZo8tRUhPCf5fpXPYVqr5Q?q=</job_link><summary><value>Round Rock 05 Grocery - Overnight Stocker - Full-Time. H-E-B Job Title Night Stocker. Schedule Full-time Requested Availability (if applicable) 10PM - 8AM;</value></summary><salary>$15 an hour</salary></item>
<item><company_name><value>iKey</value></company_name><location>Austin, TX</location><job_role>Assembly Technician</job_role><job_link>https://www.simplyhired.com/job/cjdDVeK9x7fPishbALf20THhrX22Ejg3samBjLppNp5fwEyI4egEqQ?q=</job_link><summary><value>Utilize the Setup book for daily manufacturing tasks. Manufacturing experience is a plus. Is the world’s largest cutting-edge manufacturer of rugged industrial…</value></summary><salary>$16 an hour</salary></item>
<item><company_name><value>Employees Retirement System of Texas</value></company_name><location>Austin, TX</location><job_role>Document Services Tech</job_role><job_link>https://www.simplyhired.com/job/uSW1HJabXljHYzMmDHGzR6oNWDu7p24RA_mut1eXh-CAfiFrzctvRw?q=</job_link><summary><value>Work is performed under the supervision of the Records Management Officer with moderate latitude for the use of initiative and independent judgment.</value></summary><salary>$3,500 a month</salary></item>
<item><company_name><value>HEB</value></company_name><location>Austin, TX</location><job_role>Austin 30 RX Tech - Pharmacy Tech - FT</job_role><job_link>https://www.simplyhired.com/job/FAMzjlXubkukZKdBY9q1P5oAHJnKQOt430bvpzI0GLpHeZId_oJaSQ?q=</job_link><summary><value>Austin 30 RX Tech - Pharmacy Tech - FT. H-E-B Job Title Pharmacy Tech. Schedule Full-time Requested Availability (if applicable) MONDAY - SUNDAY;</value></summary><salary>$17 an hour</salary></item>
<item><company_name><value>Arm</value></company_name><location>Austin, TX</location><job_role>Intern, Research</job_role><job_link>https://www.simplyhired.com/job/tg3waL0y7EqcPVPKyXZpgovV-fzRvZQ83YEP-FIvmWQkd3LQ2Hkcug?q=</job_link><summary><value>Our interns typically pursue Masters or PhD degrees in engineering and science, most commonly Computer Science, Electrical Engineering, Mathematics, or Physics,…</value></summary><salary>$23,000 - $33,000 a year</salary></item>
<item><company_name><value>Tesla</value></company_name><location>Austin, TX</location><job_role>Lead Installer</job_role><job_link>https://www.simplyhired.com/job/QGFuu7u9VS8RlX2BEg8BScD_n2c1E75PKBFSG1j9c6kuKwciQRx47g?q=</job_link><summary><value>The Lead Installer will be part of Tesla’s Field Energy Operations team. Ladders, inverters, solar panels, panel boards, batteries, and other similar electrical…</value></summary><salary>$50,000 - $68,000 a year</salary></item>
<item><company_name><value>Qualia</value></company_name><location>Austin, TX</location><job_role>Document Fulfillment Specialist</job_role><job_link>https://www.simplyhired.com/job/nb3t4e945m-JHkAfycrNyI1oLpY6xezy432JaD-fjZKhEuCShovuzg?q=</job_link><summary><value>Our products bring together users from across the real estate ecosystem—homebuyers and sellers, lenders, title and escrow agents, and real estate agents—onto a…</value></summary><salary>$37,000 - $51,000 a year</salary></item>
<item><company_name><value>TEXAS DEPARTMENT OF PUBLIC SAFETY</value></company_name><location>Austin, TX</location><job_role>DPS - DLD - Information Manager, HQ Ops</job_role><job_link>https://www.simplyhired.com/job/YKJwdIH2FfjG7PgddFvZ4aYo5FuVjuuuW9jKrNX8XXN8cfoDZ9HdmA?q=</job_link><summary><value>If driving is required, must possess a valid driver license from state of residence. Develop organizational procedures to display and retain information…</value></summary><salary>$6,400 a month</salary></item>
<item><company_name><value>HEB</value></company_name><location>Cedar Park, TX</location><job_role>Austin 26 eStores - In Store Shopper - Part-Time</job_role><job_link>https://www.simplyhired.com/job/pEyWegj52sTiGVvqVqaWS8DhPtguuAPBkqBabUtO-WvM2tCvkRjkpg?q=</job_link><summary><value>Austin 26 eStores - In Store Shopper - Part-Time. H-E-B Job Title Cust Serv Rep-In Store Shopper. Schedule Part-time Requested Availability (if applicable) MON…</value></summary><salary>$14 an hour</salary></item>
<item><company_name><value>Southeastern Freight Lines</value></company_name><location>Austin, TX</location><job_role>Management Trainee</job_role><job_link>https://www.simplyhired.com/job/H4IJ1ecQbJrdyTEMqWnTYanVUK2Lh4raX-v3Yg_Prq5uO0sg8-3e-A?q=</job_link><summary><value>What you’ll do on a typical day • Complete the leadership training program requiring guided, independent study • Interface with appropriate Support Center and…</value></summary><salary>$37,000 - $48,000 a year</salary></item>
<item><company_name><value>Facebook</value></company_name><location>Austin, TX</location><job_role>Manager, HR Technology</job_role><job_link>https://www.simplyhired.com/job/qM2LPTGuTPU2loCGvJ4latoEAM4kAvP3UbJWQUzVEv52PFUPSTRWeA?q=</job_link><summary><value>We also consider qualified applicants with criminal histories, consistent with applicable federal, state and local law.</value></summary><salary>$100,000 - $140,000 a year</salary></item>
<item><company_name><value>Mythic-AI</value></company_name><location>Austin, TX</location><job_role>Compiler Researcher</job_role><job_link>https://www.simplyhired.com/job/GrKkYm2WZACqjuUhBs-igv2q_F7i8gayJhdpuOFTnyEerLMyiOnajg?q=</job_link><summary><value>Bachelor’s in computer science or related field with 3+ years compiler development. Master’s or PhD in Computer Science or related field with 3+ years compiler…</value></summary><salary>$100,000 - $140,000 a year</salary></item>
<item><company_name><value>Tesla</value></company_name><location>Austin, TX</location><job_role>Solar Roofer</job_role><job_link>https://www.simplyhired.com/job/GiybvB4i-ej268ODfL2Ux6u4jDAJvrGre3M_K7mXvBGX4Z9gPKAfMw?q=</job_link><summary><value>Ability to safely handle power tools, hand tools, ladders, roofing materials along with inverters, solar panels, panel boards, batteries and other similar…</value></summary><salary>$37,000 - $48,000 a year</salary></item>
<item><company_name><value>Lennar</value></company_name><location>Austin, TX</location><job_role>Escrow Closing Assistant</job_role><job_link>https://www.simplyhired.com/job/Z3IJ0vGOG7iELTOz2dYYfDy_tIqNmTPEWpITXFkkxy9n-GJD_b8TAw?q=</job_link><summary><value>Answers incoming telephone calls using customary public relations techniques, including courteous, cheerful, and professional telephone etiquette.</value></summary><salary>$26,000 - $34,000 a year</salary></item>
<item><company_name><value>University of Texas at Austin</value></company_name><location>Austin, TX</location><job_role>Administrative Associate, PT Dept of Geological Sciences</job_role><job_link>https://www.simplyhired.com/job/oQMaLyphh2-oXKM9pvNMau-rhzHZ4nGMsNQ-jt-q8cWLpu293Duqiw?q=</job_link><summary><value>The University of Texas at Austin, as an equal opportunity/affirmative action employer , complies with all applicable federal and state laws regarding…</value></summary><salary>$30,000 - $43,000 a year</salary></item>
<item><company_name><value>DOC Corporate Group LLC</value></company_name><location>Austin, TX</location><job_role>Guest Ambassador</job_role><job_link>https://www.simplyhired.com/job/PzHhMlfW1bOBmNX59w-hT0MUunxee7X13nPxLZT9zB_As_WhewfW8Q?q=</job_link><summary><value>I answer phones, return calls and schedule appointments in professional and timely manner while following all DOC protocols. I assist our guests as needed.</value></summary><salary>$24,000 - $31,000 a year</salary></item>
<item><company_name><value>Aspyr</value></company_name><location>Austin, TX</location><job_role>Producer</job_role><job_link>https://www.simplyhired.com/job/gEjqStDjRU8RL_Hb_EGcfk_FGjNmakxjOjxb_NP8Vnn3NF6tP1XKXQ?q=</job_link><summary><value>Partner with discipline leads and representatives to implement product features. All employment decisions at Aspyr are based on business needs, job requirements…</value></summary><salary>$44,000 - $61,000 a year</salary></item>
<item><company_name><value>TeacherGraph</value></company_name><location>Austin, TX</location><job_role>Back End Developer – Intern</job_role><job_link>https://www.simplyhired.com/job/uJ62SfX3u04LL3Du03piYsxegnBy8RX1ECBs4BzOIgcbJX5oFC33uQ?q=</job_link><summary><value>Improving the backend of existing features, working with Founders to conceive new concepts for a better user experience, and support development of product as…</value></summary><salary>$61,000 - $78,000 a year</salary></item>
<item><company_name><value>ICU Medical, Inc.</value></company_name><location>Austin, TX</location><job_role>Compliance Investigator - Complaints</job_role><job_link>https://www.simplyhired.com/job/qgBiCJuT4N0lZikmiJbyvGLJ4SsXt2chCKFhtZCTiW5fxfb630GIkw?q=</job_link><summary><value>General office conditions with occasional entry to laboratories, warehouse, manufacturing, and clean-room manufacturing spaces.</value></summary><salary>$48,000 - $67,000 a year</salary></item>
<item><company_name><value>HORNE LLP</value></company_name><location>Austin, TX</location><job_role>Associate - Government Services</job_role><job_link>https://www.simplyhired.com/job/5kbqPGEMGN8WVOY5vwiXZijW3WGmFZpd_RUt0LgjN5QQ6xGMPaqg_Q?q=</job_link><summary><value>The contractor will not discharge or in any other manner discriminate against employees or applicants because they have inquired about, discussed, or disclosed…</value></summary><salary>$38,000 - $53,000 a year</salary></item>
<item><company_name><value>TEXAS VETERANS COMMISSION</value></company_name><location>Austin, TX</location><job_role>TVC-Purchaser</job_role><job_link>https://www.simplyhired.com/job/mnADTZT32XFzA7gP9IXjUDePgOKLzUYvs9RgOcvcpAG4sQqLYGXZcA?q=</job_link><summary><value>A valid Texas Driver’s License is required. DUE TO THE HIGH VOLUME OF APPLICATIONS WE DO NOT ACCEPT TELEPHONE CALLS APPLICANTS SCHEDULED FOR INTERVIEWS WILL BE…</value></summary><salary>$4,200 - $4,600 a month</salary></item>
<item><company_name><value>Pinnacle Logistics</value></company_name><location>Austin, TX</location><job_role>WAREHOUSE AGENT</job_role><job_link>https://www.simplyhired.com/job/oZm274ZmyWNGl8VeycOh1mFzlxnotAop8wVKbZP4Qp96PgcHh2D5AA?q=</job_link><summary><value>Develop and maintain a positive health and safety culture focused on awareness and vigilance. Ability to respond to common inquiries or complaints from…</value></summary><salary>$14 an hour</salary></item>
<item><company_name><value>Texas Department of Agriculture</value></company_name><location>Austin, TX</location><job_role>Food &amp; Nutrition Financial Analyst</job_role><job_link>https://www.simplyhired.com/job/Hm2ese6fM8u1MmuTIEryHQtJuBXWUs59-QxfGPTbXB_MaiE2QQFuZQ?q=</job_link><summary><value>Work under general supervision with moderate latitude for the use of initiative and independent judgment. Wednesday, September 16, 2020 3:05 PM.</value></summary><salary>$4,000 - $4,500 a month</salary></item>
<item><company_name><value>Capital Metro</value></company_name><location>Austin, TX</location><job_role>Program Manager, Emergency Preparedness</job_role><job_link>https://www.simplyhired.com/job/RT-E0nFqBJaRSPI6UfzddmbqULhbWNqQbeTYa9NxEQaWG1iPgoA99A?q=</job_link><summary><value>Bachelor’s Degree in Emergency Management, Public Administration, Business Administration, Engineering, or related field of study.</value></summary><salary>$78,000 - $98,000 a year</salary></item>
<item><company_name><value>Pathway</value></company_name><location>Austin, TX</location><job_role>Lease Administrator</job_role><job_link>https://www.simplyhired.com/job/Kx5Ksec-WNy3K2c13ziGKiMqXhrqEin6C1hR5QALM21AEll0Ajv49A?q=</job_link><summary><value>We are change agents for good who support people in doing what they love so, together, we can transform the veterinary industry and the world – for the better.</value></summary><salary>$44,000 - $62,000 a year</salary></item>
<item><company_name><value>gamigo AG</value></company_name><location>Austin, TX</location><job_role>Game Designer (m/f/d)</job_role><job_link>https://www.simplyhired.com/job/WpD0jD5pf_fwNaA04WaDw7sXAjKe3eMp2uSJuOZAxeoEVOrTnG6CBw?q=</job_link><summary><value>Bachelor’s degree in Computer Engineering, Computer Science, Game Design or equivalent professional experience. Write and maintain game design documents.</value></summary><salary>$59,000 - $84,000 a year</salary></item>
<item><company_name><value>TSYS</value></company_name><location>Austin, TX</location><job_role>Fraud Analyst</job_role><job_link>https://www.simplyhired.com/job/Q0VvshcFv2Wl64Qs-ksiQ7JaeitjiqFCV91E8BOqztT9UzWhrimKoQ?q=</job_link><summary><value>As provided in NetSpend's Background Check policy, eligible candidates may be subject to drug, criminal history, and credit checks, which will be conducted and…</value></summary><salary>$17 an hour</salary></item>
<item><company_name><value>Health &amp; Human Services Comm</value></company_name><location>Austin, TX</location><job_role>Program Operations Coordinator</job_role><job_link>https://www.simplyhired.com/job/yWWfmeXrP4dKBGMUsXsqzBS1CteGU6liDYG2YYijQX7BpmK-zn2_CA?q=</job_link><summary><value>Knowledge of state and federal statute, rules, regulations, and guidance relevant to program areas. Knowledge of state HHS programs.</value></summary><salary>$4,600 - $7,500 a month</salary></item>
<item><company_name><value>Accenture</value></company_name><location>Austin, TX</location><job_role>QA Analyst - DRO</job_role><job_link>https://www.simplyhired.com/job/Rlm56q6isJ1LEPPhgh-FH2HaTdiU-F-ntmcG8Vr3rUy82x5rJ7qNxA?q=</job_link><summary><value>All employment decisions shall be made without regard to age, race, creed, color, religion, sex, national origin, ancestry, disability status, veteran status,…</value></summary><salary>$51,000 - $70,000 a year</salary></item>
<item><company_name><value>CSG</value></company_name><location>Austin, TX</location><job_role>Operator Positions (Multiple Shifts)</job_role><job_link>https://www.simplyhired.com/job/Rup5-wD51BByjtX1FrcguRJtMVhX0hGKSG9ja_iryknSXEmpht7a4Q?q=</job_link><summary><value>After you have completed the necessary steps, a recruiter will be in touch with you either by phone or email. After your application has been reviewed, you will…</value></summary><salary>$28,000 - $40,000 a year</salary></item>
<item><company_name><value>HEB</value></company_name><location>Austin, TX</location><job_role>Austin 30 Market - Meat Cutter - FT</job_role><job_link>https://www.simplyhired.com/job/Mq2KjYOYPmIHEMxfCIk_Kdc0EKv89f8FUVNzK3ozDg_tqgl0By7nZg?q=</job_link><summary><value>Austin 30 Market - Meat Cutter - FT. H-E-B Job Title Meat Cutter. Schedule Full-time Requested Availability (if applicable) MUST BE ABLE TO WORK MON-SUNDAY 4A -…</value></summary><salary>$16 an hour</salary></item>
<item><company_name><value>Corel</value></company_name><location>Austin, TX</location><job_role>FP&amp;A Analyst</job_role><job_link>https://www.simplyhired.com/job/BL9csJzFs18g6MTcj51f8A_6tJ6wG9wRjV78peTnhom8sT2dzT6Cdg?q=</job_link><summary><value>Maintain and develop financial forecasting models for Sales and / or Expense planning (Anaplan), preparing quarterly re-forecasting and analysis of actual…</value></summary><salary>$75,000 - $99,000 a year</salary></item>
<item><company_name><value>Quatro Consulting</value></company_name><location>Austin, TX</location><job_role>Business Analyst</job_role><job_link>https://www.simplyhired.com/job/ZH2a0VV0wZNzy4V3GnJ9DlDX1gR385Wm60ViLQvUzKK_Mu-62ozAbQ?q=</job_link><summary><value>Report design using BI tools such as Crystal Reports or BIRT. Collaborate with technical teams, developers and third party service providers to deliver…</value></summary><salary>$65,000 - $88,000 a year</salary></item>
<item><company_name><value>TEXAS EDUCATION AGENCY</value></company_name><location>Austin, TX</location><job_role>Open Education Resources Project Lead (Education Specialist IV)</job_role><job_link>https://www.simplyhired.com/job/xBk2lLGaf4VlGGvPNLAQKdjN5ekwOrCejxArB7KOXOQJAbniZWqScw?q=</job_link><summary><value>Due to the high volume of applications, we do not accept telephone calls and cannot reply to all email inquiries. No phone calls or emails, please.</value></summary><salary>$4,600 - $6,100 a month</salary></item>
<item><company_name><value>Health &amp; Human Services Comm</value></company_name><location>Austin, TX</location><job_role>Transition Coordinator II</job_role><job_link>https://www.simplyhired.com/job/OxJ20vBziv9ZxfH8_-bj50n1nlMyxWm6Pjrit98gbg6fPPKT7r_Xpw?q=</job_link><summary><value>Position requires a valid Driver’s License. (This includes being certified to drive a state vehicle and driving individuals and staff on the tour.).</value></summary><salary>$3,100 - $4,900 a month</salary></item>
<item><company_name><value>TEXAS JUVENILE JUSTICE DEPARTMENT</value></company_name><location>Austin, TX</location><job_role>TJJD - Ombudsman II - Deputy Ombudsman - (AUS) - 11573</job_role><job_link>https://www.simplyhired.com/job/JO9EZrMcThwMnMf_2k9D0ijRlcNlW_5N5zN5eKBvZfTippRa1qK8kw?q=</job_link><summary><value>Major course work in criminal justice, behavioral science, social science, public administration, law, or a related field. Sep 15, 2020, 4:16:08 PM.</value></summary><salary>$3,500 - $4,000 a month</salary></item>
<item><company_name><value>MedEx</value></company_name><location>Austin, TX</location><job_role>Front Desk Administrative Assistant</job_role><job_link>https://www.simplyhired.com/job/__V7bsnnDTcIg-pgGNISqzuqwVo7Fdl2Z78tQ43olemhWDK-DMQTnw?q=</job_link><summary><value>Answering all incoming phone calls and route them to the appropriate department. We are currently hiring for an Front Desk Admin.</value></summary><salary>$25,000 - $35,000 a year</salary></item>
<item><company_name><value>Siete Family Foods</value></company_name><location>Austin, TX</location><job_role>Procurement Specialist</job_role><job_link>https://www.simplyhired.com/job/H8ez17dvJXKVmhR-Ie-xbna2q1Hk_bBSyLMzD_4QYco_7FyJvBvEQQ?q=</job_link><summary><value>Maintain supplier documentation, and certification status as appropriate (Non-GMO, Gluten free, etc.). ‘Highly motivated with the ability to multitask’ is…</value></summary><salary>$45,000 - $64,000 a year</salary></item>
<item><company_name><value>ALDI</value></company_name><location>Pflugerville, TX</location><job_role>Part-Time Cashier</job_role><job_link>https://www.simplyhired.com/job/KLXkvCbdkvaUTiuyRn5igcpeaJZY80ms6M8dLMgf5ETSz-Yxvu6Bqw?q=</job_link><summary><value>Meets any state and local requirements for handling and selling alcoholic beverages. Whether it's in customer service or our exceptional products, we owe our…</value></summary><salary>$14 an hour</salary></item>
<item><company_name><value>Factory Mattress Texas</value></company_name><location>Austin, TX</location><job_role>Salesperson / Manager</job_role><job_link>https://www.simplyhired.com/job/cDxVmv9BRU8i3IKTWzLNvVzi4Ap23VxuxfdoRevzW3gchUy0GVF2Pw?q=</job_link><summary><value>Factory Mattress is celebrating 41 years of being the only locally-owned bedding retailer, serving Austin and San Antonio.</value></summary><salary>$58,000 - $79,000 a year</salary></item>
<item><company_name><value>Loanpal</value></company_name><location>Austin, TX</location><job_role>Corporate Trainer</job_role><job_link>https://www.simplyhired.com/job/XR-koUysGsTGK54IAMEb7y2JqHrI63pmz4hvQipy9QwR5mjZbFw4ig?q=</job_link><summary><value>Develop and implement mortgage operations training program including lesson plans, handouts, application exercises, performance tests and other job aids.</value></summary><salary>$57,000 - $80,000 a year</salary></item>
<item><company_name><value>C2 GPS- Capital Area Workforce</value></company_name><location>Austin, TX</location><job_role>Career Counselor</job_role><job_link>https://www.simplyhired.com/job/2d7ixGw-m3JhDUu0cslcjQym0a-OYhGQ6T9euhRL_ycyQYMMlzsZNQ?q=</job_link><summary><value>May be required to utilize a personal automobile for our agency’s related business requiring a current valid driver’s license and current automobile liability…</value></summary><salary>$17 an hour</salary></item>
<item><company_name><value>CRAIG PIATTI SALON</value></company_name><location>Austin, TX</location><job_role>front desk coordinator</job_role><job_link>https://www.simplyhired.com/job/j8Lx5iZHqXdQXtJF5HPauKr7KJiDZXHwxi4L9HZvT1zZ6G-B4HG7uA?q=</job_link><summary><value>Our Front Desk Coordinators must be astute at utilizing our booking software to schedule appointments, answering phones in a professional manor, providing…</value></summary><salary>$22,000 - $32,000 a year</salary></item>
<item><company_name><value>Dept of Family &amp; Protectve Svc</value></company_name><location>Round Rock, TX</location><job_role>Human Services Technician/Night Response</job_role><job_link>https://www.simplyhired.com/job/Lo4OwxIsztJi5LgUTFMI2tGMrWLe-EtQVa90VLFrxtkrgSat0O13Iw?q=</job_link><summary><value>Performs other duties as assigned and required to maintain unit operations including performing various clerical duties such as typing, filing, faxing, copying,…</value></summary><salary>$2,100 - $3,000 a month</salary></item>
<item><company_name><value>Texas School for the Deaf</value></company_name><location>Austin, TX</location><job_role>School Bus Monitor</job_role><job_link>https://www.simplyhired.com/job/D2FWsNYoTV8r3pr-1MdCKJUUst-s_hJSvE3czfRX3Wu9EJuaOE2eTg?q=</job_link><summary><value>Assists driver with student management through correct use of communication and discipline. Quality control- the individual demonstrates accuracy and…</value></summary><salary>$900 a month</salary></item>
<item><company_name><value>University of Texas at Austin</value></company_name><location>Austin, TX</location><job_role>Academic Benefits Specialist</job_role><job_link>https://www.simplyhired.com/job/akQbutLPbiz1MIf88QlxFH6azzErnBKZzoMVf0ZAw5QkL417MY0_CA?q=</job_link><summary><value>Assist with onboarding new executive-level hires to the university by providing resources and answering questions on insurance, retirement, and other available…</value></summary><salary>$47,000 - $61,000 a year</salary></item>
<item><company_name><value>KIBO</value></company_name><location>Austin, TX</location><job_role>Order Management Consultant</job_role><job_link>https://www.simplyhired.com/job/0ROvNO1_1VRZltFqMNck8urPfB1OmrJonGeUjZQh20KwyQDIGnt7eA?q=</job_link><summary><value>Technical knowledge and ability to create documentation that is translatable between technical and non-technical users.</value></summary><salary>$78,000 - $110,000 a year</salary></item>
<item><company_name><value>TEXAS BOARD OF PROF ENGINEERS AND LAND SURVEYORS</value></company_name><location>Austin, TX</location><job_role>TBPELS - Program Spclst I - II (DOE) (Licensing Specialist)</job_role><job_link>https://www.simplyhired.com/job/sPnymuIxdTX8BNPqFMDWhdj_-BWKHLjwtWpWA-FF4-88i--yEKc8Rg?q=</job_link><summary><value>The Licensing Specialist will be interviewed and selected by the Director of Licensing and the Licensing Team Leader and report directly to the Licensing Team…</value></summary><salary>$3,100 a month</salary></item>
<item><company_name><value>CDK Global</value></company_name><location>Austin, TX</location><job_role>Manager, Learning Technologies</job_role><job_link>https://www.simplyhired.com/job/6JwxPbqGdYwrgMhcvDBmTYf1WkBPnaiKMrweLjFXyaiq8VRiw3R7Kw?q=</job_link><summary><value>The Learning Technologies Manager will lead a team of technology professionals and will be responsible for driving the strategy and execution for the CDK…</value></summary><salary>$82,000 - $110,000 a year</salary></item>
<item><company_name><value>Century Communities</value></company_name><location>Austin, TX</location><job_role>Loan Processing Assistant</job_role><job_link>https://www.simplyhired.com/job/ShYpZeyikv-wnrXR7GOgQ_TMrRPvvJYU396hsvua6ZAGxakuiExD7Q?q=</job_link><summary><value>Order Fraud Guard, flood certifications, 4506T - tax transcripts, and Social Security Administration verifications. A Home For Every Dream™.</value></summary><salary>$48,000 - $59,000 a year</salary></item>
<item><company_name><value>TEXAS DEPARTMENT OF MOTOR VEHICLES</value></company_name><location>Austin, TX</location><job_role>VTR ASST DIR FIELD OPERATIONS II</job_role><job_link>https://www.simplyhired.com/job/QyfY_eTu3RHbcyyptK9Oz9rSQzRnijG2wNj2UCQVjpC0DwP2oShX2A?q=</job_link><summary><value>Satisfactory driving records are required for driving state or personal vehicles and motor driven equipment to conduct agency business. Yes, 25 % of the Time.</value></summary><salary>$6,700 - $6,900 a month</salary></item>
<item><company_name><value>Greystar</value></company_name><location>Austin, TX</location><job_role>US Asst Project Manager</job_role><job_link>https://www.simplyhired.com/job/Srf3FlxVuq7IBimBoRHffvfpMVjGfRWJhtaCoLcBNQkVSx3cAeRVoQ?q=</job_link><summary><value>Oversees the on-time completion of larger and more expansive new development projects by planning, coordinating, and directing all construction-related…</value></summary><salary>$58,000 - $78,000 a year</salary></item>
<item><company_name><value>Sangfroid Marketing Studio</value></company_name><location>Austin, TX</location><job_role>Art Director</job_role><job_link>https://www.simplyhired.com/job/sfJfz448AirM-Uuoi3kStAbqnQrOsGQh4442_UMES8bfV8sGwMhJAQ?q=</job_link><summary><value>We focus on building digital marketing funnels through paid search and social advertising, automated lead nurturing, and quality content - empowering our…</value></summary><salary>$64,000 - $90,000 a year</salary></item>
<item><company_name><value>D&amp;S Community Services</value></company_name><location>Austin, TX</location><job_role>Behavior Analyst</job_role><job_link>https://www.simplyhired.com/job/RhNYXIDYMLCb-4p6HbR5IG0miTwzAluLRDvvHySXHVeflbxER_HKGg?q=</job_link><summary><value>Currently licensed in the State of Texas as a Psychologist, Licensed Behavior Analyst, Licensed Psychological Associate, or Licensed Professional Counselor in…</value></summary><salary>$52,000 - $69,000 a year</salary></item>
<item><company_name><value>Applied Materials Inc.</value></company_name><location>Austin, TX</location><job_role>ServiceNow Application Manager - (B4)</job_role><job_link>https://www.simplyhired.com/job/lnamEBOClkjcYdSoNBa0_13yM0sznhuy9rBUCv39-Y9g4ao56VTDgQ?q=</job_link><summary><value>Collaborate with a larger group of Business SMEs, solution and technical architects to set technical direction for the delivery of solutions.</value></summary><salary>$83,000 - $110,000 a year</salary></item>
<item><company_name><value>Atlantic | Pacific Management</value></company_name><location>Austin, TX</location><job_role>Property Manager - Affordable Housing</job_role><job_link>https://www.simplyhired.com/job/TWA_6ZTw8TzNWK4xPrlBdJuAY4ilN6opWQWvv8lDtINyj86GTseHTg?q=</job_link><summary><value>An experienced and highly motivated Property Manager for our Affordable Housing Community of ### units in City, State. Develop and manage outreach program.</value></summary><salary>$58,000 - $78,000 a year</salary></item>
<item><company_name><value>HEB</value></company_name><location>West Lake Hills, TX</location><job_role>Austin 29 - Checker - Part Time</job_role><job_link>https://www.simplyhired.com/job/BsGcRmbjP1NkmZir4d0Xnm657HV2ro2vi_qEqv0MC1HgtcPwptcxxw?q=</job_link><summary><value>Austin 29 - Checker - Part Time. Schedule Part-time Requested Availability (if applicable) 6A-5P MON-FRI, 6A-12A SAT &amp; SUN;</value></summary><salary>$14 an hour</salary></item>
<item><company_name><value>KIPP Foundation</value></company_name><location>Austin, TX</location><job_role>Assistant Principal</job_role><job_link>https://www.simplyhired.com/job/v0wAa-909WOM7uff9ZWHD5aCT0vpok1LYhS8JYkJ4Xh293Pi5LkvAg?q=</job_link><summary><value>Studies curriculum and assessment content and further develops understanding of how assessments map to content mastery, and what is required of students and…</value></summary><salary>$60,000 - $84,000 a year</salary></item>
<item><company_name><value>Tesla</value></company_name><location>Austin, TX</location><job_role>Program Manager, Security Systems</job_role><job_link>https://www.simplyhired.com/job/tGvCZqDyFnobmEMdwr2qe_dm4LvjV6n6lO97dPc9TcmWGP32P2yGSg?q=</job_link><summary><value>Background as in computer science, software engineering, and/or related technical field. Help build and develop tools and systems to create better efficiencies…</value></summary><salary>$100,000 - $140,000 a year</salary></item>
<item><company_name><value>BAE Systems</value></company_name><location>Austin, TX</location><job_role>Warrior Integration Program</job_role><job_link>https://www.simplyhired.com/job/T6whpSZbCBq-rlEGkbv_BdjwX-xDhbL9Ne-rBSLnHD7iRPQ5Ehff9g?q=</job_link><summary><value>Headquartered in Nashua, New Hampshire, ES employs approximately 13,000 people globally, with engineering and manufacturing functions primarily in the United…</value></summary><salary>$63,000 - $91,000 a year</salary></item>
<item><company_name><value>goPuff</value></company_name><location>Austin, TX</location><job_role>Operations Associate</job_role><job_link>https://www.simplyhired.com/job/WAd24KX-eHqV7ncku1QX88w-pBm1hZLcgPgeswFZqnFIW0Dpdksjvg?q=</job_link><summary><value>In this role, you will execute a variety of warehouse responsibilities including picking, packing, receiving product, and interacting with our partner drivers.</value></summary><salary>$26,000 - $34,000 a year</salary></item>
<item><company_name><value>U.S. Bank</value></company_name><location>Austin, TX</location><job_role>Residential Appraiser - Austin, TX</job_role><job_link>https://www.simplyhired.com/job/v8dG__qKzIZGuvfwTatUD8WLf8BWDyFAq3GrhBCLJhqbQKiY9jEbXA?q=</job_link><summary><value>Five or more years of appraisal related field work experience. State real estate certified/licensed appraiser. Strong analytical and decision-making skills.</value></summary><salary>$39,000 - $54,000 a year</salary></item>
<item><company_name><value>TikTok</value></company_name><location>Austin, TX</location><job_role>Training Manager</job_role><job_link>https://www.simplyhired.com/job/YAYGukecQbf2e5FvhN7sdHR-pXJZctilDQXtWtGERdyRZWKc8dB2Eg?q=</job_link><summary><value>Manage, coach, assess and develop the site trainers and coordinate their work. Plan, communicate, manage, and measure milestones, risks, and process improvement…</value></summary><salary>$60,000 - $83,000 a year</salary></item>
<item><company_name><value>Bytedance</value></company_name><location>Austin, TX</location><job_role>Training Manager</job_role><job_link>https://www.simplyhired.com/job/eCRxK55NEAMA29LnhTYGw0e1Dzj9hxHVQ7As37dVEcg2kVGAQC5XZg?q=</job_link><summary><value>Manage, coach, assess and develop the site trainers and coordinate their work. Plan, communicate, manage, and measure milestones, risks, and process improvement…</value></summary><salary>$57,000 - $84,000 a year</salary></item>
<item><company_name><value>Greystar</value></company_name><location>Austin, TX</location><job_role>Real Estate Associate</job_role><job_link>https://www.simplyhired.com/job/dgW_GXYUVVB2gKTy8QMTdKnpDkZoF2Y8Ikz0mKYrpO9j-8Nee7CDJA?q=</job_link><summary><value>Leads and/or participates in project teams to implement process improvements and programs targeted to increase revenue, reduce costs, promote efficiencies, and…</value></summary><salary>$50,000 - $67,000 a year</salary></item>
<item><company_name><value>Systems Products and Solutions, Inc</value></company_name><location>Austin, TX</location><job_role>Travel Office Administrative Support- AFC</job_role><job_link>https://www.simplyhired.com/job/RuUzjzXA9ggn3J2WIas1e0c_i_uoFpKiZpX6b98409GvsLXg1iSOpw?q=</job_link><summary><value>The contractor will not discharge or in any other manner discriminate against employees or applicants because they have inquired about, discussed, or disclosed…</value></summary><salary>$33,000 - $43,000 a year</salary></item>
<item><company_name><value>Menlo Technologies</value></company_name><location>Austin, TX</location><job_role>Czech Language Consultant</job_role><job_link>https://www.simplyhired.com/job/-p7aTzEvxQZggJW2qCxAbKtUtLQ46mws93GIB6OZxIHzNB49wfV9zQ?q=</job_link><summary><value>Curiosity to learn about new tools and procedures. Good sense of cultural sensitivity and appropriateness of content for target audience.</value></summary><salary>$54,000 - $73,000 a year</salary></item>
<item><company_name><value>Independence Title Company</value></company_name><location>Austin, TX</location><job_role>Policy Support Clerk (Independence Title - Main)</job_role><job_link>https://www.simplyhired.com/job/_dJz5zGtZFfCGVLGLXomSX_qhNVZvRf-vqL7ChFbDY6uudj49byzyw?q=</job_link><summary><value>Independence Title Company in Austin, Texas (Main Office/Shepherd Mountain Cove), a wholly owned subsidiary of Title Resource Group (TRG) is seeking a Policy…</value></summary><salary>$22,000 - $30,000 a year</salary></item>
<item><company_name><value>LOFT</value></company_name><location>Austin, TX</location><job_role>Sales Associate</job_role><job_link>https://www.simplyhired.com/job/JlFXmGCeaShqamOsVCAN3imf3qhXA3drYooja7HM8p4B1trIKCL3_w?q=</job_link><summary><value>Operates phone, answering calls with an appropriate greeting, transferring and placing calls on hold. Is responsible for compliance with all Company policies,…</value></summary><salary>$39,000 - $52,000 a year</salary></item>
<item><company_name><value>The Salvation Army</value></company_name><location>Austin, TX</location><job_role>Counselor</job_role><job_link>https://www.simplyhired.com/job/kzXqgTARYf2Obk4MTRfIJAx-pjfmVyeNzeBabC0G2xTLl8_wsFOy7w?q=</job_link><summary><value>Bachelor’s degree from an accredited college or university in Business Administration, or a related field, and four to five years of experience working in the…</value></summary><salary>$36,000 - $53,000 a year</salary></item>
<item><company_name><value>Housing Authority of The City of Austin</value></company_name><location>Austin, TX</location><job_role>Grants Manager 30-20</job_role><job_link>https://www.simplyhired.com/job/ymP8Ir0b2GhpDXZJaqTecjOZBI2gYy9PipHa00HmqV750DvgRFqcyA?q=</job_link><summary><value>A Driving Record, Texas Driver's License, and a Physical/Drug Screening will be required upon offer of employment. The HACA is a drug-free workplace.</value></summary><salary>$50,000 a year</salary></item>
<item><company_name><value>NightHawk Services LLC</value></company_name><location>Austin, TX</location><job_role>Industrial Technicians</job_role><job_link>https://www.simplyhired.com/job/hzi_Ktk2IsFjLWJ0q-eZbdBVGEQ6-FEKbYiEBVeV8YgxETaOqJUxfQ?q=</job_link><summary><value>Looking for Industrial Technicians Must have the following: -TWIC -ISTC a plus but not needed -Pass a drugscreen -Pass a background check -Have reliable…</value></summary><salary>$13 - $16 an hour</salary></item>
<item><company_name><value>University of Texas at Austin</value></company_name><location>Austin, TX</location><job_role>Building Attendant II</job_role><job_link>https://www.simplyhired.com/job/EMS6sPnj4S-9ihO12ZT0RnXeCniOKXuXayQ72fi9JIYbzDXCjgYLZA?q=</job_link><summary><value>The University of Texas at Austin, as an equal opportunity/affirmative action employer , complies with all applicable federal and state laws regarding…</value></summary><salary>$33,000 - $43,000 a year</salary></item>
<item><company_name><value>Travis County</value></company_name><location>Austin, TX</location><job_role>HUB Program Specialist</job_role><job_link>https://www.simplyhired.com/job/NqxSOkx2Iwy7TRVUNsjhb5NIv8TjSJwjvA6gFEDjgMBTxnQdQCDoFQ?q=</job_link><summary><value>Possession of a valid Texas Driver's License. Bachelor's degree in Business Administration, Finance, Procurement, Public Administration or a related field AND…</value></summary><salary>$55,000 - $65,000 a year</salary></item>
<item><company_name><value>Greystar</value></company_name><location>Austin, TX</location><job_role>US Asst Superintendent</job_role><job_link>https://www.simplyhired.com/job/ZnkD6rWrv-_s5IbGl96uSdTXdP-cbImfg49TmbEeIzvigAOxaJ3PVA?q=</job_link><summary><value>Assists in ensuring the on-time and on-budget completion of assigned construction and new development projects by managing the construction, manpower, financial…</value></summary><salary>$59,000 - $80,000 a year</salary></item>
<item><company_name><value>TurnKey Vacation Rentals</value></company_name><location>Austin, TX</location><job_role>Revenue Management Intern</job_role><job_link>https://www.simplyhired.com/job/cnKKIqfcdrY7SYT3qSLKFF_bC7e3Vq7PnZH598X-jDm1gEGZPxCX1A?q=</job_link><summary><value>For this reason, it’s important for TurnKey to build a diverse and inclusive workforce, representative of our guests and homeowners.</value></summary><salary>$26,000 - $36,000 a year</salary></item>
<item><company_name><value>Tokyo Electron U.S. Holdings, Inc.</value></company_name><location>Austin, TX</location><job_role>Infrastructure Intern - Azure</job_role><job_link>https://www.simplyhired.com/job/qg7c2w82_G95AoupmuyFSAkf9gG73_tp737ctFGfeTP-YCb2h6QFXw?q=</job_link><summary><value>Pursuing Bachelor’s degree in Computer Science, Software Engineering, MIS, CIS, Applied Mathematics, Statistics, or related field.</value></summary><salary>$51,000 - $71,000 a year</salary></item>
<item><company_name><value>Booz Allen Hamilton</value></company_name><location>Austin, TX</location><job_role>Business Operations Force Protection Specialist</job_role><job_link>https://www.simplyhired.com/job/g2sQd0AwQhV8kpR2e7jl90IH7hEnG5qtvI8XM2xDTilFCQ_cpj8mmQ?q=</job_link><summary><value>Associate Emergency Manager (AEM) or Certified Emergency Manager (CEM) certification. AT Level II Training certification.</value></summary><salary>$66,000 - $88,000 a year</salary></item>
<item><company_name><value>Avaya</value></company_name><location>Austin, TX</location><job_role>Alliance Acceleration Specialist</job_role><job_link>https://www.simplyhired.com/job/dU7zkbQ2hH1R3DOa2hfnkoiBaYU-vaAc79WDsu8sQekKfnfLlVT40A?q=</job_link><summary><value>He/she will work closely with 3rd Party Alliance leader, Implementation, Engineering, Marketing, and Installation and Maintenance teams to improve quality and…</value></summary><salary>$43,000 - $60,000 a year</salary></item>
<item><company_name><value>Zinda Law Group</value></company_name><location>Austin, TX</location><job_role>Entry Level Bookkeeper</job_role><job_link>https://www.simplyhired.com/job/Qj0AEZ2Rv1BAdA2eFDMI4e8VBZ2o7zMIC8ChPlxCkG2L77nBPbgUUw?q=</job_link><summary><value>Our own in-house certifications and training will help you succeed no matter your level of experience. Bachelor's Degree is required, strong preference for a…</value></summary><salary>$31,000 - $44,000 a year</salary></item>
<item><company_name><value>Research Boulevard Pet &amp; Bird Hospital</value></company_name><location>Austin, TX</location><job_role>RECEPTIONIST</job_role><job_link>https://www.simplyhired.com/job/SVtzUBQnmEIgweBx8kQpjBvMEATupPIaMEPfKzXzIo2kacSnmwV8Nw?q=</job_link><summary><value>At Research Boulevard Pet &amp; Bird Hospital, we work with a wide variety of patients and some of the best clients in the world and we are searching for an…</value></summary><salary>$24,000 - $33,000 a year</salary></item>
<item><company_name><value>City of Round Rock, TX</value></company_name><location>Round Rock, TX</location><job_role>Coordinator - Solid Waste Management</job_role><job_link>https://www.simplyhired.com/job/gwNVX3wQNxwea-qYOB2sTIeNpOXhIKk5Psu_bpK6KjxfhscE5hXn7Q?q=</job_link><summary><value>Valid Texas drivers license or ability to obtain prior to employment. Reviews and analyzes policies, guidelines, and legislation related to solid waste…</value></summary><salary>$25 - $31 an hour</salary></item>
<item><company_name><value>Confluent</value></company_name><location>Austin, TX</location><job_role>People Business Partner, Field Operations</job_role><job_link>https://www.simplyhired.com/job/wtEggiHX0i-EQlJpg0TcD7FDeGaQKZShVIIQiWWy-AGprypyjRfqvA?q=</job_link><summary><value>As a People Business Partner (PBP) supporting Field Operations, you have the opportunity to align business objectives with people strategies, in partnership…</value></summary><salary>$59,000 - $75,000 a year</salary></item>
<item><company_name><value>World Class Property Company</value></company_name><location>Austin, TX</location><job_role>Commercial Property Manager</job_role><job_link>https://www.simplyhired.com/job/1oEO1n5XJlWzmhuN3f9Kzan4lgYoGCf5TRY9JD9Yi7G2ssbA8Wh8sw?q=</job_link><summary><value>Negotiating RFP's for vendor service contracts, maintain and develop relationships to achieve optimum performance and competitive pricing.</value></summary><salary>$54,000 - $74,000 a year</salary></item>
<item><company_name><value>Lacorsha</value></company_name><location>Austin, TX</location><job_role>East Austin Front Desk Supervisor</job_role><job_link>https://www.simplyhired.com/job/D8fnw-9ixShv6yfRT_QqPgmu7rLcMn-FlbeWgum9iLIfVqF_ZqroVA?q=</job_link><summary><value>Oversees the day to day operations of the Front Desk to include reviewing cashier reports, occupancy/demand levels, cover desk when agents need to take their…</value></summary><salary>$24,000 - $32,000 a year</salary></item>
<item><company_name><value>Dimensional Fund Advisors</value></company_name><location>Austin, TX</location><job_role>ETF Capital Markets Specialist</job_role><job_link>https://www.simplyhired.com/job/FFyeR28Nchi8AOchkltMDhp9pY3ei6WrUqoyJI1-uGS3pRiq-tyWpw?q=</job_link><summary><value>This policy applies to all areas of employment including recruitment, hiring, training, job assignment, promotion, compensation, benefits, transfer, discipline,…</value></summary><salary>$84,000 - $110,000 a year</salary></item>
<item><company_name><value>Facebook</value></company_name><location>Austin, TX</location><job_role>Communications Manager, Ethics &amp; Compliance</job_role><job_link>https://www.simplyhired.com/job/CWVFCwTtHYm7-SwgnHbygOppfVLsVSvgVbghZWJnTWY9oNZ8GehL3Q?q=</job_link><summary><value>Bachelor’s degree in related field and 12+ years experience in a communications role. We also consider qualified applicants with criminal histories, consistent…</value></summary><salary>$61,000 - $83,000 a year</salary></item>
<item><company_name><value>TikTok</value></company_name><location>Austin, TX</location><job_role>Data Analyst, Monetization Integrity</job_role><job_link>https://www.simplyhired.com/job/aPZt1l1kKN7w0c_Fomc85uldduFPcd727rhPmI72Dfa45ywx5if8Sg?q=</job_link><summary><value>The team is composed of Policy, Operations, Product and Data specialists working cross-functionally with key stakeholders (Product, Engineering, PR, Legal, and…</value></summary><salary>$64,000 - $84,000 a year</salary></item>
<item><company_name><value>Bytedance</value></company_name><location>Austin, TX</location><job_role>Data Analyst, Monetization Integrity</job_role><job_link>https://www.simplyhired.com/job/g26kNrE8NIIBle6CBFppKhrxPdIeccrZMO2UX1eR4wdXErcVSRTV4g?q=</job_link><summary><value>The team is composed of Policy, Operations, Product and Data specialists working cross-functionally with key stakeholders (Product, Engineering, PR, Legal, and…</value></summary><salary>$64,000 - $83,000 a year</salary></item>
<item><company_name><value>IBM</value></company_name><location>Austin, TX</location><job_role>Salesforce Platform Administrator</job_role><job_link>https://www.simplyhired.com/job/itRXDO79qbYaVJtyjorS85Fz5_6YHtv3Mz1nxCdpgMD9cuSVBnF6hQ?q=</job_link><summary><value>You’ll learn directly from expert developers in the field; The Office of the Chief Information Officer (CIO) owns IBM’s IT strategy and provides the tools,…</value></summary><salary>$90,000 - $120,000 a year</salary></item>
<item><company_name><value>D.R. Horton Inc.</value></company_name><location>Austin, TX</location><job_role>Regional Trainer</job_role><job_link>https://www.simplyhired.com/job/gskjAKCniUi1D3VcmucpDxlHl9muYkXUyDorOgneevX6PSGt6k5VBw?q=</job_link><summary><value>Follow us on social media @hortoncareers for an inside look at our company and connect with us on LinkedIn for up to date job listings!</value></summary><salary>$42,000 - $56,000 a year</salary></item>
<item><company_name><value>Modern Market</value></company_name><location>Austin, TX</location><job_role>Modern Market Team Member Earn $13-15 hr. including tips</job_role><job_link>https://www.simplyhired.com/job/QkxEyYzS8nidTwP8i5JWgN_w3G8rZTQxCpZ9vAjUsQYLqpfLZXiFpA?q=</job_link><summary><value>We are a team of Food Lovers, Happiness Makers, Road Bikers, Video Gamers, Movie Watchers, Golfers, Music Makers, Snowboarders, Skiers, Mountain Climbers,…</value></summary><salary>$13 - $15 an hour</salary></item>
<item><company_name><value>The Escape Game</value></company_name><location>Austin, TX</location><job_role>Guest Experience Specialist, Austin</job_role><job_link>https://www.simplyhired.com/job/m8-7i7P-wcO0_ob8eM2rNocG03Ap9imTpn6Njky2V_dv1eSCgXrBQg?q=</job_link><summary><value>How Guest Experience Specialists Serve Our Guests and Our Team: This position serves as the vitally important liaison between our guests and our team.</value></summary><salary>$20,000 - $29,000 a year</salary></item>
<item><company_name><value>Pathway</value></company_name><location>Elgin, TX</location><job_role>Veterinary Equine Intern</job_role><job_link>https://www.simplyhired.com/job/sRNjRSsChaypNDi6d7FkhbhtPpbIG-A7BWikUxNYKxP04yEOGhnz-A?q=</job_link><summary><value>All candidates must be eligible for licensure in the state of Texas. Interns are responsible for managing and supervising their own cases while always having…</value></summary><salary>$63,000 - $80,000 a year</salary></item>
<item><company_name><value>Whole Foods Market</value></company_name><location>Bee Cave, TX</location><job_role>In-Store Shopper - Part Time Seasonal - Twilight and Early Bird Shifts !!!</job_role><job_link>https://www.simplyhired.com/job/1LTov8DRdAIcgEAE9CcmfRMo3dx0FbayYngfxEXoL5vUD6WrMpgg4g?q=</job_link><summary><value>Ability to use tools and equipment, including box cutters, electric pallet jacks, and other heavy machinery. Standing/walking for duration of shift.</value></summary><salary>$15 an hour</salary></item>
<item><company_name><value>Fanatics Inc.</value></company_name><location>Austin, TX</location><job_role>Retail Associate - University of Texas Longhorns</job_role><job_link>https://www.simplyhired.com/job/vIzOikISqLyGmYg3NwHpHyXQzgToZUORTEiOausldXj60LlJp2cCRQ?q=</job_link><summary><value>The Seasonal Retail Associate is responsible for carrying out the front line selling effort, driving sales revenue for the organization, creating the ultimate…</value></summary><salary>$24,000 - $33,000 a year</salary></item>
<item><company_name><value>National Instruments</value></company_name><location>Austin, TX</location><job_role>Connection Programs – Employee Engagement Fall Intern</job_role><job_link>https://www.simplyhired.com/job/uvH2SBH88kQIEKPFRglIUznfKkWbpdhipvSlTJls75ni_1mB6cbDHA?q=</job_link><summary><value>NI does NOT petition for H-1B status from student visas for full-time HR hires, thus cannot accept candidates for this intern position who are on a student visa…</value></summary><salary>$47,000 - $59,000 a year</salary></item>
<item><company_name><value>ZILKER MEDIA</value></company_name><location>Austin, TX</location><job_role>Freelance Publicists</job_role><job_link>https://www.simplyhired.com/job/VQO0ITGRq9D6jzlGDfgOeHBx6hEE7ad7SubM5Ev6LEHKO1xOvGjhIw?q=</job_link><summary><value>Assisting Zilker Media PR team in high-level strategy work. Writing and editing press releases and other collateral. Our clients range in industries, including:</value></summary><salary>$42,000 - $60,000 a year</salary></item>
<item><company_name><value>Cousins Properties</value></company_name><location>Austin, TX</location><job_role>Administrative Manager</job_role><job_link>https://www.simplyhired.com/job/zGGZ28ghUnmK0sKdoVecYusntxdJi80IQquq8DLrF8pQwtP_OyHP0A?q=</job_link><summary><value>Taking messages or forwarding calls as necessary but answering requests directly whenever possible. A high school diploma and a valid driver’s license are…</value></summary><salary>$37,000 - $53,000 a year</salary></item>
<item><company_name><value>Lower Colorado River Authority</value></company_name><location>Austin, TX</location><job_role>Category Buyer</job_role><job_link>https://www.simplyhired.com/job/Mavso8Y_VFSOr6o-Cf12JP-PXXMePhZ5QLFup5fnDrDhnYCyl5921A?q=</job_link><summary><value>At an intermediate level, purchases supplies, materials, equipment, services and construction while driving value and mitigating risk for LCRA.</value></summary><salary>$50,000 - $65,000 a year</salary></item>
<item><company_name><value>Power Design, Inc.</value></company_name><location>Austin, TX</location><job_role>Electrical Apprentice</job_role><job_link>https://www.simplyhired.com/job/nK3aPxKuSWSSNvYAIFZdMpUcIB9lYalR2CzZQO7dBMTtWb-ANqTWLg?q=</job_link><summary><value>Power Design believes that diversity and inclusion among our teammates is paramount to our success as a national company, and we seek to recruit, develop and…</value></summary><salary>$31,000 - $39,000 a year</salary></item>
<item><company_name><value>Pioneer Bank</value></company_name><location>Austin, TX</location><job_role>Loan Servicing Specialist - Post Closing</job_role><job_link>https://www.simplyhired.com/job/J0_n3szrqypv-DHoZ4wrzyQo6sDbDkMUnMzF8qh3UWucuDSVeBXh2Q?q=</job_link><summary><value>Ability to prepare a loan analysis, i.e., schedule of interest accruals, payments, fees, and funding’s. Strong written and verbal communication, including…</value></summary><salary>$63,000 - $88,000 a year</salary></item>
<item><company_name><value>BLDWN</value></company_name><location>Austin, TX</location><job_role>General Manager</job_role><job_link>https://www.simplyhired.com/job/76msgP2dKGLMu6sImFkNmOF_kHhZgDwenPvRLIfnNvoPDvUugZy9dg?q=</job_link><summary><value>Demonstrated ability to motivate, lead and develop team Luxury or contemporary management experience preferred. Leads team through change and challenges.</value></summary><salary>$60,000 - $80,000 a year</salary></item>
<item><company_name><value>Creadits</value></company_name><location>Austin, TX</location><job_role>Client Partner - Austin</job_role><job_link>https://www.simplyhired.com/job/ukUqzM4zsZ7WAVuhmKLiMKIoDwX4bUGUYYiPNrpTcoRrKoqjF13nAg?q=</job_link><summary><value>We have and are continuing to develop our native automated tools to unveil insights, set creative directions and build creative adaptations across platforms.</value></summary><salary>$88,000 - $120,000 a year</salary></item>
<item><company_name><value>Everlywell</value></company_name><location>Austin, TX</location><job_role>Implementation Program / Project Manager</job_role><job_link>https://www.simplyhired.com/job/GwEySzx7ASkk5xHHkvQLj9oNpvtnYFGj1kU1n4HXHaqImkvDFtbl1w?q=</job_link><summary><value>Develop robust project plans, think creatively about new client programs, and enforce structured processes. We are hiring a versatile Implementation Program /…</value></summary><salary>$78,000 - $110,000 a year</salary></item>
<item><company_name><value>Aspyr</value></company_name><location>Austin, TX</location><job_role>Outsource Manager</job_role><job_link>https://www.simplyhired.com/job/QqXDdcdEyRQAuVd7FnGlTx4p0hsofqCGqLra2cwIJTWTyJIWTHn_9A?q=</job_link><summary><value>Collaborate with leadership, production and discipline leads to develop a strategic outsourcing roadmap and process. Aspyr encourages applicants of all ages.</value></summary><salary>$68,000 - $93,000 a year</salary></item>
<item><company_name><value>Buc-ee's Ltd</value></company_name><location>Austin, TX</location><job_role>Category Analyst</job_role><job_link>https://www.simplyhired.com/job/5T7-DcBIcW2vwlmOJEVduJ9Gnzs0pwzMXzfSzAY9pZP_eMa_Plx08Q?q=</job_link><summary><value>Use data sources to develop regular and ad hoc reports to include out of stock, opportunity gap, SKU rationalization, plan-o-gram analysis, promotion analysis,…</value></summary><salary>$63,000 - $80,000 a year</salary></item>
<item><company_name><value>ECHO Education Services</value></company_name><location>Austin, TX</location><job_role>Facilitator</job_role><job_link>https://www.simplyhired.com/job/aNsGnbe3Dn0mUBfVZSEy2MSXvR9IFh-H3LnLkVlfHoOlMfMEOjyUlg?q=</job_link><summary><value>Able to provide their own transportation to and from scheduled schools (or to The Bullock Texas State History Museum if applying for the Austin Facilitator…</value></summary><salary>$31,000 - $41,000 a year</salary></item>
<item><company_name><value>Cryolife</value></company_name><location>Austin, TX</location><job_role>Component Processing Technician - Final Assembly</job_role><job_link>https://www.simplyhired.com/job/4ojQPfZdwRQZTVOJCzuN9BbHN7dAv_uoJdDFpTfLTHbLBSq-XrLJXA?q=</job_link><summary><value>CryoLife provides equal employment opportunities to all employees and applicants for employment and prohibits discrimination and harassment of any type without…</value></summary><salary>$36,000 - $50,000 a year</salary></item>
<item><company_name><value>Favor</value></company_name><location>Austin, TX</location><job_role>Favor Care Specialist</job_role><job_link>https://www.simplyhired.com/job/GqN-rEZfQMmMCz0IoCOE_uaYtbUmfGdRjQ2yNnAvP3m9TaGA-IH20g?q=</job_link><summary><value>The Favor Care team helps to make sure that every Favor runs efficiently in real-time by supporting our Runners, customers and merchants via phone, SMS, chat,…</value></summary><salary>$28,000 - $42,000 a year</salary></item>
<item><company_name><value>DJO Global</value></company_name><location>Austin, TX</location><job_role>Clean Room Packager</job_role><job_link>https://www.simplyhired.com/job/gGRpzVfs3YYtuBak_zhMV5m7vLn6AYoORVOJJgFzdfofORbYOdJbsA?q=</job_link><summary><value>All qualified applicants will receive consideration for employment and will not be discriminated against on the basis of race, religion, color, national origin,…</value></summary><salary>$21,000 - $27,000 a year</salary></item>
<item><company_name><value>TEXAS HIGHER EDUCATION COORDINATING BOARD</value></company_name><location>Austin, TX</location><job_role>THECB - Program Specialist I, Virtual Adviser (Limited Term)</job_role><job_link>https://www.simplyhired.com/job/eVm5YbdYVX4CxwXFC5SvH97pQtc_o1U9EHGKA1IzRUD7xJaawGp9dg?q=</job_link><summary><value>If you require any reasonable accommodation for the interview process, please inform the hiring representative who calls to schedule your interview.</value></summary><salary>$3,300 a month</salary></item>
<item><company_name><value>Jacobs</value></company_name><location>Austin, TX</location><job_role>Architectural Intern</job_role><job_link>https://www.simplyhired.com/job/8y6bmcc3AA5qnfhXLA19AxnrW2svf8fQik-gd6b5208O8Optbup9pA?q=</job_link><summary><value>You’ll then develop design plans and programs for various types of buildings using mainly Revit in providing plan and program layouts of projects, while…</value></summary><salary>$56,000 - $76,000 a year</salary></item>
<item><company_name><value>CRH</value></company_name><location>Cedar Park, TX</location><job_role>Quality Control (QC) Manager- Aggregate Operations- Cedar Park, TX</job_role><job_link>https://www.simplyhired.com/job/d-exL4s-vG7Ini4uIsjpysZhEeGORkFF1VwrQcUYWsEX-UrhssSi3g?q=</job_link><summary><value>Candidate must have a current and valid driver’s license with a good driving record. Responsible for all quality control activities required to produce…</value></summary><salary>$73,000 - $93,000 a year</salary></item>
<item><company_name><value>Cypress Semiconductor</value></company_name><location>Austin, TX</location><job_role>Staff Yield Engr</job_role><job_link>https://www.simplyhired.com/job/oEY_k4G7bj-93jghHTIEjwauQ4tnqtYTfGcHLFMr9w7KAUWSNvOReA?q=</job_link><summary><value>Requires a demonstrated technical expertise in understanding defect metrology recipe setup and optimization, as well as possessing solid knowledge on equipment…</value></summary><salary>$70,000 - $97,000 a year</salary></item>
<item><company_name><value>Lettuce Networks</value></company_name><location>Austin, TX</location><job_role>Assembler/Driver</job_role><job_link>https://www.simplyhired.com/job/PqZ3GfP0fNE0nkb6pM36cEZgvJ1YGNYwa_gvB_Hdqg7PeD03t7AWUQ?q=</job_link><summary><value>Valid Driver's License and Car Insurance. Work as a delivery driver from 12-5 PM on Saturday &amp; Monday. Lettuce Networks, a local urban gardening and meal-kit…</value></summary><salary>$12 - $15 an hour</salary></item>
<item><company_name><value>Forbius</value></company_name><location>Austin, TX</location><job_role>Regulatory Coordinator</job_role><job_link>https://www.simplyhired.com/job/AV--3rZOXO8Z4tuswO6Uv9SzCMKsaK0TZIR38japN5aGt55xh4DE_w?q=</job_link><summary><value>Assisting in the tracking and filing of documents associated with regulatory filings. In collaboration with the Regulatory Affairs Manager, formatting…</value></summary><salary>$53,000 - $72,000 a year</salary></item>
<item><company_name><value>Academy Sports + Outdoors</value></company_name><location>Austin, TX</location><job_role>Store Team Member</job_role><job_link>https://www.simplyhired.com/job/5DTIjRWbi8VU_hlaBaTHOXC8V51pY1vaIWVL-I8AKqOYct6EiliKmQ?q=</job_link><summary><value>Must meet federal and state requirements for selling and procession firearms transactions. CPR and First Responder certification is a plus.</value></summary><salary>$27,000 - $33,000 a year</salary></item>
<item><company_name><value>Asian American Cultural Center</value></company_name><location>Austin, TX</location><job_role>Education Administrator</job_role><job_link>https://www.simplyhired.com/job/lHtHBwCbAEkRHvssqZNgko_U_PoS2yAZ5vHAYtKLHjq62lY8g-lntw?q=</job_link><summary><value>Completed application forms should be emailed to: Administrator@asianamericancc.com, or mailed or faxed to the following address/number:</value></summary><salary>$34,000 a year</salary></item>
<item><company_name><value>Altocloud</value></company_name><location>Austin, TX</location><job_role>New Logo Innovations Specialist</job_role><job_link>https://www.simplyhired.com/job/kMPyDHIQ_EMeOfdveSo3HKg7GWZk6OM0RjB6cy38EHV_1uS6PR5iVA?q=</job_link><summary><value>Demonstrated ability to use collaboration tools (Conference calls, Video calls, Collaborative whiteboard solutions), in a sales environment.</value></summary><salary>$67,000 - $93,000 a year</salary></item>
<item><company_name><value>WBM</value></company_name><location>Austin, TX</location><job_role>Loan Officer Assistant</job_role><job_link>https://www.simplyhired.com/job/mEg3n2nhhbkpQVoIvsWAnhuxeAq9vZz_pL9nxJsBcfYEnq-uYkOxUQ?q=</job_link><summary><value>We have established ourselves as a top mortgage company in the state of Texas. Following up with leads, scheduling and confirming appointments with borrowers…</value></summary><salary>$39,000 - $53,000 a year</salary></item>
<item><company_name><value>COMPTROLLER OF PUBLIC ACCOUNTS</value></company_name><location>Austin, TX</location><job_role>CPA - Residential Appraiser</job_role><job_link>https://www.simplyhired.com/job/xzN6_37N-ffcdSsJxVa84xhVrn8WByrUcGeS1ZT7wiaHNvVV9ogvEA?q=</job_link><summary><value>Valid Texas driver’s license (or state of residency driver’s license); A valid Texas (or state of residency) driver’s license and a satisfactory driving record…</value></summary><salary>$4,000 - $5,000 a month</salary></item>
<item><company_name><value>CAPITAL PUMPING</value></company_name><location>Austin, TX</location><job_role>Trainees</job_role><job_link>https://www.simplyhired.com/job/D39KDS25xq1MnB8SSx8PBr9PwhSbKSg3z3uoKkBfSioOYQt5IvV1rA?q=</job_link><summary><value>Commercial driver’s license (Class B) or ability to obtain during training. CDL preferred and good driving record. Holiday pay and paid time off.</value></summary><salary>$16 - $18 an hour</salary></item>
<item><company_name><value>Slalom Consulting</value></company_name><location>Austin, TX</location><job_role>Digital Agency Services Strategist</job_role><job_link>https://www.simplyhired.com/job/IHHiAvhadHzAnKlQ4DWUXpzX5MEJLpiS06AnmSlmlfXI6EmRjvBIqg?q=</job_link><summary><value>Develop and optimize campaign strategies. You will help support, develop, and expand new capabilities throughout the regions, which will require about 60-80%…</value></summary><salary>$110,000 - $140,000 a year</salary></item>
<item><company_name><value>CIM Group</value></company_name><location>Austin, TX</location><job_role>Property Manager (Residential)</job_role><job_link>https://www.simplyhired.com/job/XvKtRgnQ4yKo3GWxDatbZP7iyEKIC8WBQT1bNOD60MdJMhDZu8iQjA?q=</job_link><summary><value>Must possess a valid state-issued driver’s license. Be able to provide operating expense and or market rent analysis for new developments or acquisitions as…</value></summary><salary>$63,000 - $79,000 a year</salary></item>
<item><company_name><value>University of Texas at Austin</value></company_name><location>Austin, TX</location><job_role>Transmedia Lab Technician/Analyst</job_role><job_link>https://www.simplyhired.com/job/x-tfzXEPtCgB8_K5M-ADRhaFyHtj8MswehhGaQiJcsNVLLJkUyzLtQ?q=</job_link><summary><value>This job requires a class "C" operator's driver's license. Design, development, documentation, analysis, creation, testing or modification of computer systems…</value></summary><salary>$48,000 - $68,000 a year</salary></item>
<item><company_name><value>First American</value></company_name><location>Austin, TX</location><job_role>Escrow Officer</job_role><job_link>https://www.simplyhired.com/job/pmk45A9BomL_lya4AurCoBiagGlYfC4Q7fIcdTaxdQCFDyZLnwU0Ow?q=</job_link><summary><value>Valid Licensing/Certification as required by applicable state. Familiar with standard concepts, practices, and procedures within the escrow/title industry field…</value></summary><salary>$43,000 - $61,000 a year</salary></item>
<item><company_name><value>Bunkhouse Group</value></company_name><location>Austin, TX</location><job_role>General Manager - Jo's Coffee on 2nd Street</job_role><job_link>https://www.simplyhired.com/job/LK3XqISlwdefM3zoOBmkLrmTKAyOrCAHNGmKDnyIZq4UcT3rEva-Ag?q=</job_link><summary><value>We are respectful and authentic, we listen, and we develop meaningful relationships with guests, customers and each other. We're looking for someone with:</value></summary><salary>$42,000 - $57,000 a year</salary></item>
<item><company_name><value>St Edwards University</value></company_name><location>Austin, TX</location><job_role>Disbursement Generalist 1</job_role><job_link>https://www.simplyhired.com/job/Q9B9cFH1qG5Gr68EQB4bgQSNo064-K6SbNsN0txvwNhFG357p5DeBQ?q=</job_link><summary><value>Edward's University, as an equal opportunity/affirmative action employer, complies with all applicable federal and state laws regarding nondiscrimination and…</value></summary><salary>$28,000 - $36,000 a year</salary></item>
<item><company_name><value>University of Texas at Austin</value></company_name><location>Austin, TX</location><job_role>Assistant Director for Communications &amp; Marketing</job_role><job_link>https://www.simplyhired.com/job/Ih5sgSpu4mmrla91o8NzS5238VmtcsOygOfWwaIibm75Jpsc-xHckw?q=</job_link><summary><value>Bachelor’s degree in communications, marketing, or related field. The University of Texas at Austin, as an equal opportunity/affirmative action employer ,…</value></summary><salary>$65,000 - $86,000 a year</salary></item>
<item><company_name><value>Toll Brothers, Inc.</value></company_name><location>Austin, TX</location><job_role>Design Studio Consultant</job_role><job_link>https://www.simplyhired.com/job/GID2ZoVGm1oY_-BhvTgmumbCXwJQ-9MtJqpbOpPB8dsy_dd2NbJj_A?q=</job_link><summary><value>No walk-ins or phone calls, please. Toll Brothers, America's Leading Builder of Luxury Homes, seeks a Design Studio Consultant to assist homebuyers with color…</value></summary><salary>$46,000 - $68,000 a year</salary></item>
<item><company_name><value>Kunik Orthodontics</value></company_name><location>Austin, TX</location><job_role>Records Technician</job_role><job_link>https://www.simplyhired.com/job/Oh3i5miiqzry4rg1qGtIdLheaGcFNTs78igfyiOvdTdjs4mdZyNuyQ?q=</job_link><summary><value>In the case of Invisalign Treatment you will be responsible for cross checking patient record data against the Align Technologies Clincheck System.</value></summary><salary>$29,000 - $41,000 a year</salary></item>
<item><company_name><value>Liaison Creative + Marketing</value></company_name><location>Austin, TX</location><job_role>Copywriter</job_role><job_link>https://www.simplyhired.com/job/tvI5pAfvmPGc8ERnXnqK_SxDcHOU53wgfsNBARLt_gOFZ3T3KQaj7A?q=</job_link><summary><value>Bachelor's degree in Marketing, Journalism, Communications, English or related field. Develop content for integrated campaigns spanning web and digital…</value></summary><salary>$51,000 - $71,000 a year</salary></item>
<item><company_name><value>Radiant Plumbing &amp; Air Conditioning</value></company_name><location>Austin, TX</location><job_role>Customer Service Representative (Multiple Schedules Available!)</job_role><job_link>https://www.simplyhired.com/job/M-MVokS8M7qZNURGBa-dbRVZzTgznWNBoi54cE6RAGT70hYzc_b0HA?q=</job_link><summary><value>Making outbound scheduling calls as needed. We are eager to answer any questions you may have, and are excited to hear from you!***. But we don't stop there:</value></summary><salary>$15 an hour</salary></item>
<item><company_name><value>SpectrumAM</value></company_name><location>Austin, TX</location><job_role>HOA Compliance DRIVER for Associations (Round Rock)</job_role><job_link>https://www.simplyhired.com/job/6oUmxVUaHYKcl_xur1plCBvWsHQXwqts2z7Z0A_uEE2ySOGQZUyLjA?q=</job_link><summary><value>For this position, you must have a valid drivers’ license, auto insurance, a reliable vehicle, and a good driving record. Are you consistent and dependable?</value></summary><salary>$15 an hour</salary></item>
<item><company_name><value>Samsung Electronics</value></company_name><location>Austin, TX</location><job_role>Employee Relations Partner</job_role><job_link>https://www.simplyhired.com/job/hr6qfIUH4s34pfFWGWPLq_gn2R4LME60Co2EKtAUaEOM2A4kmL2Dww?q=</job_link><summary><value>Minimum of Bachelor’s degree in Human Resources, Industrial or Labor Relations or other related field. Partner with Legal, Compliance, as needed to ensure…</value></summary><salary>$53,000 - $71,000 a year</salary></item>
<item><company_name><value>City of Austin</value></company_name><location>Austin, TX</location><job_role>Utility Process Consultant</job_role><job_link>https://www.simplyhired.com/job/AZHYSx7vGeHCM3j6ezeWaGng6lZmXctkLSzVRBOyEc_DlZ0OvkP4Og?q=</job_link><summary><value>Conduct root cause analysis or equipment failure analysis and prepare technical reports of findings and recommend corrective or preventive actions.</value></summary><salary>$35 - $46 an hour</salary></item>
<item><company_name><value>Texas School for the Deaf</value></company_name><location>Austin, TX</location><job_role>Day Residential Educator</job_role><job_link>https://www.simplyhired.com/job/81L27uyb8CL9EbR_jTLv2mdu0lfQbSxr485Xc_u6Vj6coNPVuxt1mA?q=</job_link><summary><value>Teaches basic self-help and self-care skills related to independent living and social skill development. Evaluates student progress in attaining instructional…</value></summary><salary>$2,200 - $2,300 a month</salary></item>
<item><company_name><value>Mod intelechy</value></company_name><location>Austin, TX</location><job_role>CLIENT SERVICES MANAGER</job_role><job_link>https://www.simplyhired.com/job/C61BHV2FebDBk0NDggohGtgLe3KvMdJysDATDxm0MqhQirUWWw6xZg?q=</job_link><summary><value>Develop and manage scopes of work for creative, technology and/or strategy projects. Develop and maintain project documentation internally and externally.</value></summary><salary>$67,000 - $83,000 a year</salary></item>
<item><company_name><value>Integral Care</value></company_name><location>Austin, TX</location><job_role>Program Manager</job_role><job_link>https://www.simplyhired.com/job/O1yR0rCWfu7Ul-09Dq8skBJj9k9PQ21Lgr0IsBKsBx4LGBlwApZZYQ?q=</job_link><summary><value>Current and valid Texas driver's license and a clean driving record. Graduated from an accredited college or university with a Master's degree with a major…</value></summary><salary>$78,000 a year</salary></item>
<item><company_name><value>Faneuil, Inc.</value></company_name><location>Austin, TX</location><job_role>IOP CUSTOMER SERVICE-H2</job_role><job_link>https://www.simplyhired.com/job/1kUnUY1o8Y8NrEpkcG128EYlfhPymvO_Y6-oosk8XzS0ExPOJKYnHA?q=</job_link><summary><value>Exercises independent thinking in meeting customer expectations. Final candidates for this position will need to successfully complete a background…</value></summary><salary>$16 an hour</salary></item>
<item><company_name><value>Austin Tops</value></company_name><location>Austin, TX</location><job_role>Shop Helper</job_role><job_link>https://www.simplyhired.com/job/VKUcOfk3fMi8xYhbBCoS1vgjkQPeSMmAq7xFHzF4Emi8TR0WNydQCg?q=</job_link><summary><value>This is a skilled trade, but we are willing to train. A local granite company is seeking a reliable person that wants to learn how to polish granite kitchens.</value></summary><salary>$10 - $13 an hour</salary></item>
<item><company_name><value>HEB</value></company_name><location>Austin, TX</location><job_role>Austin 08 Bakery - Food Service Rep - Full-Time</job_role><job_link>https://www.simplyhired.com/job/heUFLbUufdqkVGKVHTQrfT9xPA3NTYG5LryXJuen350NWijlhTGYNw?q=</job_link><summary><value>Austin 08 Bakery - Food Service Rep - Full-Time. H-E-B Job Title Food Service Rep. Schedule Full-time Requested Availability (if applicable) OPEN AVAILABILITY…</value></summary><salary>$14 an hour</salary></item>
<item><company_name><value>Lettuce Networks</value></company_name><location>Austin, TX</location><job_role>Dishwasher</job_role><job_link>https://www.simplyhired.com/job/MaYQFz5_OcxCc-XwG8EIM0Edm2PcSX2Q8Zcm0m2MAT4KE00Z0NLKFQ?q=</job_link><summary><value>Ability to listen and communicate effectively. Our organization is comprised of chefs, urban farmers, engineers, dreamers and do-ers! In this job you will:</value></summary><salary>$12 an hour</salary></item>
<item><company_name><value>Health &amp; Human Services Comm</value></company_name><location>Austin, TX</location><job_role>RCCL Inspector III</job_role><job_link>https://www.simplyhired.com/job/PoJFBvV2Ps5Dkv41m0HriiTaoGUs6xqcqSFsX2xY945uIcJjT5iL6g?q=</job_link><summary><value>Four years cumulative Residential Child Care Licensing Inspector experience AND currently employed as a Residential Child Care Licensing Inspector VI AND have…</value></summary><salary>$2,700 - $4,300 a month</salary></item>
<item><company_name><value>JCPenney</value></company_name><location>Austin, TX</location><job_role>Asset Protection Manager</job_role><job_link>https://www.simplyhired.com/job/UYskhl6fzL9OvxIuMUtBdJmPfFmLTy6qYtvaBO17IkAHGp2yHeuUWA?q=</job_link><summary><value>Reinforcing this shopping experience is the customer service and warrior spirit of approximately 98,000 associates across the globe, all driving toward the…</value></summary><salary>$46,000 - $63,000 a year</salary></item>
<item><company_name><value>TikTok</value></company_name><location>Austin, TX</location><job_role>Ads Quality Specialist</job_role><job_link>https://www.simplyhired.com/job/UsUT6fU_U6wIeYrHDpxzOmMkhCXfiA2fwbXNH_I7U1dtYjLuTqKfBA?q=</job_link><summary><value>Ability to evaluate content of advertisements by referring to Ads Review Guidelines and Desktop Procedure, strong analytical and research skills;</value></summary><salary>$44,000 - $59,000 a year</salary></item>
<item><company_name><value>KB Home</value></company_name><location>Austin, TX</location><job_role>Studio Coordinator</job_role><job_link>https://www.simplyhired.com/job/czzYvisK1je_cyTXKL5c_thqQOnZ4HNbB-4h4pFfDwnz68cYPHb9DQ?q=</job_link><summary><value>And as the first builder ever to make every home we build ENERGY STAR® certified, KB Home is able to not only design thoughtful living spaces but ones that…</value></summary><salary>$30,000 - $42,000 a year</salary></item>
<item><company_name><value>Google</value></company_name><location>Austin, TX</location><job_role>Service Offerings Operations Manager, Google Cloud Customer Care</job_role><job_link>https://www.simplyhired.com/job/dL2PQQqKxrpBGNeGxcoeOO4cqD2RIkjYhmXmCx1XtYSxPVlyFZ007Q?q=</job_link><summary><value>Experience managing or working with Product Management, Support, and engineering teams for technical products. Experience with spreadsheet analysis and SQL.</value></summary><salary>$74,000 - $100,000 a year</salary></item>
<item><company_name><value>Kabam</value></company_name><location>Austin, TX</location><job_role>People Business Partner</job_role><job_link>https://www.simplyhired.com/job/aetXPs6Zp1DDKsqeWIggZHCTKh5iddVYDB7uvxH2dp_j9WT5sm656A?q=</job_link><summary><value>Employment decisions are based on candidate qualifications and business need, not race, color, ancestry, place of origin, age, sex (including pregnancy), gender…</value></summary><salary>$80,000 - $110,000 a year</salary></item>
<item><company_name><value>Calendar Holdings LLC</value></company_name><location>Austin, TX</location><job_role>Fuego - Distro - Picking Associate</job_role><job_link>https://www.simplyhired.com/job/Fo8oAmz9FeM9Xfx2Rn2GMVJMSDfywnP0pHaJ-b8s5jQwT-OXiux6dQ?q=</job_link><summary><value>By selling an eclectic mix of jewelry, accessories, novelty items, and apparel. 2.Properly pack merchandise to ensure adequate protection and compliance for…</value></summary><salary>$20,000 - $27,000 a year</salary></item>
<item><company_name><value>Experian</value></company_name><location>Austin, TX</location><job_role>Product Content Strategist</job_role><job_link>https://www.simplyhired.com/job/Wn9ZnLwWrirpUqxQ8xBV9JaEghyUjF2X1KETe8SSxslV-9MHDorOmQ?q=</job_link><summary><value>Bachelor’s degree in English, Communications, Journalism, Technical Writing, HCI, UX, or equivalent practical experience. About us, but we’ll be brief.</value></summary><salary>$69,000 - $93,000 a year</salary></item>
<item><company_name><value>Travis County</value></company_name><location>Austin, TX</location><job_role>Deputy Constable (Temporary)</job_role><job_link>https://www.simplyhired.com/job/nkkeTLBDhacviWpFMkLadlbxNgIhCiB6PsheshtkDpu292wKteugwg?q=</job_link><summary><value>Requires active peace officer license. Criminal, Credit, Driving, Education and Employment Background Check Required. May perform traffic related functions.</value></summary><salary>$24 an hour</salary></item>
<item><company_name><value>TruGreen</value></company_name><location>Round Rock, TX</location><job_role>Lawn Specialist</job_role><job_link>https://www.simplyhired.com/job/nJ0f0XlIeFqZ9MMS_E7G2DEOjdYRFLMn5a9eUlfSv061oxprH9RU7w?q=</job_link><summary><value>Some positions may require a valid driver's license and/or appropriate state/local licensing. By providing my cell phone number, I agree that TruGreen may call…</value></summary><salary>$60,000 - $75,000 a year</salary></item>
<item><company_name><value>Dimensional Fund Advisors</value></company_name><location>Austin, TX</location><job_role>Associate Investment Strategist - Product Specialist (Equity)</job_role><job_link>https://www.simplyhired.com/job/MriDcp5B-nrHdsQclrpV61xdKDYtpStgRnnd4wCeYJ4C-Hx2mcn3gQ?q=</job_link><summary><value>This policy applies to all areas of employment including recruitment, hiring, training, job assignment, promotion, compensation, benefits, transfer, discipline,…</value></summary><salary>$65,000 - $88,000 a year</salary></item>
<item><company_name><value>IAA, Inc.</value></company_name><location>Austin, TX</location><job_role>Title Specialist</job_role><job_link>https://www.simplyhired.com/job/hM5h-8A9QrnkRHTmNeNBlaISvr4U-QjnqAHhvntYVW4zgM5TsvkApg?q=</job_link><summary><value>The contractor will not discharge or in any other manner discriminate against employees or applicants because they have inquired about, discussed, or disclosed…</value></summary><salary>$38,000 - $53,000 a year</salary></item>
<item><company_name><value>Entercom Communications Corp.</value></company_name><location>Austin, TX</location><job_role>Part-Time Producer</job_role><job_link>https://www.simplyhired.com/job/IAfodTMeJVkMGHjphGEUM1d1jGXuoUNi8Ghhgi_y1n1uisbd6P3JZg?q=</job_link><summary><value>A valid driver’s license, satisfactory completion of a motor vehicle record check, and, if the position requires use of applicant’s own vehicle, proof of…</value></summary><salary>$36,000 - $50,000 a year</salary></item>
<item><company_name><value>Ogletree Deakins</value></company_name><location>Austin, TX</location><job_role>Business Immigration Associate</job_role><job_link>https://www.simplyhired.com/job/HcxC3eTCeqa7OCaaC7S-Dzqh-gnIrPZJsW8v-q7XLp9I7k0reuyejQ?q=</job_link><summary><value>Qualified candidates must be and remain licensed to practice law and in good standing. Our attorneys are proactive in handling client matters, from case…</value></summary><salary>$58,000 - $80,000 a year</salary></item>
<item><company_name><value>University of Texas at Austin</value></company_name><location>Austin, TX</location><job_role>Utilities Insulator</job_role><job_link>https://www.simplyhired.com/job/yF4dxDmkOdu02esHcg8CdXV-bC6bQh75thXewvGB27-C2PKGJnBy2Q?q=</job_link><summary><value>Able to obtain and maintain an Asbestos O and M Supervisor abatement license for use in removal and repair of Asbestos Containing Materials "ACM" in accordance…</value></summary><salary>$41,000 - $56,000 a year</salary></item>
<item><company_name><value>DEPARTMENT OF INFORMATION RESOURCES</value></company_name><location>Austin, TX</location><job_role>Contract Administration Mgr I</job_role><job_link>https://www.simplyhired.com/job/E0BCOHGXjOOImq_idnoOMBuCYL7q3ZefLWy5x-AN60rNFU3TeVNv-g?q=</job_link><summary><value>Certified Texas Contract Manager (CTCM) certification must be obtained within one (1) year of employment if not already certified, unless otherwise approved by…</value></summary><salary>$5,300 - $6,800 a month</salary></item>
<item><company_name><value>Lacorsha</value></company_name><location>Austin, TX</location><job_role>East Austin Maintenance Attendant</job_role><job_link>https://www.simplyhired.com/job/aCXJ5eKmwPfeAiC3UWDXu_sO_KvdGdQngYLWG-Lz-sTZlJsjViyDcQ?q=</job_link><summary><value>Works and communicates with the Director of Front Office and Director of Guest Services to perform, administer and document the preventative maintenance program…</value></summary><salary>$29,000 - $36,000 a year</salary></item>
<item><company_name><value>University of Texas at Austin</value></company_name><location>Austin, TX</location><job_role>Training and Testing Associate</job_role><job_link>https://www.simplyhired.com/job/WMwhk9CmCN8aZeat8L6v4DEp2we5VBpMH2oSAnfm-5yQ7veJyn00OA?q=</job_link><summary><value>The University of Texas at Austin, as an equal opportunity/affirmative action employer , complies with all applicable federal and state laws regarding…</value></summary><salary>$53,000 - $71,000 a year</salary></item>
<item><company_name><value>MyArea Network</value></company_name><location>Austin, TX</location><job_role>Local Contributors for Writing</job_role><job_link>https://www.simplyhired.com/job/9BoG1phCNseyFvBFC7a22hwb8s20gUn83vVU7PI7yvFXqFSbDutK-w?q=</job_link><summary><value>We empower local businesses with the digital tools they need to succeed online through our free local business profiles, as well as subscription based services…</value></summary><salary>$42,000 - $55,000 a year</salary></item>
<item><company_name><value>Blackbaud</value></company_name><location>Austin, TX</location><job_role>IT System Operations Administrator</job_role><job_link>https://www.simplyhired.com/job/7gofeAvcVXph4LQHKpHXqRTW5G3BIgJSuNSbgcNK3lHOmM-Dp_Vx3A?q=</job_link><summary><value>All qualified applicants will receive consideration for employment without regard to race, color, religion, gender, gender identity or expression, sexual…</value></summary><salary>$63,000 - $85,000 a year</salary></item>
<item><company_name><value>DGS</value></company_name><location>Austin, TX</location><job_role>Ramp Agent Austin, TX $11.50 per Hour (Part Time MID Shift) Unlimited Flight Privileges</job_role><job_link>https://www.simplyhired.com/job/gJnmzIsQE-9PdWbpU8ZRU7GQYzeLpKUfxTzH8Rtp51yzYu505TF_Cg?q=</job_link><summary><value>Performs wing walker duties to protect the aircraft wing from equipment in the path of pushback and maintains visual contact with the pushback driver to alert…</value></summary><salary>$12 an hour</salary></item>
<item><company_name><value>TikTok</value></company_name><location>Austin, TX</location><job_role>Product, Strategy &amp; Operations Intern</job_role><job_link>https://www.simplyhired.com/job/66VZB0sGealdCrQs-cq-7Nt4g2SPir4HY7eufP-JzUHtjlWnPoIi0w?q=</job_link><summary><value>Collaborate with cross-functional stakeholders to develop client-facing marketing materials and playbooks. Bachelors degree preferred, or relevant internship…</value></summary><salary>$28,000 - $37,000 a year</salary></item>
<item><company_name><value>Bumble App</value></company_name><location>Austin, TX</location><job_role>Community Marketing Operations, Associate Manager</job_role><job_link>https://www.simplyhired.com/job/Hz20nmESvBKCUaKyTGinG33IOceYdQHVCxUnn2z2FU8mmLe3TRXD-A?q=</job_link><summary><value>Spend time training team members and answering questions. Develop and maintain all backend tracking processes for payments, events, ambassador management using…</value></summary><salary>$62,000 - $82,000 a year</salary></item>
<item><company_name><value>Sentry Residential</value></company_name><location>Austin, TX</location><job_role>Realtor + License</job_role><job_link>https://www.simplyhired.com/job/moyZxWcMrnHSo4LjtK_XJzLlQXEhCOfrPKaIMw3pin_KQGGIys0Vig?q=</job_link><summary><value>You must be a state licensed real estate agent! Earnings Opportunity - Sentry Residential's goal is to help you close 30+ transactions a year and earn a six…</value></summary><salary>$93,000 - $130,000 a year</salary></item>
<item><company_name><value>Menlo Technologies</value></company_name><location>Austin, TX</location><job_role>Hindi Language Consultant</job_role><job_link>https://www.simplyhired.com/job/vwzPvfamXiFjwrL0kejEdbPp-hwHeIMd96jFHxl1e1Mip6BIPtyCmw?q=</job_link><summary><value>Curiosity to learn about new tools and procedures. Good sense of cultural sensitivity and appropriateness of content for target audience.</value></summary><salary>$55,000 - $72,000 a year</salary></item>
<item><company_name><value>PARKS AND WILDLIFE DEPARTMENT</value></company_name><location>Austin, TX</location><job_role>TPWD - Seasonal Clerk I</job_role><job_link>https://www.simplyhired.com/job/-IL1p-Ets-Icw6Yhl4XwG8JETnsLPZJ7YOFkxgBBSmhb-0rVfDgTuw?q=</job_link><summary><value>If driving is required, applicant must possess a valid State driver's license. Under the general supervision of the Office Manager, this position is responsible…</value></summary><salary>$11 an hour</salary></item>
<item><company_name><value>Elements</value></company_name><location>Austin, TX</location><job_role>Be apart of an Great Team</job_role><job_link>https://www.simplyhired.com/job/Uu3kWpjtF8FK0gv1Svs2BZHF5xC2PYjF-CIaX8kXVG2--w_p6oGF5Q?q=</job_link><summary><value>Licensed by the state of Texas. Our front desk team will make sure our clients are taken care of from start to finish. Why Elements as the employer of choice:</value></summary><salary>$39,000 - $52,000 a year</salary></item>
<item><company_name><value>Imperfect Foods</value></company_name><location>Austin, TX</location><job_role>Delivery Driver</job_role><job_link>https://www.simplyhired.com/job/zP60KfzkFcGW95hNvcufZh3-9YWjN_26Yc2pfsQ3Fqx7dKHt-Yy6Dw?q=</job_link><summary><value>CDL Class A or B license preferred but not required. Must be at least 22 years old, and have had a valid driver's license for at least 4 years.</value></summary><salary>$19 an hour</salary></item>
<item><company_name><value>Communities In Schools of Central Texas</value></company_name><location>Austin, TX</location><job_role>XY Zone Program Coordinator</job_role><job_link>https://www.simplyhired.com/job/OdQTB396Cx5VLwLztb8fLLO0XzJXXOtdFy3d7PiosY-Rr23DSj51_g?q=</job_link><summary><value>Bachelors degree in human services, psychology, social work, or related field is preferred. Strategies to retain technical information as relevant to job…</value></summary><salary>$47,000 - $68,000 a year</salary></item>
<item><company_name><value>Dept of State Health Services</value></company_name><location>Austin, TX</location><job_role>Needs Assessment Coordinator</job_role><job_link>https://www.simplyhired.com/job/hGRG9aS2e275JyBpG1DeATg6rw1gaiPKbbuNKQgzhj8PmJNodk-9vA?q=</job_link><summary><value>Strong technical writing skills to clearly and succinctly communicate project/research information for correspondence with state and federal agencies, grant…</value></summary><salary>$4,600 - $6,100 a month</salary></item>
<item><company_name><value>Nuvia Inc</value></company_name><location>Austin, TX</location><job_role>DV - CPU</job_role><job_link>https://www.simplyhired.com/job/TgspWyqfwqCBNmwcLDimbSOKN4hSBArjyG8J77gpSn3E-sfNQxhNZg?q=</job_link><summary><value>Able to develop and work independently on a block/unit of the design. Develop verification environment, including all the respective components such as stimulus…</value></summary><salary>$57,000 - $78,000 a year</salary></item>
<item><company_name><value>Calendar Holdings LLC</value></company_name><location>Austin, TX</location><job_role>General Warehouse Associate - Austin</job_role><job_link>https://www.simplyhired.com/job/ViXjjbtAUqpCiZ-bftfAfDRvYK8SfEEdwNrLscq5VRK3SeLSfsFgHQ?q=</job_link><summary><value>Possess ability to embrace teamwork, but work independent at a quick pace. Our world class website, Calendars.com, offers customers a selection of more than 6…</value></summary><salary>$21,000 - $28,000 a year</salary></item>
<item><company_name><value>Wix</value></company_name><location>Austin, TX</location><job_role>Customer Care Operations Manager</job_role><job_link>https://www.simplyhired.com/job/P4x-dnFdU6JNA2L6iBxxlLJ-1G4mfOb1gmkoFsVZimwDvG2F1r4ivw?q=</job_link><summary><value>Identify and review relevant tools, software and services that answer our needs. Design and implement product and workflow tests that involve Customer Care and…</value></summary><salary>$76,000 - $100,000 a year</salary></item>
<item><company_name><value>HEB</value></company_name><location>Leander, TX</location><job_role>Leander Gen Mdse - Overnight Stocker - Part-Time</job_role><job_link>https://www.simplyhired.com/job/nSVAZ5v7VxAFh-dwOjLcO3i-DeEjNgNPGnpETDkIwyvTBF3Trgql1w?q=</job_link><summary><value>Leander Gen Mdse - Overnight Stocker - Part-Time. H-E-B Job Title Night Stocker. Schedule Part-time Requested Availability (if applicable) 10PM - 8AM;</value></summary><salary>$15 an hour</salary></item>
<item><company_name><value>Austin Diagnostic Clinic</value></company_name><location>Austin, TX</location><job_role>Medical Office Specialist</job_role><job_link>https://www.simplyhired.com/job/sthu_Kt5m7VN9rUck-XjFztfeLn-bDfvobppAhPyqMuOQryZtnykyQ?q=</job_link><summary><value>You will manage all front office functions including patient relations, check-in/check-out, scheduling, insurance verification, and answering phones.</value></summary><salary>$31,000 - $39,000 a year</salary></item>
<item><company_name><value>Capsum</value></company_name><location>Austin, TX</location><job_role>Customer Account Manager (Austin, TX)</job_role><job_link>https://www.simplyhired.com/job/C--5FUP7g5s_6AMrHogDIuQ15_6nfzMfgaQRSrzL_apXt-IwAypv9Q?q=</job_link><summary><value>Bachelor’s Degree required or 5+ years equivalent experience in a related field. Represent department in all necessary customer conference calls and internal…</value></summary><salary>$54,000 - $74,000 a year</salary></item>
<item><company_name><value>Freedom Solar LLC</value></company_name><location>Austin, TX</location><job_role>Residential Energy Consultant</job_role><job_link>https://www.simplyhired.com/job/3dxWBWvLJCkHd32YHVHQUoIXsB9hSks_kd08YsyQEt0k8AzXBCgC1A?q=</job_link><summary><value>Access to dedicated company vehicles for sales calls. If your profile is deemed a good fit for the role, you will be contacted to schedule a telephone interview…</value></summary><salary>$75,000 - $120,000 a year</salary></item>
<item><company_name><value>Freytag's Florist</value></company_name><location>Austin, TX</location><job_role>Floral Design Assistant</job_role><job_link>https://www.simplyhired.com/job/yFtAJmFgqSHrDhGJKKvUO-FeaCo3poXUUaZ-LwBWUByPHzQydIWjqg?q=</job_link><summary><value>This is an entry level position into floral design. You will learn all aspects of floral design from our amazing design team. Passion and love for flowers.</value></summary><salary>$29,000 - $37,000 a year</salary></item>
<item><company_name><value>Regions Bank</value></company_name><location>Austin, TX</location><job_role>Financial Relationship Specialist</job_role><job_link>https://www.simplyhired.com/job/2lfHNdpoqKxDqVPJNo4oyd5X0yICbZwygFtg4IrKyOINEIv7soqDKw?q=</job_link><summary><value>Achieves required levels of outbound phone calls using generated customer and prospect lead lists to educate customers on emerging technology and assist with…</value></summary><salary>$30,000 - $40,000 a year</salary></item>
<item><company_name><value>Health &amp; Human Services Comm</value></company_name><location>Austin, TX</location><job_role>Instructional Designer</job_role><job_link>https://www.simplyhired.com/job/Gdyqkv09SyHrNHN0APNATRoudbZaqcS4By6Z1TeeSPUjsVYhkCwRMQ?q=</job_link><summary><value>Designs, develops, formats, reviews, revises, implements and evaluates training curricula and materials to fill identified training gaps/needs and meet…</value></summary><salary>$3,500 - $5,700 a month</salary></item>
<item><company_name><value>Facebook</value></company_name><location>Austin, TX</location><job_role>Credit Analyst</job_role><job_link>https://www.simplyhired.com/job/SQByG8Yt7zrBkQVBebIypNcitV5bvNdD_6h-ZWOxa3yLuv-QBA67XA?q=</job_link><summary><value>Direct performance and review of credit inquiries, recommending/granting credit limit assignments, accounts receivable aging analysis, cash receipt forecasting,…</value></summary><salary>$55,000 - $70,000 a year</salary></item>
<item><company_name><value>TEXAS DEPARTMENT OF MOTOR VEHICLES</value></company_name><location>Austin, TX</location><job_role>Director of Accounting</job_role><job_link>https://www.simplyhired.com/job/P5yzfLPsjV-gMHhZfI7_npvuhx0sKbqGVc_DK3jFMKBnfyEEGKZ6dg?q=</job_link><summary><value>Satisfactory driving records are required for driving state or personal vehicles and motor driven equipment to conduct agency business. Yes, 10 % of the Time.</value></summary><salary>$5,800 - $8,200 a month</salary></item>
<item><company_name><value>International Society of Arboriculture (ISA)</value></company_name><location>Austin, TX</location><job_role>Community Tree Preservation Division Manager</job_role><job_link>https://www.simplyhired.com/job/OSRF5hAexdjTIO0JDrMsR8qs3HGsE07sEatxO0J_2_RogCvAuxlBfg?q=</job_link><summary><value>Have, or demonstrate the ability obtain prior to hire date, a Class C Texas Driver License. Undergraduate degree in forestry, planning, or related field.</value></summary><salary>$68,000 - $90,000 a year</salary></item>
<item><company_name><value>Recurrent Energy</value></company_name><location>Austin, TX</location><job_role>Analyst, Origination &amp; Structuring</job_role><job_link>https://www.simplyhired.com/job/C_WxcKgGYMIi5i6zunQyzy57gSdJIV05Rcj3e4XWXsaaTfCaIjWFUg?q=</job_link><summary><value>Develop proposals and project level content, provide transactional document and analytical support, complete financial and economic analyses.</value></summary><salary>$83,000 - $110,000 a year</salary></item>
<item><company_name><value>City of Buda, TX</value></company_name><location>Buda, TX</location><job_role>Utility Clerk</job_role><job_link>https://www.simplyhired.com/job/gRcwPLvh09W58p4GWL7UBf6yOn7O7KfUyG6L2dNfeb_k8TxkFACkeg?q=</job_link><summary><value>This is accomplished by collecting payments for water and utility bills, answering calls for service, enrolling customers, mailing invoices, working with…</value></summary><salary>$24,000 - $30,000 a year</salary></item>
<item><company_name><value>South Congress Hotel</value></company_name><location>Austin, TX</location><job_role>Cafe No Se Restaurant Host</job_role><job_link>https://www.simplyhired.com/job/3Em9Rh8mGkxHjs1qC40PeAiHfE4VyXgSZuabaICCqP7NJTAaMXy6Bw?q=</job_link><summary><value>We’re looking for warm, genuine and thoughtful individuals with the skills to provide our guests with top-tier hospitality and an unforgettable, authentic…</value></summary><salary>$23,000 - $31,000 a year</salary></item>
<item><company_name><value>Health &amp; Human Services Comm</value></company_name><location>Austin, TX</location><job_role>Manager Results Management Office</job_role><job_link>https://www.simplyhired.com/job/ikFqVcHhz6McDUkvZTuOgIcPBoI0hSf-pt4LaRUpkJc5F8h-_C8chg?q=</job_link><summary><value>Works with staff and external stakeholders to identify risks and issues and develop mitigation strategies. Skill in identification of project risks and gaps and…</value></summary><salary>$5,800 - $9,800 a month</salary></item>
<item><company_name><value>Omni Hotels &amp; Resorts</value></company_name><location>Austin, TX</location><job_role>Golf Cart Attendant | Lakeside $11/hr</job_role><job_link>https://www.simplyhired.com/job/bjDoQibqnDzMmyqhfcC3w2lVypYA-5bBNyUq54Nyrqm8S9x5IUgb7g?q=</job_link><summary><value>Responsible for giving the highest level of guests service while helping to maintain the quality of our daily golf operation.</value></summary><salary>$11 an hour</salary></item>
<item><company_name><value>DEPARTMENT OF INFORMATION RESOURCES</value></company_name><location>Austin, TX</location><job_role>Info Tech Security Analyst II</job_role><job_link>https://www.simplyhired.com/job/P-CHlQfzNP69jAVtFRp9T70Yu3mvnuB8Ud9PMmUjAbgFWVwWShGTnw?q=</job_link><summary><value>If not already certified, must obtain within one year of employment a Certified Information Systems Auditor (CISA), Certified Information Security Manager (CISM…</value></summary><salary>$5,300 - $7,500 a month</salary></item>
<item><company_name><value>University of Texas at Austin</value></company_name><location>Austin, TX</location><job_role>Student Affairs Administrator</job_role><job_link>https://www.simplyhired.com/job/l_DqEZp9h50YAS1jsEz2Ec3PhO3Q9Qt9X8HqqbvXHhudVzJRzA1j1g?q=</job_link><summary><value>Assist with recruitment and retention of student volunteers and develop training and assessment for student leadership. Provide fiscal advisement to students;</value></summary><salary>$48,000 - $62,000 a year</salary></item>
<item><company_name><value>Brandt Companies</value></company_name><location>Austin, TX</location><job_role>PM2 - Electrical</job_role><job_link>https://www.simplyhired.com/job/U1He0WsZE6Cjlr0dz83Y9jgjrhbHLKi-qIkGqI7c42Pbrt-hvBmeiw?q=</job_link><summary><value>Mechanical or electrical engineering or construction science degree (or commensurate levels of technical training and related experience).</value></summary><salary>$71,000 - $91,000 a year</salary></item>
<item><company_name><value>GSD&amp;M</value></company_name><location>Austin, TX</location><job_role>Project Manager</job_role><job_link>https://www.simplyhired.com/job/egtZJTdQwS5QF87XiMoxrR0ycxDdWXcV--XTkG34JTR1qQHkyt19xg?q=</job_link><summary><value>Min 3+ years project management experience in traditional advertising setting or related field (ad agency experience a major plus).</value></summary><salary>$69,000 - $91,000 a year</salary></item>
<item><company_name><value>Ace-stack LLC</value></company_name><location>Austin, TX</location><job_role>Performance Tester</job_role><job_link>https://www.simplyhired.com/job/d3NHSQgkYLwWCiNOs7Yn_ZqjgBsTUe9PFLS6aM1uMxkA9z3qBjXWxA?q=</job_link><summary><value>Must have experience with performance testing tools – JMeter/Blazemeter, LoadRunner, APM tools- CA Wily Introscope, Fluke, Splunk, App Dynamics, BMC Patrol HP…</value></summary><salary>$110,000 a year</salary></item>
<item><company_name><value>Dell Technologies</value></company_name><location>Austin, TX</location><job_role>Pricing Consultant</job_role><job_link>https://www.simplyhired.com/job/nuEMvbZy4l6i1ZBXkQcX7kIqQnd9tA5VPad0Fifon3lBh8ZavpBwww?q=</job_link><summary><value>Develop and implement pricing strategies to maximize sales and market penetration, and ensure long-term profitability objectives are met.Participate in cross…</value></summary><salary>$60,000 - $79,000 a year</salary></item>
<item><company_name><value>Canva</value></company_name><location>Austin, TX</location><job_role>Education Head of Sales</job_role><job_link>https://www.simplyhired.com/job/wXFnsGi6A7UmEl2AT8No022ItXZoUuV3IlFR0SsrMiFu-3Bs0Pl3gA?q=</job_link><summary><value>He or she will help Canva leadership develop and grow the company’s strategy and execution of Education goals, implement best practices for building a world…</value></summary><salary>$59,000 - $76,000 a year</salary></item>
<item><company_name><value>YETI Coolers</value></company_name><location>Austin, TX</location><job_role>Manager, Product Safety Compliance</job_role><job_link>https://www.simplyhired.com/job/FMj1E9GvRZL1u1godimju6N-bt9E3Sp1-WjVW0z7wkVwouJgyffG2w?q=</job_link><summary><value>Develop and implement written procedures, protocols, and training for testing and other product safety related areas. We are BUILT FOR THE WILD™.</value></summary><salary>$76,000 - $100,000 a year</salary></item>
<item><company_name><value>Ukpeagvik Iñupiat Corporation/Bowhead Family of Companies</value></company_name><location>Austin, TX</location><job_role>Content Writer/Editor</job_role><job_link>https://www.simplyhired.com/job/wUm7SLp-gqhip2GaWsIU_CghnxMSJSn4rYOC1B7n7lPT53spLlEnQw?q=</job_link><summary><value>Where driving may be required or where a rental car must be obtained for business travel purposes, applicants must have a valid driver license for this position…</value></summary><salary>$47,000 - $61,000 a year</salary></item>
<item><company_name><value>City of Austin</value></company_name><location>Austin, TX</location><job_role>IT Geospatial Analyst</job_role><job_link>https://www.simplyhired.com/job/ey77HZQbVTpm4IkhoKLTW_h2IP69IQ3q81ETmHEpzEJD9i93mNn6Mw?q=</job_link><summary><value>Two (2) years of education from an accredited college or university in a field related to the job. May be required to navigate various types of terrains in…</value></summary><salary>$22 - $28 an hour</salary></item>
<item><company_name><value>TikTok</value></company_name><location>Austin, TX</location><job_role>Training &amp; Development Specialist</job_role><job_link>https://www.simplyhired.com/job/p8plDhdy8dPib75HaTe9CKy9p52w2GxPB8Y128XRZc28FPWxcwagvw?q=</job_link><summary><value>This individual will work closely with our QA, Policy, and Content Moderations teams to develop a training program that can be rolled out nationwide.</value></summary><salary>$44,000 - $64,000 a year</salary></item>
<item><company_name><value>University of Texas at Austin</value></company_name><location>Austin, TX</location><job_role>Lab technician in the Mukhopadhyay lab</job_role><job_link>https://www.simplyhired.com/job/BAx46VW0vwoY5tUqpxvGDE2FnnogTlN0GgTxlledKZIcTXFa68NwJQ?q=</job_link><summary><value>Bachelor’s or Master’s degree in Biology, Neuroscience, Pharmacology or related field. In Biology, Neuroscience, Pharmacology or related field.</value></summary><salary>$32,000 - $42,000 a year</salary></item>
<item><company_name><value>A Cloud Guru</value></company_name><location>Austin, TX</location><job_role>Technical Writer</job_role><job_link>https://www.simplyhired.com/job/WNZ1BLEH_reo-urTcb_Gy6yIct73RPR7UoHBKhkrM45fN7oDXRkclQ?q=</job_link><summary><value>If you ask a question you’ll have multiple people chipping in to help you answer it, all in the most sincere and earnest way. REFINE | COMMUNICATE | EDUCATE.</value></summary><salary>$53,000 - $71,000 a year</salary></item>
<item><company_name><value>Security Industry Specialists, Inc.</value></company_name><location>Austin, TX</location><job_role>Security Screening Specialist</job_role><job_link>https://www.simplyhired.com/job/meH8w8Irkx4rNmOEmBsbPLyQYfrUX60wvczBthQioFL5cWTDN4vIPA?q=</job_link><summary><value>Level II non-commissioned security license. Provide escort services to the client’s visitors, contractors and vendors as required. Level III and IV accepted.</value></summary><salary>$17 an hour</salary></item>
<item><company_name><value>D.R. Horton Inc.</value></company_name><location>Austin, TX</location><job_role>Corporate Trainer I</job_role><job_link>https://www.simplyhired.com/job/misPJbDfHrmW4f_KR21bJTvFMFmUVCZRhCMpVY1WERTgAQP9ap-Kqw?q=</job_link><summary><value>Develop and maintain the curriculum, agenda, communication, materials and participation for multi-day onsite training programs, webinars, on-demand videos and…</value></summary><salary>$50,000 - $71,000 a year</salary></item>
<item><company_name><value>A Cloud Guru</value></company_name><location>Austin, TX</location><job_role>Customer Success Manager</job_role><job_link>https://www.simplyhired.com/job/QF8KJvfDgiZptY61p8I7CZ1sDASIQ0PWeILjZcoT4nyPAizIW0aBOw?q=</job_link><summary><value>Then we’ll schedule a Zoom call to meet other members of the team, answer any questions you have, and give you a feel for what it’s really like to work at ACG.</value></summary><salary>$47,000 - $59,000 a year</salary></item>
<item><company_name><value>Dropoff</value></company_name><location>Austin, TX</location><job_role>Driver Contractor</job_role><job_link>https://www.simplyhired.com/job/zSh7bWwbIyM3fllI4jLBEU6E2YC7aPFKV8cdtYn2hSKtD0BfjG6Xfw?q=</job_link><summary><value>A current driving license and clean driving record. Dropoff Tracker increases enterprise businesses’ visibility into all of their deliveries, with details of…</value></summary><salary>$30,000 - $41,000 a year</salary></item>
<item><company_name><value>First American</value></company_name><location>Austin, TX</location><job_role>Escrow Assistant</job_role><job_link>https://www.simplyhired.com/job/RmC64CQpawUIpaMGfjhOR83gLGMrhBajdxm1UVPb2J9p4jJSHsKRQw?q=</job_link><summary><value>As a global leader in providing title insurance, settlement services and risk solutions for real estate transactions, First American (NYSE:</value></summary><salary>$30,000 - $38,000 a year</salary></item>
<item><company_name><value>Whole Foods Market</value></company_name><location>Austin, TX</location><job_role>Production Support Analyst</job_role><job_link>https://www.simplyhired.com/job/DjHfpLZPaJDAGX-NNmQoDxFMxU8WHxds5m6XNAai2MzvvxCF0uKzqQ?q=</job_link><summary><value>Object-oriented language (.NET/C#/VB/ASP.NET, Java or similar) with OO analysis &amp; design skills and use of Integrated Development Environment Tools (RAD or…</value></summary><salary>$59,000 - $76,000 a year</salary></item>
<item><company_name><value>IBM</value></company_name><location>Austin, TX</location><job_role>Apttus Application Consultant</job_role><job_link>https://www.simplyhired.com/job/Yg2h1G2ODQDsKLU0zlO1pL699KS0wIibMpMD0krvU7IDOLLFiO2gJg?q=</job_link><summary><value>Conduct business analysis leveraging knowledge of Apttus process design, capabilities, architecture, data flows and integration. Thank you for your interest.</value></summary><salary>$100,000 - $140,000 a year</salary></item>
<item><company_name><value>TEXAS EDUCATION AGENCY</value></company_name><location>Austin, TX</location><job_role>Social Studies Coordinator (Education Specialist IV)</job_role><job_link>https://www.simplyhired.com/job/SDB5JON2D05OCqC92ypb9G4abU3JeLWs8viCcWvAC3KjlKyrd4TOew?q=</job_link><summary><value>The Social Studies Coordinator supports schools, parents, and stakeholders by providing clarification and guidance for the K-12 social studies Texas Essential…</value></summary><salary>$4,600 - $6,100 a month</salary></item>
<item><company_name><value>Texas School for the Deaf</value></company_name><location>Austin, TX</location><job_role>Middle School Assistant Principal</job_role><job_link>https://www.simplyhired.com/job/BCBZYkQX8dQm1R6ASi-7VmEqJ0LTGYdV_r11hgtfFL5u_NSNEMYLiA?q=</job_link><summary><value>Administrative certification required by the State of Texas (i.e., Assistant Principal or Principal) or in the process of becoming certified.</value></summary><salary>$67,000 - $93,000 a year</salary></item>
<item><company_name><value>HEB</value></company_name><location>Austin, TX</location><job_role>Austin 25 Floral - Perishables Rep - Part-Time</job_role><job_link>https://www.simplyhired.com/job/qSB9m-nw0MIwRTzaukaSjgu7GiNFrVYlfLChJJc8wu2MmMQS0Yr6hQ?q=</job_link><summary><value>Austin 25 Floral - Perishables Rep - Part-Time. H-E-B Job Title Perishables Rep. Schedule Part-time Requested Availability (if applicable) 7:30AM-8PM;</value></summary><salary>$14 an hour</salary></item>
<item><company_name><value>The Medical Team</value></company_name><location>Austin, TX</location><job_role>Hospice Volunteer</job_role><job_link>https://www.simplyhired.com/job/Rwdg2vB5OAkV90_zsHDc8dBNtgYlSCjyVGgVo-bdq_RP7fl2buT03w?q=</job_link><summary><value>Valid State of Texas Driver’s License with good driving record. O Provide clerical support to office staff. Is subject to hostile and emotionally upset clients,…</value></summary><salary>$30,000 - $42,000 a year</salary></item>
<item><company_name><value>Rooster Teeth</value></company_name><location>Austin, TX</location><job_role>Community Engagement Intern</job_role><job_link>https://www.simplyhired.com/job/MbOoBY3kdSC0W5lkgiQFxfp5Sq3CjEadYicFeW21lpn_JcSvFcdHuA?q=</job_link><summary><value>Develop new content strategies alongside studio leadership based on experience. With broadcast and live-action production capabilities and a world class…</value></summary><salary>$28,000 - $36,000 a year</salary></item>
<item><company_name><value>Valassis</value></company_name><location>Austin, TX</location><job_role>Product Owner</job_role><job_link>https://www.simplyhired.com/job/Cd8-QFXIwjfVXPQlvQXh961NdT7i3dbhLUaDj0zZ8v-QKOvLQW8U0g?q=</job_link><summary><value>Bachelor’s degree or higher – preferably in relevant technical fields such as Computer Science, Analytics, etc. Brands across all industry categories.</value></summary><salary>$88,000 - $120,000 a year</salary></item>
<item><company_name><value>Babylon Health</value></company_name><location>Austin, TX</location><job_role>Operations Learning &amp; Development Specialist</job_role><job_link>https://www.simplyhired.com/job/J83itRZVJfWd16CBc6gKlEy3fvhuaRNa-EIdJnZB96ZYx6zD5wNJLQ?q=</job_link><summary><value>Own the design, build, and maintenance of learning and development materials, including curriculum development, training videos, Articulate eLearning courses,…</value></summary><salary>$64,000 - $93,000 a year</salary></item>
<item><company_name><value>Dept of State Health Services</value></company_name><location>Austin, TX</location><job_role>Manager I</job_role><job_link>https://www.simplyhired.com/job/AiUxitmxuZqTizWLZxQlyg4RObYt0RmB_U7isKH9R_VVbsiV31uTfQ?q=</job_link><summary><value>Facilitates special investigations and program analysis, which includes working with the Office of Inspector General and Secretary of State office and U.S.</value></summary><salary>$4,300 - $5,700 a month</salary></item>
<item><company_name><value>Tableau</value></company_name><location>Austin, TX</location><job_role>Manager, LATAM Customer Success &amp; Renewals</job_role><job_link>https://www.simplyhired.com/job/rwrcbz6b4LFPCUSd_2LopCF3K4zTMbA8PNbnnItHugVPDhLo02rCWQ?q=</job_link><summary><value>Experience using business intelligence tools (ideally Tableau) and are able to expertly discuss product features with technical customer teams.</value></summary><salary>$87,000 - $110,000 a year</salary></item>
<item><company_name><value>UCB S.A.</value></company_name><location>Austin, TX</location><job_role>Clinical Account Specialist Dermatology- Austin North</job_role><job_link>https://www.simplyhired.com/job/BMGnvFMDNSfpZnVc3hUVpyBQIL423zXPcpkDVdgATByfuCF7n9TyfA?q=</job_link><summary><value>Must have a valid Driver License with no more than 2 moving violations in the previous three-year period. Behave compliantly with all UCB policies / approved…</value></summary><salary>$82,000 - $110,000 a year</salary></item>
<item><company_name><value>Swinerton Builders</value></company_name><location>Austin, TX</location><job_role>General Labor Clean Up</job_role><job_link>https://www.simplyhired.com/job/LsaMa-7CykPt78HCpvwiD9qul_k5gKJWAYdb30zFMR9FmCgBJCOaVg?q=</job_link><summary><value>Load, unload, and identify building materials, machinery, and tools, and distribute them to the appropriate locations, according to project plans and…</value></summary><salary>$24,000 - $34,000 a year</salary></item>
<item><company_name><value>Cvent</value></company_name><location>Austin, TX</location><job_role>Project Manager, Enterprise Events</job_role><job_link>https://www.simplyhired.com/job/AMBKUFzyQSPB_XU7BJt2j8h-RVljkjZJbbAvuRWE1ugHvBVNvz167Q?q=</job_link><summary><value>Cvent Advanced Certification and Mobile Solutions Certification required. Working knowledge of project planning, analysis, design and implementation.</value></summary><salary>$68,000 - $84,000 a year</salary></item>
<item><company_name><value>Health &amp; Human Services Comm</value></company_name><location>Austin, TX</location><job_role>Protective Srv Intake Spcl V</job_role><job_link>https://www.simplyhired.com/job/FXcBdgxCPLXS73EqamsyOsOp6-CEFY7qE3wB4IXnMdsEaj2A5dgf8A?q=</job_link><summary><value>Answers calls, reviews faxes, mail and internet information received. Answers calls related to abuse/neglect/exploitation (ANE) involving Nursing Facilities,…</value></summary><salary>$3,500 - $4,500 a month</salary></item>
<item><company_name><value>Texas Department of Transportation</value></company_name><location>Austin, TX</location><job_role>Graphics/Data Designer - Communications Division</job_role><job_link>https://www.simplyhired.com/job/mrH1eX-Zm01yr_wHgCSiTTAIjdF22hFJNqir7-rUQ4ST0HA_rJlgLw?q=</job_link><summary><value>The ideal candidate has a background in graphics design and data design/ layout and will work in a fast-paced environment with tight deadlines and require…</value></summary><salary>$52,000 - $75,000 a year</salary></item>
<item><company_name><value>Student PIRGs</value></company_name><location>Austin, TX</location><job_role>Organizing Fellowship</job_role><job_link>https://www.simplyhired.com/job/6NLv-C-lq3-6UZXOW-zplZ9ozfE6cfYUm-KSZ7Y7adeAjjVQkfrbkw?q=</job_link><summary><value>Whether or not those students make real progress depends on whether they are organized, have the skills to be effective and have a strategic plan to get things…</value></summary><salary>$28,000 - $35,000 a year</salary></item>
<item><company_name><value>Oxfam America</value></company_name><location>Austin, TX</location><job_role>Canvassing Opportunities Here – All levels needed! - NCE</job_role><job_link>https://www.simplyhired.com/job/vUUjbDsGz9sICFhneAkSjwsnMrQL1f4FAM2tMFvsrkwysxfm6k9Ziw?q=</job_link><summary><value>Passionate about current events and social issues. $16 - $23/hr starting wage window based on experience. Become a face to face fundraiser working on behalf of…</value></summary><salary>$16 - $23 an hour</salary></item>
<item><company_name><value>Facebook</value></company_name><location>Austin, TX</location><job_role>Data Enablement Solutions Partner- People Data Solutions</job_role><job_link>https://www.simplyhired.com/job/9sz52IzyE-41AOvEqH6o3Q67nrWspsJJ67l604Z9IMhiADDGBG4ENg?q=</job_link><summary><value>BA/BS degree in a technical discipline (e.g., computer science, engineering, information systems, math, statistics), or equivalent work experience.</value></summary><salary>$72,000 - $93,000 a year</salary></item>
<item><company_name><value>SpyCloud</value></company_name><location>Austin, TX</location><job_role>Customer Success Manager</job_role><job_link>https://www.simplyhired.com/job/WGSNxvaf9388klBZmAHdiFQMTjMtGonDeJ3XfXHBhdRvQ8vXOtQkcQ?q=</job_link><summary><value>Strong technical aptitude with the capability of talking to and staying abreast of technical developments at SpyCloud. Self starter with drive to succeed.</value></summary><salary>$70,000 - $91,000 a year</salary></item>
<item><company_name><value>Everlywell</value></company_name><location>Austin, TX</location><job_role>Visual Designer</job_role><job_link>https://www.simplyhired.com/job/AOfe9Ro2uhRv3kwypwUWGRkxxr7MKp7M6JmiHeJltxXBRR0FolMxZA?q=</job_link><summary><value>Bachelor’s degree in Design or a related field. Design paid ads, GIFs, social content, sales collateral, and print. 5+ years of Graphic Design experience.</value></summary><salary>$59,000 - $75,000 a year</salary></item>
<item><company_name><value>Fox Corporation</value></company_name><location>Austin, TX</location><job_role>Digital Content Creator</job_role><job_link>https://www.simplyhired.com/job/4dvUNKXwYEzkOgwYjLmIYBGVsiELEFPVz0JCqaJnBdJKWZDl1PA5JA?q=</job_link><summary><value>Create compelling, UX-focused content related to news, events and topics relevant to local users and beyond, including text stories, photos/graphics, live…</value></summary><salary>$50,000 - $69,000 a year</salary></item>
<item><company_name><value>Rooster Teeth</value></company_name><location>Austin, TX</location><job_role>Social Media Intern</job_role><job_link>https://www.simplyhired.com/job/OO0mU2N2adqJVwCQUiP_L-31rsxI2OchcczyriNZJ3K2x-ymJ9cLdA?q=</job_link><summary><value>Working closely with the social media team to develop content for social. As our Social Media Intern, you’ll have the chance to help coordinate Rooster Teeth’s…</value></summary><salary>$20,000 - $27,000 a year</salary></item>
<item><company_name><value>Dept of State Health Services</value></company_name><location>Austin, TX</location><job_role>Microbiologist I</job_role><job_link>https://www.simplyhired.com/job/eMGNgcxQ5HIYIwmy7Bi-aRzQ6sXUuBuk6q4V2kILw_e3djvR3zHLkw?q=</job_link><summary><value>Safe operation of either a state owned vehicle or personal vehicle is required to conduct state business, applicants will have their driving records checked…</value></summary><salary>$2,700 - $3,500 a month</salary></item>
<item><company_name><value>OFFICE OF THE ATTORNEY GENERAL</value></company_name><location>Austin, TX</location><job_role>Assistant Solicitor General (21-0003)</job_role><job_link>https://www.simplyhired.com/job/Qf0PQ2DYgB2XXd9uI3GwVGLsiFpgig5H3Dzvd73jVKsS0y5EafpdNA?q=</job_link><summary><value>Assistant Solicitors General represent the State, state agencies, and state officers in the most difficult, complex, and significant litigation, both civil and…</value></summary><salary>$11,000 - $12,000 a month</salary></item>
<item><company_name><value>Nordstrom</value></company_name><location>Austin, TX</location><job_role>Cleaning Domain Northside</job_role><job_link>https://www.simplyhired.com/job/_hf7T4NDIiqlOGfyeu4_fukscRj5JiDmfJH8dE9njZNO4TMkR0nyFA?q=</job_link><summary><value>You own this if you have…. Merchandise Discount and EAP Resources. Clear and professional communication with customers and coworkers Strong attention to detail…</value></summary><salary>$21,000 - $27,000 a year</salary></item>
<item><company_name><value>HUVR</value></company_name><location>Austin, TX</location><job_role>Customer Success Manager</job_role><job_link>https://www.simplyhired.com/job/CDN7JuL9HGUrJ3MqzrIp1BeFUQVzM-Ff_Nzd8Zq0NZ_BWKDkC53Grw?q=</job_link><summary><value>The CSM ensures a high level of customer satisfaction and drives services and license utilization leading to ROI recognition, strong contract renewals, and…</value></summary><salary>$75,000 - $100,000 a year</salary></item>
<item><company_name><value>Facebook</value></company_name><location>Austin, TX</location><job_role>Data Specialist, Global Operations</job_role><job_link>https://www.simplyhired.com/job/21Kmg2-WEdgDC4b9EF-0Bikktnkf5irWcvGS0Pxxgs2bhGIWM3G5ng?q=</job_link><summary><value>We also consider qualified applicants with criminal histories, consistent with applicable federal, state and local law.</value></summary><salary>$66,000 - $89,000 a year</salary></item>
<item><company_name><value>Dynamic Systems Technology</value></company_name><location>Austin, TX</location><job_role>Child and Youth Program Coordinator</job_role><job_link>https://www.simplyhired.com/job/4Hm9RRqZmvl-8cyj81SgqrSx8eA9og5auwdEkPFv8pQWqeCyZqcTcw?q=</job_link><summary><value>Possess a current and valid driver’s license (REQUIRED). Plan, develop and implement youth programming and services to support deployment cycle readiness and…</value></summary><salary>$44,000 - $60,000 a year</salary></item>
<item><company_name><value>Hagerty Consulting Inc</value></company_name><location>Austin, TX</location><job_role>Emergency Operations Center Support</job_role><job_link>https://www.simplyhired.com/job/NlkQ4uDPhWXs9VaxgM9jPXNYVNBwe3_mq6zkiPKUwj8X5OA0frNquA?q=</job_link><summary><value>We are looking for professionals with experience in emergency planning (including the Incident Action Planning process), logistics, watch command, data analysis…</value></summary><salary>$51,000 - $75,000 a year</salary></item>
<item><company_name><value>Dept of State Health Services</value></company_name><location>Austin, TX</location><job_role>Designation Program Specialist</job_role><job_link>https://www.simplyhired.com/job/IJzOudkE3ikbmVZzEcc9v2ZDcA56RlR6KAITm0QP1lY8Jti8N48Qtw?q=</job_link><summary><value>Performs an array of technical, training, research, planning, policy, program assessment, and administrative activities for the designation programs including…</value></summary><salary>$3,800 - $5,000 a month</salary></item>
<item><company_name><value>RetailMeNot, Inc.</value></company_name><location>Austin, TX</location><job_role>Content Specialist (Contract)</job_role><job_link>https://www.simplyhired.com/job/XxkBzg_2DvMTic9roUkMoftP65jW1eVV8545ZEQGrVi_ncRlGtPAIA?q=</job_link><summary><value>This is a full-time contractor position that will allow you to grow your skill set in content management and SEO while assisting a cross-functional team in the…</value></summary><salary>$53,000 - $68,000 a year</salary></item>
<item><company_name><value>DOT Compliance Group L.L.C.</value></company_name><location>Austin, TX</location><job_role>Phone Sales Professionals---Top 10% of agents making 6-figures annually!</job_role><job_link>https://www.simplyhired.com/job/513YqNAZcgIVz3H74GhxkktDtp_pUTI3MWXxoNzNDXRog_cQsAR3hA?q=</job_link><summary><value>While working from home, you will be making outbound calls as well as taking inbound calls. Daily access to reliable internet, personal computer/headset, and…</value></summary><salary>$50,000 - $100,000 a year</salary></item>
<item><company_name><value>University of Texas at Austin</value></company_name><location>Austin, TX</location><job_role>Utilities Station Operator I</job_role><job_link>https://www.simplyhired.com/job/usuiqAZkUl1TuHZlbrJOLJ20PooGE0U-8M-_bez5oo2ZqzluCSxNMw?q=</job_link><summary><value>This job requires a class "C" operator's driver's license. The applicant selected must provide a current three year driving record from the current state of…</value></summary><salary>$35,000 - $46,000 a year</salary></item>
<item><company_name><value>Valor Public Schools</value></company_name><location>Austin, TX</location><job_role>Communications &amp; Giving Coordinator</job_role><job_link>https://www.simplyhired.com/job/NUWNNhcSOYHrgiziRW3OAlrKpuuzAy6eVWc7aRdmNdBGoC7IW_txgA?q=</job_link><summary><value>Valor students will read and discuss the Great Books, take advanced math and science courses (STEM), study Latin, engage in community service, explore the fine…</value></summary><salary>$37,000 - $51,000 a year</salary></item>
<item><company_name><value>Intel</value></company_name><location>Austin, TX</location><job_role>Habana Labs, SW Testing and Integration</job_role><job_link>https://www.simplyhired.com/job/qa1BwDZNQdqtziSv09NOQABmZB9YcRlSz0I6JmwvWrjkUj1u7RgL3w?q=</job_link><summary><value>BS in Computer Engineering, Computer Science, Information Systems, Electrical Engineering, or related field with 3+ years of relative experience.</value></summary><salary>$59,000 - $79,000 a year</salary></item>
<item><company_name><value>Valet Living</value></company_name><location>Austin, TX</location><job_role>Part Time Night Trash Collector</job_role><job_link>https://www.simplyhired.com/job/M96WHkzIY5iGxhBsvzv5U5ANxuGdbjN4FxKHfBphlCf2jI5iGIMV8A?q=</job_link><summary><value>A valid and current driver's license. We recruit, employ, train, compensate, and promote without regard to race, religion, creed, color, national origin, age,…</value></summary><salary>$24,000 - $33,000 a year</salary></item>
<item><company_name><value>CoreLogic</value></company_name><location>Austin, TX</location><job_role>Professional Client Training</job_role><job_link>https://www.simplyhired.com/job/oq_IwAUMa0osE-y28b8EiZXm--MY4XdvoABFT5GAXsvbcmjH9dXqfw?q=</job_link><summary><value>Develop training materials for CoreLogic / Symbility implementation. CoreLogic is an Equal Opportunity/Affirmative Action employer committed to attracting and…</value></summary><salary>$51,000 - $70,000 a year</salary></item>
<item><company_name><value>TikTok</value></company_name><location>Austin, TX</location><job_role>Data Analyst, SMB</job_role><job_link>https://www.simplyhired.com/job/Zow-BHbi92DGMmAY3n444oXlmmAABZhdfHOR3VF6VgyLuXDCyYdtcg?q=</job_link><summary><value>As an SMB Data Analyst, you will drive quantitative analysis projects from start to finish regarding the SMB service channel, developing insights that help us…</value></summary><salary>$75,000 - $98,000 a year</salary></item>
<item><company_name><value>Orchard</value></company_name><location>Austin, TX</location><job_role>Salesforce Administrator</job_role><job_link>https://www.simplyhired.com/job/2A_ctXw-97h7mVmPMPXyHhY93134MAl3xTLH3LWEH4818Q4nwQFGHw?q=</job_link><summary><value>Admin 201 or Field Service Lightning certification a plus. Working effectively with highly technical engineering teams as well as salespeople, operational teams…</value></summary><salary>$83,000 - $120,000 a year</salary></item>
<item><company_name><value>University of Texas at Austin</value></company_name><location>Austin, TX</location><job_role>Manager of Communications</job_role><job_link>https://www.simplyhired.com/job/ozJ7dZptvR92s0_37TeQ-J4qR_EDkqOoPajSxS2h6H_GaRe8vPfdDA?q=</job_link><summary><value>Provides communications expertise to New Student Services (NSS) with broad responsibilities ranging from developing high-quality communication materials,…</value></summary><salary>$48,000 - $64,000 a year</salary></item>
<item><company_name><value>Immersion</value></company_name><location>Austin, TX</location><job_role>Travel Analyst</job_role><job_link>https://www.simplyhired.com/job/K_7wPTE4hzd-MmNWrvvo0UwN6gSAgPevzNjNusRva67iI5Oua48_Cw?q=</job_link><summary><value>Support personnel possesses subject matter knowledge and judgement to independently complete assignments consisting of numerous steps that vary in nature and…</value></summary><salary>$18 an hour</salary></item>
<item><company_name><value>The City of Cedar Park</value></company_name><location>Cedar Park, TX</location><job_role>TREATMENT OPERATOR II (Water Treatment Plant)</job_role><job_link>https://www.simplyhired.com/job/geaG110FEOqfTkw8Idlrh0nUIB_ccg5R-dMl1vPrP6E7x47XDe7Srg?q=</job_link><summary><value>Valid Texas Driver's License applicable to job responsibilities, with an acceptable driving record. Water Treatment - Class B (or higher) Surface Water…</value></summary><salary>$25 - $30 an hour</salary></item>
<item><company_name><value>University of Texas at Austin</value></company_name><location>Austin, TX</location><job_role>HIM Manager and Patient Access, UT Health Austin</job_role><job_link>https://www.simplyhired.com/job/rLhnqnLANdSWXaT36f0jxtpbY8dvbpo3LVm2icTjQyNa9OquxkkYfA?q=</job_link><summary><value>Develops and implements policies and procedures for processing medical-legal documents, insurance and correspondence requests in accordance with professional…</value></summary><salary>$50,000 - $66,000 a year</salary></item>
<item><company_name><value>Pearson</value></company_name><location>Austin, TX</location><job_role>Teaching Operations Administrator</job_role><job_link>https://www.simplyhired.com/job/QlswM5FwWZSxcblV3e4ZxolAacqF0BqyDSUEWpqc_8Jw1Y27GOhouA?q=</job_link><summary><value>From bringing lectures vividly to life to turning textbooks into laptop lessons, we are always reexamining the way people learn best, whether it’s one child in…</value></summary><salary>$51,000 - $66,000 a year</salary></item>
<item><company_name><value>MAGRABBIT</value></company_name><location>Austin, TX</location><job_role>Incident Response Analyst</job_role><job_link>https://www.simplyhired.com/job/-WBVubHUuBzDQtzsUewaEc_lV090WEJ-UJXvOpgE3KXzS5XBhnSe9A?q=</job_link><summary><value>Perform technical cybersecurity investigations on security incidents, root cause analysis, recommend and mitigate the effects caused by an incident.</value></summary><salary>$78,000 - $100,000 a year</salary></item>
<item><company_name><value>Apartment Life</value></company_name><location>Austin, TX</location><job_role>Coordinator</job_role><job_link>https://www.simplyhired.com/job/rcNzqbcXnOV7JbN4fCjKWrcBX4mjicpp_4xCg7CsanmvPUJz1fu_yA?q=</job_link><summary><value>Possess a current driver’s license and liability insurance, and access to a form of reliable transportation to complete coordinator duties such as shopping for…</value></summary><salary>$30,000 - $38,000 a year</salary></item>
<item><company_name><value>HEB</value></company_name><location>Austin, TX</location><job_role>Austin 30 Sanitation - Overnight Total Store Sanitation Spec - PT</job_role><job_link>https://www.simplyhired.com/job/D_Y1wt8V76AtJVpOaAppJqrA1lr3-hL5IEaq9bnVJzodBLxQIFMOdg?q=</job_link><summary><value>Austin 30 Sanitation - Overnight Total Store Sanitation Spec - PT. H-E-B Job Title Total Store Sanitation Spec. LATE NIGHT AND WEEKEND AVAILABILITY REQUIRED.</value></summary><salary>$15 an hour</salary></item>
<item><company_name><value>VMware</value></company_name><location>Austin, TX</location><job_role>Contracts Manager Austin, TX</job_role><job_link>https://www.simplyhired.com/job/mjvmN9CkvbJUoNxZ4gMpC1FuX1FVb8BOecf4F9tvXLvcUU_VHXWUTw?q=</job_link><summary><value>Draft, review and negotiate a broad range of agreements, with a primary focus on cloud services and SaaS, but including technology partner agreements, software…</value></summary><salary>$110,000 - $140,000 a year</salary></item>
<item><company_name><value>T-Mobile</value></company_name><location>Austin, TX</location><job_role>Relay Communication Assistant (Full Time)</job_role><job_link>https://www.simplyhired.com/job/KxrEBJg3NIv2gTuN2ogBxIuZcHiv4VWTttYotlB2TERONa7EvJXwmA?q=</job_link><summary><value>With Telecommunications Relay Service (TRS) the Relay Communications Assistant serves as a link for the callers, relaying the call back and forth between the…</value></summary><salary>$29,000 - $38,000 a year</salary></item>
<item><company_name><value>University of Texas at Austin</value></company_name><location>Austin, TX</location><job_role>Pediatric Perfusionist, Texas Center for Pediatric and Congenital Heart Disease</job_role><job_link>https://www.simplyhired.com/job/na3N_PpYyaPbFsyKKK042DQIX9Cy1ITNAiCy6l6zQholtaFHyGmC-w?q=</job_link><summary><value>Valid Texas Perfusionist license required. Bachelor's Degree and completion of an accredited school of perfusion and eligible to take the certification…</value></summary><salary>$62,000 - $79,000 a year</salary></item>
<item><company_name><value>Dept of Family &amp; Protectve Svc</value></company_name><location>Austin, TX</location><job_role>Human Resources Spclst VI</job_role><job_link>https://www.simplyhired.com/job/A8FxAM-GD6LBFiK3W853fN_EW7jHylZWR-2rioFjn9JpAQ3zMTTqsw?q=</job_link><summary><value>Provides technical guidance regarding state classification plans, the federal Fair Labor Standards Act (FLSA), position FLSA assessments and position…</value></summary><salary>$4,900 - $8,100 a month</salary></item>
<item><company_name><value>Facebook</value></company_name><location>Austin, TX</location><job_role>Technical Investigative Manager</job_role><job_link>https://www.simplyhired.com/job/qs70NOXWKXDaPvVY0I5-pM9fYWK7GngO1SnE9CAnJVc9f4nclvQRKw?q=</job_link><summary><value>Develop risk assessment frameworks, mitigation frameworks, and software tools based on the abuse discovered. We also consider qualified applicants with criminal…</value></summary><salary>$95,000 - $130,000 a year</salary></item>
<item><company_name><value>TPR Education, LLC</value></company_name><location>Austin, TX</location><job_role>Inbound Enrollment Advisor</job_role><job_link>https://www.simplyhired.com/job/hOPx_EaGJ7bisGF7-hkZhraBXWJSmHymu29hFwkO-FjlXzEiIqcGIw?q=</job_link><summary><value>Consult by telephone and email with students and families who seek assistance with standardized test preparation, admissions facilitation, and guidance in…</value></summary><salary>$38,000 - $55,000 a year</salary></item>
<item><company_name><value>Education Service Center Region XIII</value></company_name><location>Austin, TX</location><job_role>Statewide Technical Assistance for Texas Education for Homeless Children and Youth</job_role><job_link>https://www.simplyhired.com/job/lREtnhaqrxw2K8DdyohSgg0LeU0MK2-PTObKjPWgb6wBMacvvQxkDA?q=</job_link><summary><value>Ability to use state of the art training and technical assistance tools and strategies. Bachelor’s Degree in Education, Social Work, Counseling or Related Field…</value></summary><salary>$65,000 a year</salary></item>
<item><company_name><value>City of Austin</value></company_name><location>Austin, TX</location><job_role>Procurement Specialist IV (Capital Contracting Office)</job_role><job_link>https://www.simplyhired.com/job/z_-oYokQOP7y4ygsATM5kYvCEJFNkBJ8_YWMtd5ZpkyICtS4Fw7jWA?q=</job_link><summary><value>Graduation with a Bachelor’s degree from an accredited college or university, plus five (5) years of experience in a related field.</value></summary><salary>$31 - $41 an hour</salary></item>
<item><company_name><value>FedEx Express</value></company_name><location>Austin, TX</location><job_role>Part Time Material Handler/Warehouse (AM Shift) $14.08/Hour</job_role><job_link>https://www.simplyhired.com/job/LDhcyzsPCeq9cbsJHSTAPRflKh2mdUqUBSJQChpdIU839saaJSTSFw?q=</job_link><summary><value>The provisions of this article shall apply to any application by any person for a license or employment at any public or private employer, who has previously…</value></summary><salary>$14 an hour</salary></item>
<item><company_name><value>Deloitte</value></company_name><location>Austin, TX</location><job_role>Kronos Implementation Consultant</job_role><job_link>https://www.simplyhired.com/job/fExoRagLIcA6Qo8SqV2ySTBJ8KEbQtd2QzI1xOKQIm-Grg9mcV4fvA?q=</job_link><summary><value>Experience working through the full lifecycle of a project or workstream including, Business Analysis, Functional Specification, System Configuration, Design,…</value></summary><salary>$60,000 - $84,000 a year</salary></item>
<item><company_name><value>Dept of Family &amp; Protectve Svc</value></company_name><location>Austin, TX</location><job_role>PEI Program Specialist VI</job_role><job_link>https://www.simplyhired.com/job/PCZu8okBYx8SwXPyqatX_FXoJMvhbmCnrbFfqU4_ZkwzpTe_v02swA?q=</job_link><summary><value>Preferred education includes a degree in an applicable field (ie/public policy, public health, social work, child development, or equivalent degree within…</value></summary><salary>$4,600 - $7,500 a month</salary></item>
<item><company_name><value>St. David's Medical Center</value></company_name><location>Austin, TX</location><job_role>OR Inventory Specialist</job_role><job_link>https://www.simplyhired.com/job/fMjIfr9iPeoZnWT4Qt-XT0nxWCvsylAvM0U6rRi7SfDnYnrhkOxneQ?q=</job_link><summary><value>We will provide you the tools and resources you need to succeed in our organization. Along with 64-bed rehabilitation facility, the Medical Center offers a 24…</value></summary><salary>$26,000 - $35,000 a year</salary></item>
<item><company_name><value>Health &amp; Human Services Comm</value></company_name><location>Austin, TX</location><job_role>Behavioral Health Assistant</job_role><job_link>https://www.simplyhired.com/job/3QOg6Dq3yL190UhuB9Hw2AiSMozdhlR7InCXnNVtvzZzLnk6un7HHw?q=</job_link><summary><value>Graduation from an accredited four-year college or university with major course work in psychology, behavior analysis or a related field is generally preferred.</value></summary><salary>$2,500 - $3,900 a month</salary></item>
<item><company_name><value>Responsive Education Solutions</value></company_name><location>Austin, TX</location><job_role>Kindergarten Long Term Sub</job_role><job_link>https://www.simplyhired.com/job/pnl6sX9pvYWheTs1xg-nQH_mt1UFqfVZ7B_mOXGxCtFL7BtrEfypGQ?q=</job_link><summary><value>Teachers Certification recommended but not required. Basic knowledge of federal and state education laws. Teaches and facilitates learning for students in a…</value></summary><salary>$90 a day</salary></item>
<item><company_name><value>Health &amp; Human Services Comm</value></company_name><location>Austin, TX</location><job_role>ITCS Consolidated Help Desk Agent</job_role><job_link>https://www.simplyhired.com/job/VCNkZ-fLx8DUWrK5Upp0VZZDXRbhbGg9dXpzAXf3FwVDDaSK7m8q1g?q=</job_link><summary><value>Answer HHS IT Customer Service Help Desk phone line between the hours of 7:00am - 7:00pm, Monday thru Friday and troubleshoot technical problems for callers…</value></summary><salary>$3,100 - $4,900 a month</salary></item>
<item><company_name><value>Everlywell</value></company_name><location>Austin, TX</location><job_role>Head of Agility</job_role><job_link>https://www.simplyhired.com/job/8oLtLPnbeoXS88Teocdk2NJUycub89WXKQjnhU_yrTWhd_4E0LiIaQ?q=</job_link><summary><value>Certified Scrum Master, PMI-ACP and/or PMP certification. Removes outside team impediments and enable team members to remove their own impediments where…</value></summary><salary>$54,000 - $73,000 a year</salary></item>
<item><company_name><value>City of Austin</value></company_name><location>Austin, TX</location><job_role>Temporary - Patient Representative</job_role><job_link>https://www.simplyhired.com/job/N3MXGjzS9jXasZrtRPX85RGzPxcoClQG66Ky-Pwj2IjkGwHEfmABvg?q=</job_link><summary><value>Associate degree in a health, science, or in a field related to the job, plus two (2) years of experience with public health or patient services.</value></summary><salary>$17 - $21 an hour</salary></item>
<item><company_name><value>TikTok</value></company_name><location>Austin, TX</location><job_role>Head of SMB, North America</job_role><job_link>https://www.simplyhired.com/job/N3xOE5zYDHzDNfAIBkW59LDmxljGLFzTIEZZp2cJBVupS3-7_BrSCw?q=</job_link><summary><value>Work with the cross-channel Sales leadership team to design and implement sales strategy. This leadership position is responsible for driving a team of sales…</value></summary><salary>$68,000 - $93,000 a year</salary></item>
<item><company_name><value>Setplans</value></company_name><location>Austin, TX</location><job_role>Customer Experience Representative</job_role><job_link>https://www.simplyhired.com/job/eQ1Kgu9cbnuyu5zQQRBvVldc82Qf9K63lfQTJoyUzh2gIfoFwdLtsA?q=</job_link><summary><value>Solve problems for customers through live chat, email, social media, or phone. Work with customers to solve escalated technical, billing or purchase related…</value></summary><salary>$29,000 - $39,000 a year</salary></item>
<item><company_name><value>D.R. Horton Inc.</value></company_name><location>Austin, TX</location><job_role>Title Officer/Examiner</job_role><job_link>https://www.simplyhired.com/job/IFR8No27Wn2v_UN2nCVXPOheNx5NEXcwGH45YDWGUyg9QTw5CF-Udw?q=</job_link><summary><value>Answer questions from outside customers, as well as escrow and marketing personnel and produce any follow-up in a timely manner. Build YOUR future with D.R.</value></summary><salary>$42,000 - $59,000 a year</salary></item>
<item><company_name><value>D.R. Horton Inc.</value></company_name><location>Austin, TX</location><job_role>Compliance Analyst I</job_role><job_link>https://www.simplyhired.com/job/_bfp5Ou2CFerxE731H4Piz8cRNSly2kcIBYozLLSeEwWzR7GrDO_Sw?q=</job_link><summary><value>Although not all inclusive, examples of such laws and regulations include Truth in Lending (TILA), TILA-RESPA Integrated Disclosure Rule (TRID), Equal Credit…</value></summary><salary>$45,000 - $60,000 a year</salary></item>
<item><company_name><value>Health &amp; Human Services Comm</value></company_name><location>Austin, TX</location><job_role>Government Relations Spec I</job_role><job_link>https://www.simplyhired.com/job/096O8ItI1RYznHe6x7A9Cu846LiZLeBFexAQ0jxzVadsTcboZpwFBA?q=</job_link><summary><value>Bachelor's degree from an accredited college or university with a preference for a degree in public administration, public affairs, public policy, government,…</value></summary><salary>$4,600 - $7,500 a month</salary></item>
<item><company_name><value>Accenture</value></company_name><location>Austin, TX</location><job_role>Social Media Intellectual Property Review Agent</job_role><job_link>https://www.simplyhired.com/job/RFPA7ctJzdKaKhhxyjSbBbRx-Z-v-3zuZpqV3llXFVb-nvje41pymg?q=</job_link><summary><value>All employment decisions shall be made without regard to age, race, creed, color, religion, sex, national origin, ancestry, disability status, veteran status,…</value></summary><salary>$43,000 - $54,000 a year</salary></item>
<item><company_name><value>Phoenix House Texas</value></company_name><location>Austin, TX</location><job_role>Recovery Advocate (Austin, TX)</job_role><job_link>https://www.simplyhired.com/job/vtyls1zqwChRmzW0c6GNM1oD-5NJn1G_TNUeLfAa9skbZ2zDgHIqbQ?q=</job_link><summary><value>Must maintain a valid Texas Drivers' License, have proof of automobile insurance and maintain a safe driving record based on Phoenix House policy.</value></summary><salary>$32,000 - $41,000 a year</salary></item>
<item><company_name><value>TEXAS BOARD OF PROF ENGINEERS AND LAND SURVEYORS</value></company_name><location>Austin, TX</location><job_role>Program Spclst II</job_role><job_link>https://www.simplyhired.com/job/RNbOaVDhDqyeWSefp0ZSvyGchamUbWrVfFpHZQC4hnlnoKDFkkhhLQ?q=</job_link><summary><value>The Licensing Specialist will be interviewed and selected by the Director of Licensing and the Licensing Team Leader and report directly to the Licensing Team…</value></summary><salary>$3,300 a month</salary></item>
<item><company_name><value>Vital Edge Solutions</value></company_name><location>Austin, TX</location><job_role>Administrative Assistant</job_role><job_link>https://www.simplyhired.com/job/fDID_4GUZ38JBXPHWS0Zr4jaAA8Ye8c-5TOpV5mUAtbNpqACp46rLg?q=</job_link><summary><value>You will perform clerical and administrative functions, supporting our Government client. We specialize in systems integration for government and commercial…</value></summary><salary>$34,000 - $48,000 a year</salary></item>
<item><company_name><value>Austin Sunshine Camps</value></company_name><location>Austin, TX</location><job_role>Onsite Venue Manager</job_role><job_link>https://www.simplyhired.com/job/uQ9McyWfGs1gzGFakdNxp7xFBQeMn-MpRCvN61i-Ejadu3VSLFERxA?q=</job_link><summary><value>And empower youth through education and outdoor experiences. Not being used for programming, we rent it out to the public for a variety of events as a source of…</value></summary><salary>$15 an hour</salary></item>
<item><company_name><value>St. David's South Austin Medical Center</value></company_name><location>Austin, TX</location><job_role>Inventory Specialist</job_role><job_link>https://www.simplyhired.com/job/RY-ljcWVqXyvnPwLmpbpn_RqCnSRv5K8ZtQpi0F29Iew7OnLPlV0rA?q=</job_link><summary><value>We will provide you the tools and resources you need to succeed in our organization. 100% matching 401k based on years of service. Come be a part of the change!</value></summary><salary>$28,000 - $37,000 a year</salary></item>
<item><company_name><value>Stitch Fix Annex</value></company_name><location>Austin, TX</location><job_role>Customer Service Agent</job_role><job_link>https://www.simplyhired.com/job/lRN9W2J4F7zzC6k5-ghHgfQjKhaPABJRKKqsr9gXjm993iQKXZ0W2w?q=</job_link><summary><value>We're the first fashion retailer to combine technology and data science with the human instinct of a Stylist to deliver a deeply personalized shopping…</value></summary><salary>$26,000 - $34,000 a year</salary></item>
<item><company_name><value>A-Max Insurance</value></company_name><location>Austin, TX</location><job_role>Operations - Office Manager</job_role><job_link>https://www.simplyhired.com/job/-sIf7N2cch8OjIYN2JGTuCLu8XQCbvyInz_zF7Dlrv0Mf0kO_K38MQ?q=</job_link><summary><value>These follow up calls include, quote callbacks, call renewal, etc. Follow up with Agents to ensure calls have been made. Assign team member to marketing tasks.</value></summary><salary>$42,000 - $61,000 a year</salary></item>
<item><company_name><value>University of Texas at Austin</value></company_name><location>Austin, TX</location><job_role>Unconventional Energy Advisor</job_role><job_link>https://www.simplyhired.com/job/ZwqKaWu8Lo2FaxhzfgGkyENIC7RwFZsE_6E3I3ItfvXZF-vAZe77kg?q=</job_link><summary><value>In Reservoir / Petroleum Engineering, or closely related field, with at least ten years of relevant, post-graduate Energy (Upstream Oil and Gas) industry…</value></summary><salary>$62,000 - $82,000 a year</salary></item>
<item><company_name><value>Sun Communities, Inc.</value></company_name><location>Austin, TX</location><job_role>Office Coordinator</job_role><job_link>https://www.simplyhired.com/job/b747xg9g8kMJFwmGAUUhBAwYBKj44CcaGIoMFcqS0jN5kM-ffp--WQ?q=</job_link><summary><value>Perform administrative functions including answering phones, typing, copying, faxing, and filing. Make collection calls for rental payments.</value></summary><salary>$27,000 - $36,000 a year</salary></item>
<item><company_name><value>Kriser's Natural Pet</value></company_name><location>Austin, TX</location><job_role>Groomer</job_role><job_link>https://www.simplyhired.com/job/duoKYRfScC8gzksRCFYUv1BqF_sZddMucPufZcbH5lYukJPNhxkMnQ?q=</job_link><summary><value>Grooming tools and equipment in good working condition. Provide all pet guest with kindness and respect at all times. Maintain a clean work area.</value></summary><salary>$28,000 - $36,000 a year</salary></item>
<item><company_name><value>Deloitte</value></company_name><location>Austin, TX</location><job_role>Application Modernization - Technology Evangelist Staff 2</job_role><job_link>https://www.simplyhired.com/job/xmiPYm3CrMwuCJ62h7r_AaaQBY9sZzjc_8vszPAcLqPGubu7rT2N2g?q=</job_link><summary><value>Bachelor’s or Master’s degree in Computer Science or related field or equivalent working experience. Systems Engineering professionals focus on key client…</value></summary><salary>$120,000 - $150,000 a year</salary></item>
<item><company_name><value>Planet Fitness</value></company_name><location>Austin, TX</location><job_role>Front Desk- Weekend</job_role><job_link>https://www.simplyhired.com/job/itF8cNJLwCXzrXe0tMjCdcxh1SvyJkWC6u0tD5BTXtB5qnd41s9CZw?q=</job_link><summary><value>Ensuring Facility complies with all state and federal laws and insurance requirements. Maintain and clean the Front entrance to provide customers with a clean,…</value></summary><salary>$20,000 - $26,000 a year</salary></item>
<item><company_name><value>IGT</value></company_name><location>Austin, TX</location><job_role>Computer Operator</job_role><job_link>https://www.simplyhired.com/job/jUUDrQ_fFPAzuGMeSxXIUGCrQeeTilNU52Md8Fqt8OSgHels8J5Zvg?q=</job_link><summary><value>Working knowledge of VMware environments, VMware monitoring tools, FTP/SFTP protocols with an understanding or intermediate knowledge of Retailer POS, call…</value></summary><salary>$41,000 - $56,000 a year</salary></item>
<item><company_name><value>Haverty Furniture Companies, Inc</value></company_name><location>Austin, TX</location><job_role>DOT Delivery Assistant</job_role><job_link>https://www.simplyhired.com/job/BxpsbMsX3wqs6x4OAQmawfmy3crF9eufY7DeRXg0X3ZI34OJJKVBmQ?q=</job_link><summary><value>Must have current Driver’s License and have a clean driving record with minimal moving violations. Must be able to achieve DOT Certification.</value></summary><salary>$16 - $20 an hour</salary></item>
<item><company_name><value>Health &amp; Human Services Comm</value></company_name><location>Austin, TX</location><job_role>Data &amp; Reporting Analyst</job_role><job_link>https://www.simplyhired.com/job/JWnQ9M7Ubd23yieIKf8zmNo9pFrFwKclqzWHj3daJ6Czx-R_UDZtTA?q=</job_link><summary><value>Under the direction of the Director of the IT Customer Service and Support Director, the Data Analyst IV conducts highly complex (senior-level) data analysis…</value></summary><salary>$4,900 - $6,100 a month</salary></item>
<item><company_name><value>Parallel</value></company_name><location>Austin, TX</location><job_role>Mobile Wellness Coordinator</job_role><job_link>https://www.simplyhired.com/job/jJ2YN_HEGiDURhL4vRjSogQxMHO3epmIxAY4bA_zxM-aSPCtpMRLKQ?q=</job_link><summary><value>Must have a valid Driver's License and/or State Issued Photo ID (Required). Maintain knowledge of all applicable state and local laws, as well as documentation…</value></summary><salary>$30,000 - $41,000 a year</salary></item>
<item><company_name><value>CrowdStrike</value></company_name><location>Austin, TX</location><job_role>Manager, Falcon Complete</job_role><job_link>https://www.simplyhired.com/job/pl35ZRtcVmPyHGMQKXRp56qQAbK4YOK-9h8tI3oN5tMA9lFz0vQcbg?q=</job_link><summary><value>BA or BS / MA or MS degree in Computer Science, Computer Engineering, Math, Information Security, Information Assurance, Information Security Management,…</value></summary><salary>$77,000 - $100,000 a year</salary></item>
<item><company_name><value>Toll Brothers</value></company_name><location>Austin, TX</location><job_role>Design Studio Consultant</job_role><job_link>https://www.simplyhired.com/job/ib9erE9IcyjemV4z5OEDljn4oEWrcrWjBFworoPJ2yA7ei9BHSm6Vg?q=</job_link><summary><value>No walk-ins or phone calls, please. Toll Brothers, America's Leading Builder of Luxury Homes, seeks a Design Studio Consultant to assist homebuyers with color…</value></summary><salary>$49,000 - $66,000 a year</salary></item>
<item><company_name><value>Texas Arts Project</value></company_name><location>Austin, TX</location><job_role>Production Assistant</job_role><job_link>https://www.simplyhired.com/job/_MA0LvbtL7riRhDbQO0oOxjENhzTBkMKRHFQJpYXl7pDroW0r3U9Fw?q=</job_link><summary><value>Assist Production Manager, Stage Manager, Technical Director and Artistic Director. Coördinate rehearsals for all majors. Act as leader during crew hours.</value></summary><salary>$24,000 - $32,000 a year</salary></item>
<item><company_name><value>Agility 360</value></company_name><location>Austin, TX</location><job_role>Loan Processor (Austin, TX)</job_role><job_link>https://www.simplyhired.com/job/ZwYc2MD9g5MR6Vh2_lQe9AthW6OEjHgiHFulUOsYOZVYsPqxsw979w?q=</job_link><summary><value>Obtain, Verify, and analyze loan documentation including credit, income, appraisal, and title. Responsible for processing mortgage loans from set-up to closing…</value></summary><salary>$40,000 - $60,000 a year</salary></item>
<item><company_name><value>Blackmon Mooring &amp; BMSCAT</value></company_name><location>Austin, TX</location><job_role>Restoration Crew - No Experience</job_role><job_link>https://www.simplyhired.com/job/DAmrTLtJPLYZslXO5lSARgtC0I5nwUkZ0hKwyYIWcDQcgInUseyYUg?q=</job_link><summary><value>State of the art technology and equipment. We are a leader in residential and commercial restoration and re-construction currently hiring career minded folks to…</value></summary><salary>$21,000 - $30,000 a year</salary></item>
<item><company_name><value>Snowden Onsite Septic</value></company_name><location>Austin, TX</location><job_role>Inspector</job_role><job_link>https://www.simplyhired.com/job/nw9NnHfDGcqBQIwFYMuudur9U3HAncfGc1QsSiejIXRgtBF4e1VRMA?q=</job_link><summary><value>Must have a valid class C Texas Drivers License with no major offense such as DWI or DUI convictions, and have no more than two moving violations in the past 12…</value></summary><salary>$40,000 - $56,000 a year</salary></item>
<item><company_name><value>TEXAS DEPARTMENT OF MOTOR VEHICLES</value></company_name><location>Austin, TX</location><job_role>BUD/FORECAST ANA III</job_role><job_link>https://www.simplyhired.com/job/-zvWvXJf1So8TG0fbklnFTcMBAJSStzLPdhlAAduCvxcEmRPmeEIrQ?q=</job_link><summary><value>Satisfactory driving records are required for driving state or personal vehicles and motor driven equipment to conduct agency business. Yes, 5 % of the Time.</value></summary><salary>$4,000 - $4,900 a month</salary></item>
<item><company_name><value>Anheuser-Busch</value></company_name><location>Austin, TX</location><job_role>Sales Manager</job_role><job_link>https://www.simplyhired.com/job/MmGZwvgbCy_JaTOd9EVUwPWMxn8N_5YwBEfQ_SouuvA8ScB5PmPoCg?q=</job_link><summary><value>Bachelor’s Degree in Sales, Management, or related field. In addition, this position will be accountable for managing an assigned geographic region through the…</value></summary><salary>$88,000 - $94,000 a year</salary></item>
<item><company_name><value>COSENTINO</value></company_name><location>Austin, TX</location><job_role>Warehouse Worker Austin, TX</job_role><job_link>https://www.simplyhired.com/job/yOjdX0doLRUmUpXuA3tUR5mYZOMKZRXWtEzjg7FgODXBAcf53gq12g?q=</job_link><summary><value>Cosentino's activity covers the entire natural stone manufacturing process, from extraction and processing to the installation of quartz surfaces, such as…</value></summary><salary>$26,000 - $36,000 a year</salary></item>
<item><company_name><value>Aba - Lettuce Entertain You Restaurants</value></company_name><location>Austin, TX</location><job_role>RECEIVER</job_role><job_link>https://www.simplyhired.com/job/rPPcwT6OHHqFFtc9J4AxaPdpGZrsRttLzMy2zrdiVREAJKX2PqlhTQ?q=</job_link><summary><value>Safely and effectively use and operate all necessary tools and equipment. Proficiency in the use and operation of all necessary tools and equipment.</value></summary><salary>$23,000 - $31,000 a year</salary></item>
<item><company_name><value>Ukpeagvik Iñupiat Corporation/Bowhead Family of Companies</value></company_name><location>Austin, TX</location><job_role>Operations Events Analyst</job_role><job_link>https://www.simplyhired.com/job/_1aVq-IbNIJJqIPuelkTxHDPKoALIHaAlq_qCNJATF0G5RY1B36nMA?q=</job_link><summary><value>Where driving may be required or where a rental car must be obtained for business travel purposes, applicants must have a valid driver license for this position…</value></summary><salary>$71,000 - $93,000 a year</salary></item>
<item><company_name><value>Dept of Family &amp; Protectve Svc</value></company_name><location>Austin, TX</location><job_role>Heightened Monitoring RCM</job_role><job_link>https://www.simplyhired.com/job/sln_A1LNCKKPQwlaQe44kWzSQE9eppwF-Ld2TXdwJOMEznSry3PQ_Q?q=</job_link><summary><value>Serves as primary liaison between residential contractors and DFPS staff, providing technical assistance, guidance, training, policy/procedure clarification,…</value></summary><salary>$3,800 - $6,100 a month</salary></item>
<item><company_name><value>City of Kyle Texas</value></company_name><location>Kyle, TX</location><job_role>Property and Evidence Technician</job_role><job_link>https://www.simplyhired.com/job/E5LegcJUMktzCHmw1Alvf_ufbdl_CPun10WQGfmyg43wFIPT7tFFHQ?q=</job_link><summary><value>Must possess and maintain a valid Texas class C driver's license and have a satisfactory driving record. Responding to and effectively prioritizing multiple…</value></summary><salary>$17 an hour</salary></item>
<item><company_name><value>Accenture</value></company_name><location>Austin, TX</location><job_role>Copy Editor</job_role><job_link>https://www.simplyhired.com/job/v2VP_5Y0JPV3eyr_RtoqB4nfq-_i1WjW8GbJc6mqO-XkmToDSY21og?q=</job_link><summary><value>Bachelor's degree or equivalent practical experience in writing or editing related field. All employment decisions shall be made without regard to age, race,…</value></summary><salary>$43,000 - $59,000 a year</salary></item>
<item><company_name><value>PARACHUTE HOME</value></company_name><location>Austin, TX</location><job_role>Inventory Associate</job_role><job_link>https://www.simplyhired.com/job/VUys1kqSkbRGQsogi7wtuh1Bgg-qaYOLvtDVZ0Bn0b5tluXyEpx9hw?q=</job_link><summary><value>Develop meaningful customer connections and build neighborhood community. Process incoming returns and exchanges. Assist with weekly cycle counts.</value></summary><salary>$19,000 - $26,000 a year</salary></item>
<item><company_name><value>Zinda Law Group</value></company_name><location>Austin, TX</location><job_role>Intake Specialist - Remote</job_role><job_link>https://www.simplyhired.com/job/HFEog-gcrNH58kQoyRzzQk82jOiIXVH36V6GyOlF6Qr1mMOcn9jtBQ?q=</job_link><summary><value>Handle incoming phone calls from prospective clients; Confer with attorneys at every level of the Firm and provide the attorneys with a verbal and written…</value></summary><salary>$35,000 - $44,000 a year</salary></item>
<item><company_name><value>GuidePoint Security</value></company_name><location>Austin, TX</location><job_role>PSG Request Coordinator</job_role><job_link>https://www.simplyhired.com/job/0SSTpklsdIFt5Aayws71Hi3Y2-5h3WobRHx2W-0QzXZqdEVGwlkaTA?q=</job_link><summary><value>GuidePoint Security provides trusted cybersecurity expertise, solutions and services that help organizations make better decisions and minimize risk.</value></summary><salary>$73,000 - $94,000 a year</salary></item>
<item><company_name><value>US Department of Veterans Affairs</value></company_name><location>Austin, TX</location><job_role>Systems &amp; Procedures Analyst</job_role><job_link>https://www.simplyhired.com/job/mnarpvW69JIkwHwkL8jcf0dg0k_4vJxEOSYjU-SjoEwmJWfI0wB2Qg?q=</job_link><summary><value>Provides analysis and advice in design, adaptation or installation of automated financial systems. Extensive experience using Microsoft Excel, Access and other…</value></summary><salary>$54,000 - $85,000 a year</salary></item>
<item><company_name><value>Kabam</value></company_name><location>Austin, TX</location><job_role>Community Engagement Specialist</job_role><job_link>https://www.simplyhired.com/job/Ng5Ak5DMaCUhiy8Cq43vVKh59EyAV7M4ZfROeUwkkIxxrj0yLxMHvA?q=</job_link><summary><value>Acting as a driving force in our online community channels, conveying content updates, information about technical issues, and replying to player questions.</value></summary><salary>$61,000 - $78,000 a year</salary></item>
<item><company_name><value>HEB</value></company_name><location>Pflugerville, TX</location><job_role>Pflugerville 02 Drug - Overnight Stocker - Part-Time</job_role><job_link>https://www.simplyhired.com/job/j9LgWfAAUp_8hQwEdtYsz8s4mejDupsNO8pXu3QQBU0vUqN-dHljaA?q=</job_link><summary><value>Pflugerville 02 Drug - Overnight Stocker - Part-Time. H-E-B Job Title Night Stocker. Schedule Part-time Requested Availability (if applicable) 9PM - 5:30AM.</value></summary><salary>$15 an hour</salary></item>
<item><company_name><value>American Heart Association</value></company_name><location>Austin, TX</location><job_role>Community Engagement Manager - Game with Heart</job_role><job_link>https://www.simplyhired.com/job/lCKuNBXOqzlUuVPWJcm6rTcmTh7BY8wtPu58bgG39Fl8eFpoCuyGqA?q=</job_link><summary><value>This leader will be a member of our national Field Development team and work collaboratively with their teammates to develop and support the overall digital…</value></summary><salary>$47,000 - $63,000 a year</salary></item>
<item><company_name><value>Quantech Services</value></company_name><location>Austin, TX</location><job_role>Business Operations Associate</job_role><job_link>https://www.simplyhired.com/job/deEN3ylVCQBAwyaWwVqQ0Fv0NhNYJ0HdCZDiCaGsTLuOHa2o6TA6RQ?q=</job_link><summary><value>A minimum of five plus (5+) years’ in developing and executing readiness and emergency management plans experience is required.</value></summary><salary>$57,000 - $77,000 a year</salary></item>
<item><company_name><value>ARA Diagnostic Imaging</value></company_name><location>Austin, TX</location><job_role>Billing/Data Entry Processing Representative</job_role><job_link>https://www.simplyhired.com/job/t48ViByIcxj1ILyOfVyjHk6cVpgLhN5WLeiqDbjSyMeCZBxcHS2cuA?q=</job_link><summary><value>One year of experience in billing/data entry in hospital or physician practice required. Responsible for entering/updating demographics and linking charges for…</value></summary><salary>$29,000 - $38,000 a year</salary></item>
<item><company_name><value>Ukpeagvik Iñupiat Corporation/Bowhead Family of Companies</value></company_name><location>Austin, TX</location><job_role>Transcriptionist- SGS</job_role><job_link>https://www.simplyhired.com/job/dT_vCvXWtaCJLmQDZJsgznDWP2BW_7WvRtkUmSk5ayeUvU4LpX7pDg?q=</job_link><summary><value>Where driving may be required or where a rental car must be obtained for business travel purposes, applicants must have a valid driver license for this position…</value></summary><salary>$39,000 - $51,000 a year</salary></item>
<item><company_name><value>Maven Landscape Services</value></company_name><location>Austin, TX</location><job_role>Administrative Assistant</job_role><job_link>https://www.simplyhired.com/job/qgcIhPbckb4p8tXAd4BWkGNcSXj_HzWyUk9wgjPKwNAO4KHgpFOCqQ?q=</job_link><summary><value>The ideal candidate will be a quick learner with customer service experience, strong communication skills and excellent telephone etiquette.</value></summary><salary>$26,000 - $35,000 a year</salary></item>
<item><company_name><value>University of Texas at Austin</value></company_name><location>Austin, TX</location><job_role>Medical Assistant II, Orthopedic Technician (11mth/40hrs)</job_role><job_link>https://www.simplyhired.com/job/fC3U5mVkMBugPCG_OYv2vAQbUI5g8gBRsqcxTB4usXhQeEaFGi-fIQ?q=</job_link><summary><value>The University of Texas at Austin, as an equal opportunity/affirmative action employer , complies with all applicable federal and state laws regarding…</value></summary><salary>$38,000 a year</salary></item>
<item><company_name><value>Health &amp; Human Services Comm</value></company_name><location>Austin, TX</location><job_role>HR Employee Relations Specialist</job_role><job_link>https://www.simplyhired.com/job/4ot9NNmYzDgB907AD5prC3quQTZJSedFIIUvtXV3qq9vYeaYCpuKkQ?q=</job_link><summary><value>Work involves analysis, problem solving, conflict resolution, policy interpretation and providing advice and guidance to managers and employees with the goal of…</value></summary><salary>$4,300 - $7,000 a month</salary></item>
<item><company_name><value>Accenture</value></company_name><location>Austin, TX</location><job_role>EDI Tester / Business Analyst</job_role><job_link>https://www.simplyhired.com/job/wXvkVcBNAWziPLWLNSTk1YYuVhe4n-A5kmwKfgDS9yvtTWqNALvB-Q?q=</job_link><summary><value>All employment decisions shall be made without regard to age, race, creed, color, religion, sex, national origin, ancestry, disability status, veteran status,…</value></summary><salary>$61,000 - $77,000 a year</salary></item>
<item><company_name><value>GSI Environmental</value></company_name><location>Austin, TX</location><job_role>Risk Assessor/Toxicologist</job_role><job_link>https://www.simplyhired.com/job/_p_r9acZZzugzJQG5u8k4pEfPK95ql1DHMGFrdJIVTI5Lh6fU--RAg?q=</job_link><summary><value>Experience collecting biotic samples and field chemistry data to support risk assessments. Assisting with the development and implementation of human and…</value></summary><salary>$59,000 - $82,000 a year</salary></item>
<item><company_name><value>Chive Charities</value></company_name><location>Austin, TX</location><job_role>Social Media Coordinator</job_role><job_link>https://www.simplyhired.com/job/WMGbfvhWYr9LbOTOR2YJLPON4poZXHKVZo0RQnUzwOGgqzaTIT-z9Q?q=</job_link><summary><value>Direct experience using social media management tools (Sprout Social, Hootsuite). BS degree in marketing, communications, or related field.</value></summary><salary>$38,000 a year</salary></item>
<item><company_name><value>National Field Services</value></company_name><location>Austin, TX</location><job_role>Field Service Technician</job_role><job_link>https://www.simplyhired.com/job/2JYn_B6xpBm9PXJ1pOFRT8UDjYzWfuzAuRYArJBPWQt8uxdmLHCFIg?q=</job_link><summary><value>Must have a valid driver’s license, and currently have and be able to maintain a good driving record. The hiring manager will reach out to you if they fill you…</value></summary><salary>$43,000 - $60,000 a year</salary></item>
<item><company_name><value>Aeropostale</value></company_name><location>Austin, TX</location><job_role>Brand Ambassador</job_role><job_link>https://www.simplyhired.com/job/5G2RtL0glCmuA4VPCU650piePWPnAR8iyqaI0J8H2WQewzjYmBm36g?q=</job_link><summary><value>Engage, educate and befriend customers to make an amazing shopping experience. We value a culture of inclusion and diversity within our workforce, and are…</value></summary><salary>$24,000 - $31,000 a year</salary></item>
<item><company_name><value>University of Texas at Austin</value></company_name><location>Austin, TX</location><job_role>Statewide Training Coordinator</job_role><job_link>https://www.simplyhired.com/job/K2u0WHMUOCqhy8ezwyYuRRuCcBW-eC7CcVREXGTvRgs4cswm1xNl5Q?q=</job_link><summary><value>Bachelor's degree in social work, public health or related social services field. This job requires a class "C" operator's driver's license.</value></summary><salary>$46,000 - $64,000 a year</salary></item>
<item><company_name><value>LHI Group</value></company_name><location>Austin, TX</location><job_role>Head of Data Analytics</job_role><job_link>https://www.simplyhired.com/job/btXtq8HhaSGsV6uCIKGil31HWwW7qtz_viH6FsujVxoSgk2Dgy6JMw?q=</job_link><summary><value>Alongside this, raising awareness via our own social networks, a internally having educational resources &amp; showing support for BLM, LGBTQIA &amp; injustices.</value></summary><salary>$75,000 a year</salary></item>
<item><company_name><value>Rooster Teeth</value></company_name><location>Austin, TX</location><job_role>Pre-Production Coordinator - Contract</job_role><job_link>https://www.simplyhired.com/job/D0Hv99_xqnlfxNLToyXZhbftKOcW0fDw_tdTGB1TzdffyJbjIf6rpQ?q=</job_link><summary><value>With broadcast and live-action production capabilities and a world class animation studio, Rooster Teeth engages industry-leading networks, streaming…</value></summary><salary>$38,000 - $53,000 a year</salary></item>
<item><company_name><value>Ora Organic</value></company_name><location>Austin, TX</location><job_role>Social Media Manager</job_role><job_link>https://www.simplyhired.com/job/I50PQd4Z_8E3l21vgHE0M2jBHCrzqJDfY4q3f5ZfUp6Zfc7y8Jsb6w?q=</job_link><summary><value>Bachelor’s Degree in relevant field. We’re looking for a fabulous Social Media Manager to create and curate incredible content and engage with our community on…</value></summary><salary>$37,000 - $51,000 a year</salary></item>
<item><company_name><value>Capital Farm Credit</value></company_name><location>Austin, TX</location><job_role>Appraiser</job_role><job_link>https://www.simplyhired.com/job/Ouu7OzSuzM8lSWqrpUYUAGpHPqHAbubYmRQr9Z8pm0_EeJAf3jpl6w?q=</job_link><summary><value>State of Texas General Real Estate Appraiser Certification required. Capital Farm Credit is the largest rural lending cooperative in Texas, providing credit and…</value></summary><salary>$55,000 - $72,000 a year</salary></item>
<item><company_name><value>Michaels</value></company_name><location>Austin, TX</location><job_role>PT Personal Designer</job_role><job_link>https://www.simplyhired.com/job/Uzp_QoOvMRGx0v7iCS0RHtfeJWK9-ysARB7xieNUV0x8pQnJTdpvnA?q=</job_link><summary><value>Operate cash register and execute cash handling to standards. Participate in the truck un-load and stocking processes to ensure truck standards are followed and…</value></summary><salary>$49,000 - $66,000 a year</salary></item>
<item><company_name><value>Pearson</value></company_name><location>Austin, TX</location><job_role>Enrollment Services Supervisor</job_role><job_link>https://www.simplyhired.com/job/RntIX1W2NTdfmU8GG9TrjK2EYIAzAoyPemq86aG769hDOjGmJQLRsA?q=</job_link><summary><value>From bringing lectures vividly to life to turning textbooks into laptop lessons, we are always reexamining the way people learn best, whether it’s one child in…</value></summary><salary>$45,000 - $61,000 a year</salary></item>
<item><company_name><value>US Department of Veterans Affairs</value></company_name><location>Austin, TX</location><job_role>Accountant</job_role><job_link>https://www.simplyhired.com/job/ld1AvtnU672SoxVTVBH0ojVDXkYJWzGeA8IFC838dIkH6lt0DYwz5g?q=</job_link><summary><value>Or (3) Completion of the requirements for a degree that included substantial course work in accounting or auditing, e.g., 15 semester hours, but that does not…</value></summary><salary>$54,000 - $70,000 a year</salary></item>
<item><company_name><value>Menlo Technologies</value></company_name><location>Austin, TX</location><job_role>Lyrics Editor - Austin, Texas</job_role><job_link>https://www.simplyhired.com/job/IDPSnVFohtKRan4zGN7xvTGAer3CiIkgsWm38dIpnacpNiHL6ESp0A?q=</job_link><summary><value>Flexible and willing to learn and adopt new tools and procedures. Mac, iOS, OS, iPhone, iPad user. We’re looking for consultants of all languages to work onsite…</value></summary><salary>$44,000 - $57,000 a year</salary></item>
<item><company_name><value>National Domestic Violence Hotline</value></company_name><location>Austin, TX</location><job_role>Donor Database Specialist</job_role><job_link>https://www.simplyhired.com/job/d_9h8Cbgta7xV4VcEehCduLfHDG9_1zDaIKK6d4vCV0Ykb6LFNqWfw?q=</job_link><summary><value>We periodically receive calls or emails from donors/survivors who want to share their story, which times, can be very personal.</value></summary><salary>$43,000 - $48,000 a year</salary></item>
<item><company_name><value>Tesla</value></company_name><location>Austin, TX</location><job_role>Installation Quality Specialist, Energy - Training and Quality Assurance</job_role><job_link>https://www.simplyhired.com/job/H0DmV3shxZYBl0mpVM0RgJ8b9Zjyswzs6kpNcmZ97Ftz8h5TAd4ecA?q=</job_link><summary><value>The Installation Quality Specialist must lead by example and provide the proper messaging and tone to their teammates and colleagues in Direct and Certified…</value></summary><salary>$46,000 - $60,000 a year</salary></item>
<item><company_name><value>Mod intelechy</value></company_name><location>Austin, TX</location><job_role>SOCIAL MEDIA COMMUNITY MANAGER</job_role><job_link>https://www.simplyhired.com/job/rIIEAwZWzr2Ew2hVemfnxHzMI4pgu-a1HYkZ74tR-FMuMNy8mTZghQ?q=</job_link><summary><value>Direct designers to produce exciting, eye-catching social graphics – having design experience on your own is a plus. Good sense of humor helpful.</value></summary><salary>$47,000 - $63,000 a year</salary></item>
<item><company_name><value>Integral Care</value></company_name><location>Austin, TX</location><job_role>Administrative Assistant</job_role><job_link>https://www.simplyhired.com/job/ND61eTJZ3lhid7r9Jw6MduPKIdBC8CvboT4nvnjEMTmzqICCLIOTsQ?q=</job_link><summary><value>Current and valid Texas driver's license and a clean driving record. Assignments involve difficult and responsible work in office, business, or fiscal…</value></summary><salary>$16 an hour</salary></item>
<item><company_name><value>University of Texas at Austin</value></company_name><location>Austin, TX</location><job_role>Technical Assistance Support Specialist - Transition</job_role><job_link>https://www.simplyhired.com/job/IYSI_uMVl6Uu46hK3D52OWbYVyxBXaod9-ObnWSajJq6y7VuHxgsaQ?q=</job_link><summary><value>Bachelors’ degree in Deaf Education, psychology, assistive technology, special education, rehabilitation counseling, or related field.</value></summary><salary>$40 - $75 an hour</salary></item>
<item><company_name><value>Integral Care</value></company_name><location>Austin, TX</location><job_role>Continuity of Care Navigator (QMHP)</job_role><job_link>https://www.simplyhired.com/job/_cJ0R-by3ozMpiWY5v98EJCikbZ5NyY67QlTRygcImSa709mtxgdBQ?q=</job_link><summary><value>Current and valid Texas driver's license and a clean driving record. Navigators perform moderately complex coordination work, provide preliminary assessment of…</value></summary><salary>$38,000 - $41,000 a year</salary></item>
<item><company_name><value>Accenture</value></company_name><location>Austin, TX</location><job_role>DRO Trainer</job_role><job_link>https://www.simplyhired.com/job/hYfY4uW8mqLqpypGlOV2XoYxnt7jYZ0XpA-FK7noYjkjnewTWbKbxQ?q=</job_link><summary><value>Develop self and maintain knowledge in relevant field at all times. All employment decisions shall be made without regard to age, race, creed, color, religion,…</value></summary><salary>$43,000 - $58,000 a year</salary></item>
<item><company_name><value>Central Health</value></company_name><location>Austin, TX</location><job_role>Applications Specialist I</job_role><job_link>https://www.simplyhired.com/job/IixW7EZZx69lvVpxE43U9iC4UhJdIY0ELXlSzd0mCFW78r7_ne0OqQ?q=</job_link><summary><value>Bachelor's Degree highly desired in Business, Clinical Science, Education or Computer Science. Assist with coordinating clinical/administrative requests for EMR…</value></summary><salary>$49,000 - $67,000 a year</salary></item>
<item><company_name><value>Corel</value></company_name><location>Austin, TX</location><job_role>Human Resources Business Partner</job_role><job_link>https://www.simplyhired.com/job/vP6KziP06A4TYdYxIsrBrbcRK7TJtYIKWxrN890ids2PF4of8t7awQ?q=</job_link><summary><value>Proven ability to develop and maintain effective relationships with senior staff. Acts as change agent to business through process design and approaches that…</value></summary><salary>$82,000 - $110,000 a year</salary></item>
<item><company_name><value>Front Steps, Inc.</value></company_name><location>Austin, TX</location><job_role>Community Engagement Manager</job_role><job_link>https://www.simplyhired.com/job/w4EwmxHTiJrxnLGkjDGRfBSLP0k55-aTjD_BfsbFuZl7h1iDt_GPRw?q=</job_link><summary><value>Front Steps’ Community Engagement Manager leads volunteer management, in-kind donations, and community outreach programs. Driving to appointments and events;</value></summary><salary>$41,000 - $52,000 a year</salary></item>
<item><company_name><value>National Instruments</value></company_name><location>Austin, TX</location><job_role>Corporate Communications Manager</job_role><job_link>https://www.simplyhired.com/job/3jtcU-cIN6LCsR287SYvEfmnCsTpsJWzSEFGW_hzo4mmsygmddwDOQ?q=</job_link><summary><value>Bachelor’s degree in Marketing, Communications, Public Relations, Journalism or related field. Partner across Global Communications and NI to develop the tools…</value></summary><salary>$61,000 - $86,000 a year</salary></item>
<item><company_name><value>Hagerty Consulting Inc</value></company_name><location>Austin, TX</location><job_role>Associate - Junior</job_role><job_link>https://www.simplyhired.com/job/lUF5e7saVKc-55OUt8jnhZqHhriPJ_OBvZRGDlZmqcZ9mTnSN1XJkg?q=</job_link><summary><value>The ideal candidate should have an interest in emergency management or a related field. Develop writing products in accordance with the firm’s professional…</value></summary><salary>$35,000 - $47,000 a year</salary></item>
<item><company_name><value>KPMG</value></company_name><location>Austin, TX</location><job_role>Associate, Appian</job_role><job_link>https://www.simplyhired.com/job/awqBuYRzqalIEa_7AJQL1fZPDesX9WCaXnU58V2n9o6ySdKmHJKrLQ?q=</job_link><summary><value>Lead technical design sessions to define user experience, data definition, process / rules configuration, and integration for intelligent automation solutions.</value></summary><salary>$85,000 - $120,000 a year</salary></item>
<item><company_name><value>Facebook</value></company_name><location>Austin, TX</location><job_role>Payroll Operations Analyst</job_role><job_link>https://www.simplyhired.com/job/WETGgjfKZXSL6M0VlhJ-9bOYWhSkJnLCH2rbWjK96TRvaxoOGczQqw?q=</job_link><summary><value>We also consider qualified applicants with criminal histories, consistent with applicable federal, state and local law. Receive, load, audit internal files.</value></summary><salary>$45,000 - $60,000 a year</salary></item>
<item><company_name><value>The University of St. Augustine for Health Sciences</value></company_name><location>Austin, TX</location><job_role>Student Success/Academic Advisor</job_role><job_link>https://www.simplyhired.com/job/HCYvkGK5-qt2Cr1IPMXRkocdnDUAzcxIeHngypGsF08KRzXr54zEtQ?q=</job_link><summary><value>Closely monitor students to proactively identify at-risk scenarios and identify opportunities to develop, implement, measure and improve student success…</value></summary><salary>$39,000 - $52,000 a year</salary></item>
<item><company_name><value>Capital Asset Exchange and Trading</value></company_name><location>Austin, TX</location><job_role>Capital Asset Trader</job_role><job_link>https://www.simplyhired.com/job/P_lCY-DZ5gyHYLluA5mtqoSNcVYA8B_fry8OBv8-jqlDePF-aFtfiQ?q=</job_link><summary><value>Conduct comparable asset analysis and pricing analysis. Working within a specialized team, you will leverage CAE’s proprietary data-set, technology, and deep…</value></summary><salary>$98,000 - $130,000 a year</salary></item>
<item><company_name><value>Central Health</value></company_name><location>Austin, TX</location><job_role>Covid-19 Testing Team TEMP Medical Administrative Clerk (MAC)</job_role><job_link>https://www.simplyhired.com/job/TwHE4BbcO-Jo-GxeSZ2l019_nmYzhLHE0DACwMqO0rSFM80t9UzjuA?q=</job_link><summary><value>Answer all incoming telephone calls and provide information as necessary or route the calls as needed. Verbal and written communications, including telephone…</value></summary><salary>$24,000 - $31,000 a year</salary></item>
<item><company_name><value>Legacy Heart Care</value></company_name><location>Austin, TX</location><job_role>Office Administrator (Full-Time)</job_role><job_link>https://www.simplyhired.com/job/yg63GsQ1MzxoNYXzipN9UinyfJ2jgU7BwDDVhQT8hBV1ieIaN1fNNw?q=</job_link><summary><value>You pay attention to detail, are highly organized, and can both offer and accept help when the situation calls for it.</value></summary><salary>$29,000 - $38,000 a year</salary></item>
<item><company_name><value>Radiant Plumbing &amp; Air Conditioning</value></company_name><location>Austin, TX</location><job_role>Payroll Analyst</job_role><job_link>https://www.simplyhired.com/job/d0V2Bl01OenlxII-B94XmMMF7j-XmB0jUUZg_r4yex3jAolB7Wi87A?q=</job_link><summary><value>Intermediate in MS office tools &amp; Quickbooks experience. Medical, Dental &amp; Vision with Company-Paid Life Insurance &amp; 401(k) plus company matching.</value></summary><salary>$18 - $20 an hour</salary></item>
<item><company_name><value>Superior HealthPlan</value></company_name><location>Austin, TX</location><job_role>Compliance Specialist</job_role><job_link>https://www.simplyhired.com/job/ElGpWmIM5r60oj8sY2UCv2gt0LFow9_0oIKRPDRDkeiZwGfoYCqz9A?q=</job_link><summary><value>Develop and update plan policies and procedures to ensure compliance with federal and state requirements. Ensure compliance with contractual requirements and…</value></summary><salary>$57,000 - $76,000 a year</salary></item>
<item><company_name><value>Applied Materials Inc.</value></company_name><location>Austin, TX</location><job_role>Assembler III (O3)</job_role><job_link>https://www.simplyhired.com/job/6WSHF5idMZ_BhvL_1NcsDJS4FrBYB3YhkxJQPCiel1W5R8U_VTcVVA?q=</job_link><summary><value>Areas of expertise include electrical interconnect, mechanical, pneumatic, fluid flow, or vacuum technologies. Yes, 10% of the Time.</value></summary><salary>$34,000 - $44,000 a year</salary></item>
<item><company_name><value>Intrinium</value></company_name><location>Austin, TX</location><job_role>Information Security Analyst</job_role><job_link>https://www.simplyhired.com/job/JMoonPIaFTbXgQv__mXpu_58opO4JaRvstrsytzMPQosyvmSvWWVcg?q=</job_link><summary><value>Must have or be near completion of a Bachelor’s Degree in Computer Science or related field. We transform our client’s technology and information security…</value></summary><salary>$75,000 - $93,000 a year</salary></item>
<item><company_name><value>Tesla</value></company_name><location>Austin, TX</location><job_role>Residential Field Service Technician</job_role><job_link>https://www.simplyhired.com/job/cA3wR95LGqEItx3319xyeXXfUnIaejc2Riv2Yee3l5AB9coEKXJ4vw?q=</job_link><summary><value>The Field Service Technician will report to the General Manager and provide diagnostic, troubleshooting, preventive and corrective maintenance services to Tesla…</value></summary><salary>$41,000 - $56,000 a year</salary></item>
<item><company_name><value>City of Austin</value></company_name><location>Austin, TX</location><job_role>Utility Account Supervisor (Credit)</job_role><job_link>https://www.simplyhired.com/job/z831xvkR_DhikqiID1uVkHxqGei-tlZMBWWhDZoLQI6lz560HKKjcQ?q=</job_link><summary><value>Graduation with a Bachelor’s degree from an accredited college or university with major coursework in a related field, plus five (5) years of experience…</value></summary><salary>$28 - $36 an hour</salary></item>
<item><company_name><value>Arrive Logistics</value></company_name><location>Austin, TX</location><job_role>People Operations Specialist</job_role><job_link>https://www.simplyhired.com/job/w297G-r8bFNOOcXKutp_f17iHgGU7EFqL8yt5BDpOa1TKBVnF2HsmQ?q=</job_link><summary><value>Bachelor’s Degree in a relevant field of study. Collaborate with People Ops to review EEO complaints and other work-related issues and case documentation.</value></summary><salary>$41,000 - $59,000 a year</salary></item>
<item><company_name><value>Garbo A Salon &amp; Spa</value></company_name><location>Austin, TX</location><job_role>Social Media Internship</job_role><job_link>https://www.simplyhired.com/job/srNWdS0E4V0BWVK1DIrlpy4jxYl5PEv9tspZrbaZ4j7li_aklXegrA?q=</job_link><summary><value>Tourism, hospitality professional services, social media influencers Day to Day, potential guests. Develop social media calendars for multiple clients.</value></summary><salary>$23,000 - $30,000 a year</salary></item>
<item><company_name><value>University of Texas at Austin</value></company_name><location>Austin, TX</location><job_role>Community Health Worker, Department of Population Health, Dell Medical School</job_role><job_link>https://www.simplyhired.com/job/McE-atUZE1sLDHI9ah4368Gsea_V_guE6CWA_X2oRYlMHo40L_ZzAQ?q=</job_link><summary><value>Ability to drive with a valid Texas Driver’s License and access to a reliable car to travel within the local Austin area. May work in all weather conditions.</value></summary><salary>$49,000 - $65,000 a year</salary></item>
<item><company_name><value>Accenture</value></company_name><location>Austin, TX</location><job_role>QA Associate</job_role><job_link>https://www.simplyhired.com/job/dKJ5VSRp2YKuFLbiJvzHWSte_lEHnkMTQseqc4dbxg9nZzAEpMa3BQ?q=</job_link><summary><value>All employment decisions shall be made without regard to age, race, creed, color, religion, sex, national origin, ancestry, disability status, veteran status,…</value></summary><salary>$48,000 - $61,000 a year</salary></item>
<item><company_name><value>Airship Syndicate</value></company_name><location>Austin, TX</location><job_role>Producer</job_role><job_link>https://www.simplyhired.com/job/zYCSXy6ngCwqSo_fvMqM35nRRQ0U0UVemmM4Gk8zYBCOw4ydtLKADQ?q=</job_link><summary><value>Work with project leads to define features and develop schedules/roadmaps. Work with Production and leads to assess progress, quality, and stay on top of bugs…</value></summary><salary>$54,000 - $72,000 a year</salary></item>
<item><company_name><value>Creative Channel Services Llc</value></company_name><location>Austin, TX</location><job_role>Brand Advocate- Austin, TX</job_role><job_link>https://www.simplyhired.com/job/qvTiqMMb-6tAS4zloSQ67EnZh8zPklyKYrro_lY3zk8r8W6WUDPytg?q=</job_link><summary><value>You have a passion for driving sales by teaching others the benefits of the products and services that are offered by our client’s products and with your…</value></summary><salary>$32,000 - $47,000 a year</salary></item>
<item><company_name><value>University of Texas at Austin</value></company_name><location>Austin, TX</location><job_role>Research Analyst</job_role><job_link>https://www.simplyhired.com/job/rmC3_7nsEfyBkr4mX4_Kr90l-n_oePpeERAguIUIiGqJfsXgGIlkMQ?q=</job_link><summary><value>The University of Texas at Austin, as an equal opportunity/affirmative action employer , complies with all applicable federal and state laws regarding…</value></summary><salary>$40,000 - $55,000 a year</salary></item>
<item><company_name><value>Ukpeagvik Iñupiat Corporation/Bowhead Family of Companies</value></company_name><location>Austin, TX</location><job_role>Travel Coordinator</job_role><job_link>https://www.simplyhired.com/job/lRxcEfoApsLNjwlZbg-08UDo8GczSsbxA62_iVJyl0Ra7bbYWJAR8g?q=</job_link><summary><value>Where driving may be required or where a rental car must be obtained for business travel purposes, applicants must have a valid driver license for this position…</value></summary><salary>$43,000 - $57,000 a year</salary></item>
<item><company_name><value>Dept of State Health Services</value></company_name><location>Austin, TX</location><job_role>Laboratory Technician III</job_role><job_link>https://www.simplyhired.com/job/u3cd5kEBv0j2un0Mk9hijZu0YvyvPgXyBmiyYu4k_tTbyoKw-sqahQ?q=</job_link><summary><value>Safe operation of either a state owned vehicle or personal vehicle is required to conduct state business, applicants will have their driving records checked…</value></summary><salary>$2,600 - $3,300 a month</salary></item>
<item><company_name><value>PPD</value></company_name><location>Austin, TX</location><job_role>Clinical Research Screening Associate</job_role><job_link>https://www.simplyhired.com/job/eQlHyJfEKO7MVXaICO9HSIsJmNOhvSNwXC_an6y5Kvd4wL-iN6mETg?q=</job_link><summary><value>Conducts the Informed Consent session by reading aloud the most recently approved version of the Informed Consent to volunteers while the volunteers follow…</value></summary><salary>$53,000 - $79,000 a year</salary></item>
<item><company_name><value>University of Texas at Austin</value></company_name><location>Austin, TX</location><job_role>Facilities Coordinator</job_role><job_link>https://www.simplyhired.com/job/4fSbEKUWYaqaohP1I4NpoKtb0X8VJNJaDLXUrh4-E_1W3grTLgpo6Q?q=</job_link><summary><value>This job requires a class "C" operator's driver's license. Work with University Technical Trades (Zone Shops, Landscaping, Project Management and Construction…</value></summary><salary>$36,000 - $40,000 a year</salary></item>
<item><company_name><value>TEXAS MILITARY DEPARTMENT</value></company_name><location>Austin, TX</location><job_role>TMD-Program Supervisor VI (Energy Program Supervisor)</job_role><job_link>https://www.simplyhired.com/job/7ItP_DG2nL0A-fJXk9lDgJUsW1D-tns4RKjdRnaZNTkz9SZd0QdECQ?q=</job_link><summary><value>Responds to data calls from the National Guard Bureau and the State Energy Conservation Office. Valid driver's license is required. Yes, 25 % of the Time.</value></summary><salary>$5,800 - $6,200 a month</salary></item>
<item><company_name><value>Travis County</value></company_name><location>Austin, TX</location><job_role>Human Resources Manager</job_role><job_link>https://www.simplyhired.com/job/3UWmAKdIPV0jkTeXAN6wFaW5jSl9EzhyNXu1AUuk5G3h2f1tVXO8fg?q=</job_link><summary><value>At the Travis County Tax Office, under the leadership of an elected official, we are responsible for a variety of state, county, and city services which…</value></summary><salary>$68,000 - $89,000 a year</salary></item>
<item><company_name><value>Bird Rides Inc.</value></company_name><location>Austin, TX</location><job_role>Operations Associate - Midwest</job_role><job_link>https://www.simplyhired.com/job/LSVF0Y1d9JdHdc6QX1mb8v5iz8fiy9E2ZG6hnyhSHDChnKmbweVyiA?q=</job_link><summary><value>Oversee business performance reporting and own strategic content distribution to executive leadership. Willingness to get your hands dirty, get in the field,…</value></summary><salary>$65,000 - $87,000 a year</salary></item>
<item><company_name><value>SBG Technology Solutions</value></company_name><location>Austin, TX</location><job_role>Communications Specialist</job_role><job_link>https://www.simplyhired.com/job/qjhyRD-LYwwoFQJYMTNC3suCM8bfIdTI7UG8zyiuX9M3Z2hr3UeOjA?q=</job_link><summary><value>Bachelor's degree in graphic design, visual communications, or related field with 5 years' relevant experience. This position is located in Austin, TX.</value></summary><salary>$53,000 - $71,000 a year</salary></item>
<item><company_name><value>The University of Texas Club</value></company_name><location>Austin, TX</location><job_role>RETURNING GAMEDAY SERVER</job_role><job_link>https://www.simplyhired.com/job/lu4u_9ANkTBsXDSUgRmyCjX4vPFTAShl3OomljTnmie5DiSy6QLkNw?q=</job_link><summary><value>Current TABC Certification and Food Handler's Certificate required for all positions. Must pass a Criminal Background Check and verification of Social Security…</value></summary><salary>$15 an hour</salary></item>
<item><company_name><value>Accenture</value></company_name><location>Austin, TX</location><job_role>Social Media Risk &amp; Payments Review Agent</job_role><job_link>https://www.simplyhired.com/job/qNni8JBYlkqns4gfAKr86tO9nf0RFyTBF5KwNB_1ZaykUVAHvH81lw?q=</job_link><summary><value>Fraud, Investigative, research, copyright, trademark, payments, customer service, identity theft, forensic, audit, billing, scam, data entry, data analysis,…</value></summary><salary>$42,000 - $57,000 a year</salary></item>
<item><company_name><value>US Department of Veterans Affairs</value></company_name><location>Austin, TX</location><job_role>Accounting Technician</job_role><job_link>https://www.simplyhired.com/job/JojWfuoMI0NlJVN1tEHESi3_2F3-Ouyto1Z-fqhKgeuO_Y0glhOk0w?q=</job_link><summary><value>Provide general clerical or assistant support to an agency fiscal function such as support to an agency accounts receivable or debt collection function,…</value></summary><salary>$40,000 - $52,000 a year</salary></item>
<item><company_name><value>Health &amp; Human Services Comm</value></company_name><location>Austin, TX</location><job_role>Clerk I</job_role><job_link>https://www.simplyhired.com/job/fBcp1dMQRN1dnDFy2KJbAwYuQ6rQjgtgi8mGDf1uLZtIk_r-a_AM8w?q=</job_link><summary><value>Ability to transfer incoming calls to appropriate personnel, to communicate effectively, and to greet and direct visitors.</value></summary><salary>$1,800 - $2,600 a month</salary></item>
<item><company_name><value>University of Texas at Austin</value></company_name><location>Austin, TX</location><job_role>Instrumentation Specialist</job_role><job_link>https://www.simplyhired.com/job/aOey32JLbJQiavGsl-U90R83A5ujWa_SD7Sre6hUGV0lV7tEtxTciw?q=</job_link><summary><value>Four years demonstrated ability in assembling high technology mechanical systems, and aligning precision mechanical components using manual machine tools.</value></summary><salary>$40,000 - $51,000 a year</salary></item>
<item><company_name><value>World Class Property Company</value></company_name><location>Austin, TX</location><job_role>Paralegal</job_role><job_link>https://www.simplyhired.com/job/RH56y17z727s78JSkODPheOBGjcGct6WUXJJoAG4WPrn4FcG3iUifQ?q=</job_link><summary><value>Familiaritywith Westlaw, PACER, ECF and state court filing systems a plus. Maintainingrecords for corporate entities including, filing certificates of formation…</value></summary><salary>$52,000 - $72,000 a year</salary></item>
<item><company_name><value>Southern Careers Institute</value></company_name><location>Austin, TX</location><job_role>HR Generalist</job_role><job_link>https://www.simplyhired.com/job/3DhS2fyBMxIAzRVtVT3IAsw4yForDOapvMmDmuq5fPhGE4DCj1i46g?q=</job_link><summary><value>Minimum of 3-5 years of experience in human resources or related field; Bachelor's degree in a related field highly preferred; Perform other duties as assigned.</value></summary><salary>$49,000 - $68,000 a year</salary></item>
<item><company_name><value>Badger Daylighting</value></company_name><location>Austin, TX</location><job_role>Assistant Hydrovac Operator - Austin,TX - Immediate Opening</job_role><job_link>https://www.simplyhired.com/job/p4mq1EsjOUWta19PPEV38huvvqPVDlbjzPF61qUjBTJbAERN0FhBEg?q=</job_link><summary><value>Badger traditionally works for contractors, engineers, and facility owners in the oil and gas, power, municipal, transportation, industrial, and commercial…</value></summary><salary>$19 - $20 an hour</salary></item>
<item><company_name><value>RoadSafe Traffic Systems, Inc.</value></company_name><location>Austin, TX</location><job_role>Railroad TC Technician (Austin, TX)</job_role><job_link>https://www.simplyhired.com/job/6pUslC7_vGGFwBBLekH7XRzQMBh_rVTwGz6wTtM2YUvcPSxT37DZuQ?q=</job_link><summary><value>Must have a valid Driver’s License is required to operate company trucks. Must have a clean driving record and be able to pass MVR as well as a driving test.</value></summary><salary>$49,000 - $64,000 a year</salary></item>
<item><company_name><value>Univision communications inc</value></company_name><location>Austin, TX</location><job_role>Multimedia Journalist</job_role><job_link>https://www.simplyhired.com/job/b6HCeDzFGftka-e8ZARH-Utgsi1NziBJt2Jl4ALSK3DHO2kXFkS9MA?q=</job_link><summary><value>Must have and maintain a good driving record and a valid driver’s license, along with the ability to drive daily. Drive and operate a live van.</value></summary><salary>$34,000 - $43,000 a year</salary></item>
<item><company_name><value>Travis County</value></company_name><location>Austin, TX</location><job_role>Environmental Technician</job_role><job_link>https://www.simplyhired.com/job/mm5V7BgR4-o9rkHSzX_KK2rCD9ygfwnmPS-A3ulNgn-fmopbx8DiKg?q=</job_link><summary><value>Bachelor’s degree in Natural Resources, Environmental Science, Ecology, Biology or a directly related field or directly related increasingly responsible…</value></summary><salary>$35,000 - $43,000 a year</salary></item>
<item><company_name><value>TikTok</value></company_name><location>Austin, TX</location><job_role>Head of Operations - Monetization Integrity, North America</job_role><job_link>https://www.simplyhired.com/job/Op-ZRFpkY2KWQ254sH5Dl7WLzMyqx7VnhOUDrgIybMq7_Kp-ClAstg?q=</job_link><summary><value>The team is composed of Policy, Operations, Product and Data specialists working cross-functionally with key stakeholders (Product, Engineering, PR, Legal, and…</value></summary><salary>$71,000 - $90,000 a year</salary></item>
<item><company_name><value>NGA Human Resources</value></company_name><location>Austin, TX</location><job_role>Payroll Associate</job_role><job_link>https://www.simplyhired.com/job/qzAzD__icS8AOPt4lqbFIYlyQhIrDxDsKN7mSjjgkhekev1o59W7Xg?q=</job_link><summary><value>This role routinely uses standard office equipment such as computers, phones, photocopiers, filing cabinets and fax machines. Reach with hands and arms;</value></summary><salary>$60,000 - $82,000 a year</salary></item>
<item><company_name><value>VMware PSO</value></company_name><location>Austin, TX</location><job_role>Staff Consulting Architect Austin, TX</job_role><job_link>https://www.simplyhired.com/job/patAIakvy01OKCsGzylTUSQ_HzJWCixa5j8VuoyA9lcu9oKj7lQ5yA?q=</job_link><summary><value>We will sponsor your enablement and certification up to and including VCDX certification. Confidently gather use case requirements and creation of high-level…</value></summary><salary>$120,000 - $160,000 a year</salary></item>
<item><company_name><value>NXP Semiconductors</value></company_name><location>Austin, TX</location><job_role>SoC Security Assessor/Security Researcher</job_role><job_link>https://www.simplyhired.com/job/cQmU2p4bMe0Wp_BedDy30e85umYZ7S2NOJU8x8GhgF1LMN4rSfhQhQ?q=</job_link><summary><value>BSEE or MSEE preferred in Security Engineering, Software Engineering or Electronic Engineering. Have good experience in IC hardware design or embedded software…</value></summary><salary>$68,000 - $90,000 a year</salary></item>
<item><company_name><value>Continental Marketing</value></company_name><location>Austin, TX</location><job_role>Customer Outreach Assistant</job_role><job_link>https://www.simplyhired.com/job/0T_hoPdWvvJeavpl955Cq2QF0M0TjO57lGJQZzt9F-AeG8Nz_0Ufrw?q=</job_link><summary><value>This position begins at the entry level but offers the tools and knowledge to transform into a dynamic leadership opportunity for those with a passion for…</value></summary><salary>$37,000 - $55,000 a year</salary></item>
<item><company_name><value>Nintendo of America Inc.</value></company_name><location>Austin, TX</location><job_role>Boss / AI Designer (Retro Studios)</job_role><job_link>https://www.simplyhired.com/job/9R2-zL0s0Wh279YvgDAD-ar1cnd3Do7_mR5KMPBDLcD7J4r2hmWZjw?q=</job_link><summary><value>Design, own, and champion Boss and AI encounters in a highly iterative environment. A minimum of 5+ years of experience in game design, including senior or lead…</value></summary><salary>$64,000 - $82,000 a year</salary></item>
<item><company_name><value>Employees Retirement System of Texas</value></company_name><location>Austin, TX</location><job_role>Benefits Counselor</job_role><job_link>https://www.simplyhired.com/job/VPZPUjW3uIuduF_rpMFs4gSeE_Suu4P3yhn-pL7rExXO_WxoRGv2Xw?q=</job_link><summary><value>As a Benefits Counselor in our Contact Center, you will work in a fast-paced environment answering moderately complex incoming inquiries through telephone calls…</value></summary><salary>$3,700 a month</salary></item>
<item><company_name><value>Whole Foods Market</value></company_name><location>Austin, TX</location><job_role>Application Support Analyst</job_role><job_link>https://www.simplyhired.com/job/uqJelyCXe-Unjqj73JlqBYYVbJ0HOq8WeMOoWt-8LpFpXstzv-x3PQ?q=</job_link><summary><value>5 years of experience communicating technical information to non-technical audience, communicating technical information to non-technical audience, and…</value></summary><salary>$94,000 - $120,000 a year</salary></item>
<item><company_name><value>eMDs</value></company_name><location>Austin, TX</location><job_role>Compliance, Privacy and Security Officer</job_role><job_link>https://www.simplyhired.com/job/OjXK0fHRaGIl0HPx94OtF2DnM1tb6PzPcGZQIv4AmwwuihRUFK6c3g?q=</job_link><summary><value>Healthcare Compliance or Certified Professional Compliance Officer certification, Certified Information Privacy Professional/US, or equivalent is strongly…</value></summary><salary>$84,000 - $110,000 a year</salary></item>
<item><company_name><value>Orchard</value></company_name><location>Austin, TX</location><job_role>HR Business Partner</job_role><job_link>https://www.simplyhired.com/job/krdGvrRQNbTJiq82cvdEdFxXYqn6Cw8bAJJXENfasuq_bzX_vaFXpw?q=</job_link><summary><value>Partner with business leaders to think strategically about how they manage, engage, and develop their teams. Strong working knowledge of MS Office/GSuite tools.</value></summary><salary>$75,000 - $110,000 a year</salary></item>
<item><company_name><value>City of Austin</value></company_name><location>Austin, TX</location><job_role>Utility Account Supervisor</job_role><job_link>https://www.simplyhired.com/job/cTRoUVXEE628aIg0rM5SvILShCLbLWYmcjW_M9UJrjQOkpN7hAroUQ?q=</job_link><summary><value>Graduation with a Bachelor’s degree from an accredited college or university with major coursework in a related field, plus five (5) years of experience…</value></summary><salary>$28 - $36 an hour</salary></item>
<item><company_name><value>Health &amp; Human Services Comm</value></company_name><location>Austin, TX</location><job_role>Reports Coordinator</job_role><job_link>https://www.simplyhired.com/job/UBL7NtyaqG_MnzBVy3RPMY14lVcA2myL262nQvXw9AaHQ_t0pkGnDA?q=</job_link><summary><value>Graduation from an accredited four-year college or university with a bachelor’s degree in social science; Communicates on a complex level with other entities …</value></summary><salary>$4,600 - $6,100 a month</salary></item>
<item><company_name><value>Hanger Inc.</value></company_name><location>Austin, TX</location><job_role>Talent Acquisition Partner</job_role><job_link>https://www.simplyhired.com/job/NGl0PrhzorZ7kRnhBisnhra4ucGzJ4bjJU9Ux8Npd0ONSeMoZravFw?q=</job_link><summary><value>A valid driver’s license and driving record within the standards outlined within Hanger’s Motor Vehicle Safety Policy and Procedures. Could This Be For You?:</value></summary><salary>$66,000 - $82,000 a year</salary></item>
<item><company_name><value>Drees Homes</value></company_name><location>Austin, TX</location><job_role>Builder Trainee</job_role><job_link>https://www.simplyhired.com/job/AIGJdXUs8-fQ87uZCnfKsVu6uP3lQ5qCGbV6wCbuOeTXHpynBK1IIA?q=</job_link><summary><value>2 or 4 year degree in Construction Management or a related field preferred. Be proactive in answering customer questions about the building process.</value></summary><salary>$38,000 - $53,000 a year</salary></item>
<item><company_name><value>Southern Glazer’s Wine and Spirits</value></company_name><location>Austin, TX</location><job_role>Stocker Full Time</job_role><job_link>https://www.simplyhired.com/job/9-5_KJfZ5Vzp7LKX2gGNUeLMUhvIL5onpvCWM-d31jzZAJPD_-q1Bw?q=</job_link><summary><value>Must possess a reliable vehicle, a valid drivers’ license and the ability to obtain and maintain auto liability insurance in accordance with state laws.</value></summary><salary>$24,000 - $30,000 a year</salary></item>
<item><company_name><value>University of Texas at Austin</value></company_name><location>Austin, TX</location><job_role>Implementation Coach - Humanities</job_role><job_link>https://www.simplyhired.com/job/1FV_t0h_gToUHRnooe95JQfOonA8MoJLRVlYiBHHevWYbAYpA3LnNg?q=</job_link><summary><value>Develop and lead projects relating to instructional support, course implementation, and in-person and virtual coaching under direction of the designated…</value></summary><salary>$47,000 - $65,000 a year</salary></item>
<item><company_name><value>Health &amp; Human Services Comm</value></company_name><location>Austin, TX</location><job_role>Program Specialist VII</job_role><job_link>https://www.simplyhired.com/job/lhB2nPliAKTxAWZgSndHNCj3KINxFYTl4h9c-nXYFzoSikCuTNKgCA?q=</job_link><summary><value>Certified Texas Contract Manager (CTCM) certification, or the ability to obtain it within one year of hire. Knowledge of state and federal grant administration…</value></summary><salary>$5,800 - $7,200 a month</salary></item>
<item><company_name><value>Whole Foods Market</value></company_name><location>Austin, TX</location><job_role>Packaging Project Manager</job_role><job_link>https://www.simplyhired.com/job/dLzdqAPNHz_58s69dir_sY4YrfaFzl6HTCnYtsMb7SItrQBYMIt2mA?q=</job_link><summary><value>Facilitates the label review and approval process by third-parties, including vendors, organic certification agencies, kosher certification bodies, and parties…</value></summary><salary>$50,000 - $68,000 a year</salary></item>
<item><company_name><value>Kaplan</value></company_name><location>Austin, TX</location><job_role>Student Brand Ambassador</job_role><job_link>https://www.simplyhired.com/job/xXPMYm4lHWqWLuDffMoyK66mouxafPK1ZtNLrJxam57v3xid_u3iSQ?q=</job_link><summary><value>Not only do you get competitive pay, you also get a free Kaplan course (after just 3 months) to help you succeed in your own educational goals!</value></summary><salary>$15 an hour</salary></item>
<item><company_name><value>TEXAS EDUCATION AGENCY</value></company_name><location>Austin, TX</location><job_role>Administrative Law Judge III</job_role><job_link>https://www.simplyhired.com/job/zlyvNIFAjFCtATC-xGi1kn9cGQyVIwmd0beXAEdT8Q_N66cVnqtKRA?q=</job_link><summary><value>This position ensures contested cases before the Commissioner are handled fairly and in accordance with the law, assists the operation of the independent…</value></summary><salary>$6,400 - $8,600 a month</salary></item>
<item><company_name><value>Faneuil, Inc.</value></company_name><location>Austin, TX</location><job_role>Reconciliation Clerk Finance - H2</job_role><job_link>https://www.simplyhired.com/job/dhZF7FbUnzZ1-83yz86frl-bLQwHBzvIOSZbjs80sZquRRCAXduB4Q?q=</job_link><summary><value>The Reconciliation Lead reconciles Credit Card transactions between TxDOT and bank, audits, cash and check-out balancing, cash drawer issuance, inventory audits…</value></summary><salary>$18 an hour</salary></item>
<item><company_name><value>Hill+Knowlton Strategies</value></company_name><location>Austin, TX</location><job_role>Presentation Designer - Temp-to-Perm</job_role><job_link>https://www.simplyhired.com/job/gJQIQUjCI_YRgY5wnrUtRM273nU94pgvai9XVINFtViJ75oLwjwQTA?q=</job_link><summary><value>At H+K our belief is that the agency is a canvas for everyone to write their own story. Of note, most presentation submissions are in PowerPoint so design with…</value></summary><salary>$76,000 - $100,000 a year</salary></item>
<item><company_name><value>Arrive Logistics</value></company_name><location>Austin, TX</location><job_role>Office Admin</job_role><job_link>https://www.simplyhired.com/job/8BR89C7eIieilI3JrohmRl02vW1B8qrW1IN8coCZ1blIABE3AvR5hw?q=</job_link><summary><value>Perform other front desk duties such as sending and receiving mail, signing for packages and other deliveries. Maintain vendor and guest NDA forms upon arrival.</value></summary><salary>$27,000 - $36,000 a year</salary></item>
<item><company_name><value>TripSpark Technologies</value></company_name><location>Austin, TX</location><job_role>Application Support Analyst (Remote, Calgary, or Mississauga)</job_role><job_link>https://www.simplyhired.com/job/xVapVZz0kDT9-jfONpxYYwDXDVvrZTvqHUBXw7I_C9SY3fpw2HYDWQ?q=</job_link><summary><value>Bachelor’s degree in business, engineering or computer science is preferred. This will involve answering complex questions on function and usage of products in…</value></summary><salary>$71,000 - $91,000 a year</salary></item>
<item><company_name><value>QVC</value></company_name><location>Austin, TX</location><job_role>Austin Full Time Work At Home Customer Service Specialist</job_role><job_link>https://www.simplyhired.com/job/HqkzttNJipNoZb9AUATWYwBWJgQzv48H6TgtZtcQmVlaE9ubxzSD8A?q=</job_link><summary><value>Field inbound calls from our customers with potential for extended periods of high volume. Perform ticking or tracking to capture valuable information calls in…</value></summary><salary>$13 an hour</salary></item>
<item><company_name><value>TEXAS DEPARTMENT OF MOTOR VEHICLES</value></company_name><location>Austin, TX</location><job_role>Info Tech Security Analyst I or II</job_role><job_link>https://www.simplyhired.com/job/wrn_B46py5Ox2twMGSYNKLykUq4dNvr4yd-b8x15EAc3UVly3H7S8Q?q=</job_link><summary><value>Licensure and/or Certification – If driving is required, must possess a valid driver license from state of residence. Performs assessments of IT risks.</value></summary><salary>$5,300 - $8,600 a month</salary></item>
<item><company_name><value>Facebook</value></company_name><location>Austin, TX</location><job_role>Manager, HCM Integrations</job_role><job_link>https://www.simplyhired.com/job/LEkI2pFRXSSmkOc4snR_Sl-ti2iQN7Am6cawaBt4ZyzC15ycvcL1rA?q=</job_link><summary><value>You will lead a team of Application Managers to own the integration strategy for Workday, Salesforce, the HR Data Warehouse and Facebook internal technology.</value></summary><salary>$87,000 - $110,000 a year</salary></item>
<item><company_name><value>Lower Colorado River Authority</value></company_name><location>Austin, TX</location><job_role>Public Safety Dispatcher I</job_role><job_link>https://www.simplyhired.com/job/wJG6lVE_LUxcJUIDyqaYMpvSDJyURNBrhhz8Vh_1Ieevvu2dLY9M9w?q=</job_link><summary><value>Receives, processes and dispatches calls, radio traffic and alerts to/from law enforcement, security officers, employees and the public. 401(k) match up to 8%.</value></summary><salary>$32,000 - $45,000 a year</salary></item>
<item><company_name><value>Radiant Plumbing &amp; Air Conditioning</value></company_name><location>Austin, TX</location><job_role>Payroll Analyst - Part-Time!</job_role><job_link>https://www.simplyhired.com/job/I6gNMk3KFBCZ8BqbC9mSYip-SY9a9hV-nS2MWHt3MGk6wKzFEWYLFg?q=</job_link><summary><value>Intermediate in MS office tools &amp; Quickbooks experience. I'm Brad, my wife's name is Sarah, and since 1999 we've been serving Austin as the best little plumbing…</value></summary><salary>$18 - $20 an hour</salary></item>
<item><company_name><value>FedEx Express</value></company_name><location>Austin, TX</location><job_role>Part-Time Courier/DOT Mon-Fri 3pm-9:30pm $17.44 HR</job_role><job_link>https://www.simplyhired.com/job/Rjjezpi-9wLTGSW-z1fwtGx4y1SsdPoUns1dnKuOwJSwH5kHBBthiQ?q=</job_link><summary><value>The provisions of this article shall apply to any application by any person for a license or employment at any public or private employer, who has previously…</value></summary><salary>$27,000 - $36,000 a year</salary></item>
<item><company_name><value>City of Austin</value></company_name><location>Austin, TX</location><job_role>Accounting Associate III</job_role><job_link>https://www.simplyhired.com/job/O1Nsy9W2d4KoaBoESjmrluy25Uz-noh7qUab-nojFwVrlIR8uTEviQ?q=</job_link><summary><value>Graduation with a Bachelor’s degree from an accredited four year college or university with major coursework in a field related to Finance, Accounting, or…</value></summary><salary>$21 - $26 an hour</salary></item>
<item><company_name><value>TransPerfect</value></company_name><location>Austin, TX</location><job_role>TransPerfect is recruiting professionals for an immediate short term Data entry/Redaction project.</job_role><job_link>https://www.simplyhired.com/job/do3Xcf3sa-s07BIveBUUK05wc2Uvwd4AwJd1POqMF_uJvmtniZIsUQ?q=</job_link><summary><value>Each of our 90+ offices has its own individual identity, and each also has its own unique rewards. Must work full days onsite.</value></summary><salary>$26 an hour</salary></item>
<item><company_name><value>Lead Commercial</value></company_name><location>Austin, TX</location><job_role>AGENTS</job_role><job_link>https://www.simplyhired.com/job/0eF82eqGrNq17tto3B5DXlwhWyIIDKj0vHVnIw-ricUvhyBSDc_EKQ?q=</job_link><summary><value>On driving real value for our clients. Licensed and active in performing lease negotiations. Tools &amp; Processes - Customized CRM, databases and.</value></summary><salary>$69,000 - $90,000 a year</salary></item>
<item><company_name><value>Austin Radiological Association/ ARA Diagnostic Imaging</value></company_name><location>Austin, TX</location><job_role>Patient Screener (Temporary 90 Day Position)</job_role><job_link>https://www.simplyhired.com/job/WWL47r8iQlrSFcuT8eSM3sN3AY1WWzYcqVw6sftWBvKCr4_gzZ05Bg?q=</job_link><summary><value>Responsible for greeting patients/visitors and screening them before entering the clinic per protocol. ARA Diagnostic Imaging is seeking a Patient Screener to…</value></summary><salary>$26,000 - $35,000 a year</salary></item>
<item><company_name><value>Dept of State Health Services</value></company_name><location>Austin, TX</location><job_role>Operations Specialist</job_role><job_link>https://www.simplyhired.com/job/Txsi4GfALXWvgPs9gCrjEnV5TKbNrassqcMzgiAYOk3tMi0RH_2DFQ?q=</job_link><summary><value>Knowledge of federal and state legislative processes and state government administration. Oversees the preparation of reports on newly enacted laws and pending…</value></summary><salary>$5,300 - $6,400 a month</salary></item>
<item><company_name><value>Tesla</value></company_name><location>Austin, TX</location><job_role>Project Manager, Solar Roof</job_role><job_link>https://www.simplyhired.com/job/fs6qsASf5ICeNsr_OrK4zjYEDKTQbHAdmjR8T4eJJroJ7JKAtIt-WA?q=</job_link><summary><value>Provide technical assistance to crews. Complete Project Reviews for scope and cost adders, owner obligations and site conditions. High School Diploma or GED.</value></summary><salary>$64,000 - $87,000 a year</salary></item>
<item><company_name><value>University of Texas at Austin</value></company_name><location>Austin, TX</location><job_role>Cashier I</job_role><job_link>https://www.simplyhired.com/job/fIFE4AYWr-nQxzMmgC587flKDqSNxnY0GtXiaY_Y7Zpas-CXy7cvMQ?q=</job_link><summary><value>More than 1 year experience as a cashier handling cash transactions, including receipt, disbursement and recording of cash or credit card payments in a large…</value></summary><salary>$21,000 - $30,000 a year</salary></item>
<item><company_name><value>Lower Colorado River Authority</value></company_name><location>Cedar Creek, TX</location><job_role>Parks Operations Coord I</job_role><job_link>https://www.simplyhired.com/job/0BqdI_0Vc4SJpvSZP5skxfY0jFN0671e82GOC0un9hxLj5qulm-A3A?q=</job_link><summary><value>All employment decisions at LCRA are based on business need, job requirement and individual qualifications, without regard to race, color, religion, gender…</value></summary><salary>$33,000 - $46,000 a year</salary></item>
<item><company_name><value>University of Texas at Austin</value></company_name><location>Austin, TX</location><job_role>Stores Clerk I</job_role><job_link>https://www.simplyhired.com/job/STszaPQFAtvRn5W0oCxYmzNkI9on4c-4NWzw_DZpPV99HWXCwj2Khg?q=</job_link><summary><value>This job requires a class "C" operator's driver's license and maintain an acceptable driving record throughout employment. To Be Determined at Offer.</value></summary><salary>$22,000 - $29,000 a year</salary></item>
<item><company_name><value>SBG Technology Solutions</value></company_name><location>Austin, TX</location><job_role>Administrative Assistant</job_role><job_link>https://www.simplyhired.com/job/Y0IlrenIW3ruq8KFUyBLsNMDq-H82KfznO-_ZmHVmbbpyAVK8CIUtw?q=</job_link><summary><value>AFC assesses and integrates the future operational environment, emerging threats and technologies to develop and deliver concepts, requirements and future force…</value></summary><salary>$33,000 - $46,000 a year</salary></item>
<item><company_name><value>Dept of Family &amp; Protectve Svc</value></company_name><location>Austin, TX</location><job_role>CLOE Training Spec V</job_role><job_link>https://www.simplyhired.com/job/-Rb-E5RzlIi9hpvjO1-QBkZNlG5F544ak7PjhnAdKIZQ-OQ8uWeS7w?q=</job_link><summary><value>Graduation from an accredited four-year college or university with major course work in computer science, instructional design or organizational development,…</value></summary><salary>$4,000 - $6,600 a month</salary></item>
<item><company_name><value>HEB</value></company_name><location>Austin, TX</location><job_role>Austin 02 - Overnight Total Store Sanitation Spec</job_role><job_link>https://www.simplyhired.com/job/EgToyTzjggi-1VdGjhYV9UBFgWfi9xKNT0Z1dCCfkUV9rg7RWNYPsg?q=</job_link><summary><value>Austin 02 - Overnight Total Store Sanitation Spec. H-E-B Job Title Total Store Sanitation Spec. Schedule Part-time Requested Availability (if applicable)…</value></summary><salary>$15 an hour</salary></item>
<item><company_name><value>University of Texas at Austin</value></company_name><location>Austin, TX</location><job_role>Night Shift Cleaning Worker, LBJ Library</job_role><job_link>https://www.simplyhired.com/job/WNjh9lgL7joBmiicRLK0q55q7SszL12q9E9qSt6snr-Orr0IGcgEJw?q=</job_link><summary><value>The University of Texas at Austin, as an equal opportunity/affirmative action employer , complies with all applicable federal and state laws regarding…</value></summary><salary>$27,000 a year</salary></item>
<item><company_name><value>HEB</value></company_name><location>Austin, TX</location><job_role>Austin 04 Shelf Edge - Shelf Edge Specialist - Full-Time</job_role><job_link>https://www.simplyhired.com/job/YGLclVkl56syByAUmia71oEmDW5lC_Bqiar6f_1DXGzISbDZ-zQYYQ?q=</job_link><summary><value>Austin 04 Shelf Edge - Shelf Edge Specialist - Full-Time. H-E-B Job Title Shelf Edge Specialist. Schedule Full-time Requested Availability (if applicable)…</value></summary><salary>$15 an hour</salary></item>
<item><company_name><value>Cognizant Technology Solutions</value></company_name><location>Austin, TX</location><job_role>Content Writer</job_role><job_link>https://www.simplyhired.com/job/aNR-9FGhHEkXwjluMrWSUFqEv8b9DbzgACaPpIz-tr5KWavTKODvOg?q=</job_link><summary><value>Order to Cash Order Management. Understand user story and alignment to the features from product owner. User Story / Epic Grooming &amp; Sizing.</value></summary><salary>$48,000 - $64,000 a year</salary></item>
<item><company_name><value>Dept of State Health Services</value></company_name><location>Austin, TX</location><job_role>Publ Hlth and Prevent Spcl I</job_role><job_link>https://www.simplyhired.com/job/VXiNunnT7am5xEhjzxIQWAkiz4p0kmDiLq0VuId7KxIKf5vhLLsTkQ?q=</job_link><summary><value>If employee operates a personal or state motor vehicle in any of their official duties, the employee must possess a current valid Texas driver’s license for the…</value></summary><salary>$2,600 - $3,300 a month</salary></item>
<item><company_name><value>Deloitte</value></company_name><location>Austin, TX</location><job_role>Cloud Migration - Consultant</job_role><job_link>https://www.simplyhired.com/job/ywrYND5KWOrFiJOjcV8crPkJVRXtzt8M7hYdo6yUIMzfsODGqV3POg?q=</job_link><summary><value>Analyze client’s existing application and infrastructure, design target state architecture using cloud architecture and modernization best practices, develop a…</value></summary><salary>$120,000 - $160,000 a year</salary></item>
<item><company_name><value>Lead Commercial</value></company_name><location>Austin, TX</location><job_role>COORDINATOR</job_role><job_link>https://www.simplyhired.com/job/PPCs9zji_iwAuQKnTsB-zxWrb0865Z4kBoCNj2N5EbIm8vP9CKnNgA?q=</job_link><summary><value>Field or 2 years of experience as a transaction coordinator. On driving real value for our clients. Tools &amp; Processes - Customized CRM, databases and.</value></summary><salary>$48,000 - $63,000 a year</salary></item>
<item><company_name><value>RS3 Turf (St Edwards University)</value></company_name><location>Austin, TX</location><job_role>Groundskeeping Assistant</job_role><job_link>https://www.simplyhired.com/job/DnOgmPEsvQ-989XL1NIEaU1uy7W-mP5lyD9JuBYCx1bTpNIWco_k5w?q=</job_link><summary><value>RS3 Turf is currently seeking a qualified individual to fill the role of Part Time Grounds Assistant. This position will be a great opportunity for a highly…</value></summary><salary>$21,000 - $30,000 a year</salary></item>
<item><company_name><value>Orchard</value></company_name><location>Austin, TX</location><job_role>Escrow Assistant</job_role><job_link>https://www.simplyhired.com/job/zr3YfLPTJ_20ZeYCsnKluFeaFLVyM5FWDAGG2SPPmONQzB-Cns_3sw?q=</job_link><summary><value>Clearly communicate and collaborate with cross-department contacts in Customer Experience / Sales, Contract Operations, and Funding to stay aligned on progress…</value></summary><salary>$31,000 - $41,000 a year</salary></item>
<item><company_name><value>Travis County</value></company_name><location>Austin, TX</location><job_role>Education Instructional Specialist</job_role><job_link>https://www.simplyhired.com/job/oJ8nqvcNap3Omeprt4_iehnpmFtfLwhuK_iPy1cIqgwDWcgAACH_WQ?q=</job_link><summary><value>Provides coaching and mentorship to instructors related to facilitating Natural Resources and ongoing professional development that is related to their field or…</value></summary><salary>$32,000 - $33,000 a year</salary></item>
<item><company_name><value>Facebook</value></company_name><location>Austin, TX</location><job_role>Payments Experience Process Specialist</job_role><job_link>https://www.simplyhired.com/job/xrey6sIyr6xj-TCbITG0tHMGvqV0FUOR2E-Ec0Cpq3AFjCa_tAG9qA?q=</job_link><summary><value>Influence and lead efforts, communicate effectively, and coordinate with key cross-functional partners, including Engineering, Design, Legal, and others during…</value></summary><salary>$51,000 - $66,000 a year</salary></item>
<item><company_name><value>Alldus</value></company_name><location>Austin, TX</location><job_role>Splunk Professional Services Consultant</job_role><job_link>https://www.simplyhired.com/job/PMsuDawQcbW2y8DSIJeJsC2iHCggEKeZ2XbrLdTWpKQ0tY0k9rl9KA?q=</job_link><summary><value>Our client is a certified Splunk Partner who are looking for a Splunk Consultant to join their growing team of Splunk experts.</value></summary><salary>$130,000 - $200,000 a year</salary></item>
<item><company_name><value>D.R. Horton Inc.</value></company_name><location>Austin, TX</location><job_role>Mortgage Mastery Trainee</job_role><job_link>https://www.simplyhired.com/job/5KhF3kyZ-vmYlVq16LJxO5mcpOkEF0NWHB0BbEv9p_BV1t5HHK1ExA?q=</job_link><summary><value>The right candidate will develop overall mortgage skills to prepare teammates to move into other roles including: From four-year college or university;</value></summary><salary>$40,000 - $51,000 a year</salary></item>
<item><company_name><value>PayPal</value></company_name><location>Austin, TX</location><job_role>Data Analyst Intern</job_role><job_link>https://www.simplyhired.com/job/dT0mW3AQL7_DR2IZl5AjTugS1BDL0dDOkuEeeejpgaj2RBYGLyH_bQ?q=</job_link><summary><value>Must be earning a Bachelor’s or Master’s degree in Computer Science, Math, Statistics or related field. Innovate and implement large-scale quality improvements…</value></summary><salary>$72,000 - $99,000 a year</salary></item>
<item><company_name><value>Travis County</value></company_name><location>Austin, TX</location><job_role>Park Maintenance Worker (West)</job_role><job_link>https://www.simplyhired.com/job/g5fs5mhUK5ShbzaNoiiNchjhEfblem_pTmRvVIF0p9MG_y_RnfRfow?q=</job_link><summary><value>Are you looking for an entry level position in the Park Maintenance field? Federal, State, Local and County applicable laws, rules, regulations and guidelines.</value></summary><salary>$28,000 - $35,000 a year</salary></item>
<item><company_name><value>TEXAS MILITARY DEPARTMENT</value></company_name><location>Austin, TX</location><job_role>TMD - Planner I (CFMO Planner I)</job_role><job_link>https://www.simplyhired.com/job/7ptKj7SRND9vL68INLLD0RGr3QudeimC7YZEa-8SJGprPjlrKlsPOg?q=</job_link><summary><value>A satisfactory driving record is required for driving state or personal vehicles to conduct agency business. Valid driver’s license is required.</value></summary><salary>$4,000 - $4,300 a month</salary></item>
<item><company_name><value>Twisted Pixel Games</value></company_name><location>Austin, TX</location><job_role>Character Modeler</job_role><job_link>https://www.simplyhired.com/job/yJC5G69LpcfZO6MKgZ1qIyrwUxh-fLljx7tSL1y5JW3o2cthHV3SSA?q=</job_link><summary><value>Specify and develop art production tools under the guidance of the tools programmer. In a community-minded, independent studio environment, you’ll get to make…</value></summary><salary>$47,000 - $69,000 a year</salary></item>
<item><company_name><value>Wunderman Thompson</value></company_name><location>Austin, TX</location><job_role>Copywriter</job_role><job_link>https://www.simplyhired.com/job/cs7thCplHXaVm6p1XAGIGyJMjHNYsVy5crVt49ZvIJfvQk1RVNI_eg?q=</job_link><summary><value>Drive Creativity | Develop the written tone and feel of advertising to be executed in various media. The Wunderman Thompson copywriter is responsible for…</value></summary><salary>$62,000 - $85,000 a year</salary></item>
<item><company_name><value>Travis County</value></company_name><location>Austin, TX</location><job_role>Constable Deputy</job_role><job_link>https://www.simplyhired.com/job/BLr_JMwIxrGbZlw_gq8AHVUEslMdTc7Ib9cX9hNFnIms8Jq3YpQVEg?q=</job_link><summary><value>Requires active peace officer license. Performs timely service of all criminal and civil processes issued by the courts and enforces local, state and federal…</value></summary><salary>$51,000 a year</salary></item>
<item><company_name><value>Kohler</value></company_name><location>Austin, TX</location><job_role>Sales Assistant</job_role><job_link>https://www.simplyhired.com/job/gITcob5D2PQmzto0DNk4kmlTA4DWq9TfDvpMXxGpGvaClLSRPT9CCA?q=</job_link><summary><value>In addition, you will participate in business development activities with the architecture and design community to develop and grow your client base while being…</value></summary><salary>$41,000 - $59,000 a year</salary></item>
<item><company_name><value>David Weekley Homes</value></company_name><location>Austin, TX</location><job_role>New Home Sales Consultant</job_role><job_link>https://www.simplyhired.com/job/fANZ0SXbpLlUywdpjKpVRw-34_MrHITPLNmMTy0m-FP_Za4LGF-GQg?q=</job_link><summary><value>You must be willing to place your Real Estate license in an inactive status if hired. New Home Discount for Team Member &amp; Family.</value></summary><salary>$59,000 - $78,000 a year</salary></item>
<item><company_name><value>Jaymes Willoughby Team</value></company_name><location>Austin, TX</location><job_role>Showing Assistant</job_role><job_link>https://www.simplyhired.com/job/j-b_SHT7OZLCPQEJHBr4yHIhuLnGAqxq7r3ITw9MbKUiC2OPqgB8og?q=</job_link><summary><value>The Showing Assistant will have a real estate license in order to meet state-mandated criteria for the duties in this role. Driving buyer clients to homes.</value></summary><salary>$30,000 - $45,000 a year</salary></item>
<item><company_name><value>Texas School for the Deaf</value></company_name><location>Austin, TX</location><job_role>Residential Supervisor</job_role><job_link>https://www.simplyhired.com/job/mphkdBHiHX5hKk7F_lhMAS3dA2eFB5LpX4Yv5ySp38VsYh7NVebdZQ?q=</job_link><summary><value>Bachelor’s degree from an accredited college or university in counseling, psychology, child development, education or other related degree and one year of…</value></summary><salary>$4,400 a month</salary></item>
<item><company_name><value>Electronic Arts</value></company_name><location>Austin, TX</location><job_role>Project Manager</job_role><job_link>https://www.simplyhired.com/job/PGbIEdq6l1jz6856i74__lJ49KNQ1B3qWC3P7saoIbX7QrHlu0SUSQ?q=</job_link><summary><value>Develop and maintain project plans and track progress to plan. Develop a schedule for each project completion that effectively allocates the resources to the…</value></summary><salary>$100,000 - $140,000 a year</salary></item>
<item><company_name><value>City of Austin</value></company_name><location>Austin, TX</location><job_role>Appraiser</job_role><job_link>https://www.simplyhired.com/job/Y8PsBP4Ry6-pwSaKYfUFk4sOL-T9h7Hkijq84LTxmW7OqBxgaSZucg?q=</job_link><summary><value>Graduation with a Bachelor’s degree from an accredited college or university with major coursework in Business Administration, Real Estate, Public…</value></summary><salary>$24 - $30 an hour</salary></item>
<item><company_name><value>HEB</value></company_name><location>Austin, TX</location><job_role>Austin 27 Frozen Foods - Overnight Stocker - Full-Time</job_role><job_link>https://www.simplyhired.com/job/L-9ZAzqYq2W5TLcEC1k4qxWBuw59Exp7zar-ozKqX7jAPEkeEdw9IQ?q=</job_link><summary><value>Austin 27 Frozen Foods - Overnight Stocker - Full-Time. H-E-B Job Title Night Stocker. Schedule Full-time Requested Availability (if applicable) 10PM - 6:30AM …</value></summary><salary>$15 an hour</salary></item>
<item><company_name><value>Tesla</value></company_name><location>Austin, TX</location><job_role>Global Supply Manager - Construction</job_role><job_link>https://www.simplyhired.com/job/2_Hmnxg4wHmtO1HG-uhocN9gH11NqfjENfu5jCFCUsiINyonLMc9BA?q=</job_link><summary><value>Experience in the business field related to high level of interactions with third parties contractors and vendors. Excellent analytical and judgment skills.</value></summary><salary>$56,000 - $77,000 a year</salary></item>
<item><company_name><value>HEB</value></company_name><location>Dripping Springs, TX</location><job_role>Dripping Springs eStore - In Store Shopper - Part Time</job_role><job_link>https://www.simplyhired.com/job/k0AD8vtlDiit2c8pLanlNMlhe5U1dSQS0CwlvDLRTSMvr_gq57Yz2g?q=</job_link><summary><value>Dripping Springs eStore - In Store Shopper - Part Time. H-E-B Job Title Cust Serv Rep-In Store Shopper. Schedule Part-time Requested Availability (if applicable…</value></summary><salary>$14 an hour</salary></item>
<item><company_name><value>Fairfield Residential</value></company_name><location>Austin, TX</location><job_role>Assistant Project Manager - Austin</job_role><job_link>https://www.simplyhired.com/job/wlMGk8aTXh7AAtnLSpuvQBDzfRSEz-Rt4aiDPvvFh70FSJJvACLzCg?q=</job_link><summary><value>Regularly update and report on the project’s performance through the schedule, cost report, weekly report, progress photos and accounting conference calls.</value></summary><salary>$67,000 - $96,000 a year</salary></item>
<item><company_name><value>Quest Diagnostics</value></company_name><location>Austin, TX</location><job_role>Driver/Courier- Austin, TX req47423</job_role><job_link>https://www.simplyhired.com/job/8qHg09esur1WeqbjXMb8nrmhOb0ZXrK_sPT64T6PRaI6JArzQlAomQ?q=</job_link><summary><value>Responsible for operating company vehicle safely as well as maintaining a valid driver’s license and driving record within acceptable company guidelines.</value></summary><salary>$30,000 - $38,000 a year</salary></item>
<item><company_name><value>Tesla</value></company_name><location>Austin, TX</location><job_role>Construction Safety Manager</job_role><job_link>https://www.simplyhired.com/job/k1JbNAaxUQX5-5q_svlXFAvyW2hRuTQRUUFd4ccnv2b4lBD2n2UpQg?q=</job_link><summary><value>He or She will lead a construction safety team to support project activities including heavy civil, steel erection, electrical and mechanical systems, and…</value></summary><salary>$85,000 - $120,000 a year</salary></item>
<item><company_name><value>Sewell Automotive Companies</value></company_name><location>Austin, TX</location><job_role>Executive Assistant</job_role><job_link>https://www.simplyhired.com/job/Busoh6hP6UQnwd8EIYPRe_BWt9srUY9n-35VIJbo5spbedxAYEqR8Q?q=</job_link><summary><value>We hire, train, promote and compensate associates on the basis of personal and professional competence and potential for advancement without regard for race,…</value></summary><salary>$50,000 a year</salary></item>
<item><company_name><value>Central South Carpenters Regional Council</value></company_name><location>Austin, TX</location><job_role>Trim Carpenters</job_role><job_link>https://www.simplyhired.com/job/1BOVG7oKezIiua9WukrU3dMxqXkzSczlTybZZFKO3LQ3eVqUcpbRxA?q=</job_link><summary><value>The CSCRC is in need of journeymen carpenters for Austin with experience in high-end commercial millwork including running trim, cabinets, &amp; wall panel systems…</value></summary><salary>$25 an hour</salary></item>
<item><company_name><value>Capital Metro</value></company_name><location>Austin, TX</location><job_role>Human Resources Generalist III-Benefits Administration</job_role><job_link>https://www.simplyhired.com/job/04rF8nqPQrV0OeLh1Kim-H5hVE0CLd1RFUheNmo5f-hFa41f9hVnJA?q=</job_link><summary><value>Bachelor’s degree in business administration, human resources or related field. Familiarity with COBRA, HIPAA, ERISA, FMLA, ACA and related state and federal…</value></summary><salary>$57,000 - $71,000 a year</salary></item>
<item><company_name><value>Dept of State Health Services</value></company_name><location>Austin, TX</location><job_role>Public Information Specialist</job_role><job_link>https://www.simplyhired.com/job/KJ9wVffl1mZbtNs-eYUPpmMAhx5Bnyz_ZG6Cys4WWLvcp4n39EmtSQ?q=</job_link><summary><value>Bachelor’s Degree in Communications or related field preferred. (15%) Assists in the development and implementation of immunization internal and external…</value></summary><salary>$3,100 - $4,000 a month</salary></item>
<item><company_name><value>Texas Department of Criminal Justice</value></company_name><location>Austin, TX</location><job_role>CLERK III - Victim Services</job_role><job_link>https://www.simplyhired.com/job/42tCrqknrYC92a4r9sQmvWylID0TveYVXfH6v9Xq20ZcH2M7UcO83Q?q=</job_link><summary><value>Applicants must submit the State of Texas Application For Employment and the applicable supplement for outside applicants (PERS 282) or current TDCJ employees …</value></summary><salary>$2,300 a month</salary></item>
<item><company_name><value>City of Austin</value></company_name><location>Austin, TX</location><job_role>Conservation Program Specialist</job_role><job_link>https://www.simplyhired.com/job/CDb_J1lX1Yk8uOSuYO3x73jKah4E6KcAo8PFG9hcekb-aZa85Kd79g?q=</job_link><summary><value>IREC certification for Mechanical, Plumbing, or Electrical is required if working in Program Compliance, Inspections or obtain license within six (6) months of…</value></summary><salary>$24 an hour</salary></item>
<item><company_name><value>Accenture</value></company_name><location>Austin, TX</location><job_role>SME</job_role><job_link>https://www.simplyhired.com/job/vn1PjSvtWZndEt96h2i1jHr-RYybEMhLQotIdICkaxH7ttfLdpQa0g?q=</job_link><summary><value>Develop and maintain knowledge of order entry, incident management and knowledge management tools, client information systems, and service desk procedures.</value></summary><salary>$44,000 - $64,000 a year</salary></item>
<item><company_name><value>Dept of Family &amp; Protectve Svc</value></company_name><location>Austin, TX</location><job_role>PEI Youth and Family Program Specialist</job_role><job_link>https://www.simplyhired.com/job/h7IrfLBoDS25hD8SvPbN6KLcK59WFSUXIBNuSXc_dV_wqfOVxJoM-A?q=</job_link><summary><value>Graduation from an accredited four-year college or university with major course work in a field relevant to the assignment is generally preferred.</value></summary><salary>$4,000 - $5,300 a month</salary></item>
<item><company_name><value>Diageo Hospitality Partnership</value></company_name><location>Austin, TX</location><job_role>Spirits Influencer - Austin, TX</job_role><job_link>https://www.simplyhired.com/job/iGQ5eG7sCBmwJjM_BRDCbg_Y_mNMCWxVrTY5bV9hIdQ82EGt5YCY-Q?q=</job_link><summary><value>They must have a strong social media presence, as this will be the primary means to connect with trade members, host digital events and execute program…</value></summary><salary>$39,000 - $53,000 a year</salary></item>
<item><company_name><value>Faneuil, Inc.</value></company_name><location>Austin, TX</location><job_role>Violations Enforcement CUSTOMER SERVICE-H2</job_role><job_link>https://www.simplyhired.com/job/GAnh7PmwKEnQmdBMHSmhbzSa8zxU99igwEm79FFPDjCJOXBi2STUZg?q=</job_link><summary><value>Assists customers’ questions by providing guidance and technical support when needed. Serves as the technical subject matter expert of program information to…</value></summary><salary>$18 an hour</salary></item>
<item><company_name><value>Ashfield Commercial &amp; Medical Services</value></company_name><location>Austin, TX</location><job_role>Field Sales Representative</job_role><job_link>https://www.simplyhired.com/job/6wmG96kBTf_dSOdoWjHfL_o8lA6TKl972xUo1HSJFK0Plivcqt5cRw?q=</job_link><summary><value>Valid driver’s license and clean driving record. Individuals seeking employment at Ashfield are considered without regards to age, ancestry, color, gender,…</value></summary><salary>$55,000 - $74,000 a year</salary></item>
<item><company_name><value>LSO</value></company_name><location>Austin, TX</location><job_role>AUS Sorter - PT</job_role><job_link>https://www.simplyhired.com/job/VmcSdfDbS-Zr6GXS0c9wfFvLatacU7VoOWEkXlkJaOYfsO0l3kx8Gg?q=</job_link><summary><value>Austin, TX is now seeking motivated men and women to fill our Warehouse Sorter positions! Flexible schedule between Monday-Sunday, Hours will vary from 6PM-3AM.</value></summary><salary>$14 an hour</salary></item>
<item><company_name><value>General Motors</value></company_name><location>Austin, TX</location><job_role>Program Manager</job_role><job_link>https://www.simplyhired.com/job/achQDBDQWir2Slhv6EzMWVDEQErYahS8e3iKXaUoMHFyZ5qAbjEfMw?q=</job_link><summary><value>From designing and building the next generation of electric and other vehicles to developing a world-class GM experience for our dealers and customers, GM IT is…</value></summary><salary>$110,000 - $150,000 a year</salary></item>
<item><company_name><value>Tesla</value></company_name><location>Austin, TX</location><job_role>Security Systems Technician, Austin</job_role><job_link>https://www.simplyhired.com/job/cjUhX8D2g7oJHYrgdW25mcWcrpbC2JH0laHxU7sWt9VC7ZeeBWwh1Q?q=</job_link><summary><value>Collaborates with technical security team members to develop security system design and installation plans. Tesla's Technical Security Team is responsible for…</value></summary><salary>$53,000 - $72,000 a year</salary></item>
<item><company_name><value>Health &amp; Human Services Comm</value></company_name><location>Austin, TX</location><job_role>Administrative Asst II</job_role><job_link>https://www.simplyhired.com/job/XYRPrIa81WjV8f85RPffjif1WcWl_fnIdy4dbOezKjJiXu4DX-jYUA?q=</job_link><summary><value>Communicates on an intermediate level with others (internally and externally) to provide, exchange, or verify information, answer inquires, address issues, or…</value></summary><salary>$2,200 - $3,400 a month</salary></item>
<item><company_name><value>TEXAS EDUCATION AGENCY</value></company_name><location>Austin, TX</location><job_role>Online Testing Specialist (Education Specialist IV)</job_role><job_link>https://www.simplyhired.com/job/J7fSnEHEO99twOMLejABj854EYPk0LxIB1fSKiM0Ca_1Df-YkDWsSw?q=</job_link><summary><value>Due to the high volume of applications, we do not accept telephone calls and cannot reply to all email inquiries. No phone calls or emails, please.</value></summary><salary>$4,600 - $6,100 a month</salary></item>
<item><company_name><value>Edible Austin</value></company_name><location>Austin, TX</location><job_role> New Writers</job_role><job_link>https://www.simplyhired.com/job/NpfufGPngH3KyeC8TFaTOE6MOI9sgEBrlkLWwszlSavzR0926V6SoQ?q=</job_link><summary><value>With an interest in expanding our network of creatives within the Central Texas community, we encourage submissions of ideas, samples and portfolios from anyone…</value></summary><salary>$45,000 - $58,000 a year</salary></item>
<item><company_name><value>City of Austin</value></company_name><location>Austin, TX</location><job_role>Surveyor (Professional)</job_role><job_link>https://www.simplyhired.com/job/Ey8kv2S1lut58sQrchXdV7JQtsV7s46vLLtu4u4rY45TFE-iepntYA?q=</job_link><summary><value>This position will research record information, process survey data, prepare CAD files and field notes and assist field crew for boundary, topographic and…</value></summary><salary>$30 - $39 an hour</salary></item>
<item><company_name><value>Aceable</value></company_name><location>Austin, TX</location><job_role>Instructional Writer</job_role><job_link>https://www.simplyhired.com/job/wIfPHu9TZtyoI2WrHa40gOx7Ww6Jy1D3ZJ2Mw_3RRs_5tZfRdiqnCg?q=</job_link><summary><value>Study a state licensing exam in order to create content that prepares students for success on the exam. Certification in instructional design or adult learning…</value></summary><salary>$40,000 - $55,000 a year</salary></item>
<item><company_name><value>Accenture</value></company_name><location>Austin, TX</location><job_role>Video Content Review Agent</job_role><job_link>https://www.simplyhired.com/job/LAMClM1jJ7WSNeubpwIXJ8avc-9aTCzaDWlLZ7_KME6iIAC_i5nKfw?q=</job_link><summary><value>Social media, content review, content moderation, administrative, office, customer service, video, media, software, customer service, customer assistant,…</value></summary><salary>$29,000 - $37,000 a year</salary></item>
<item><company_name><value>University of Texas at Austin</value></company_name><location>Austin, TX</location><job_role>Partnership and Outreach Coordinator</job_role><job_link>https://www.simplyhired.com/job/REJWoQM_QAl0_IunzVsCseZveYdWkruPBLu4L1WPxS4CgEb3BonXgQ?q=</job_link><summary><value>Develop and maintain relationships with K12 district administrators, state and local leaders, and faculty. In close collaboration with the Assistant Director of…</value></summary><salary>$45,000 - $60,000 a year</salary></item>
<item><company_name><value>Tesla</value></company_name><location>Austin, TX</location><job_role>Construction EHS Specialist</job_role><job_link>https://www.simplyhired.com/job/QgQs7IMPsZ_OJ-cKaTVI_5PssYNs3hzXiKtix0qHraoNJNrYX0iO7w?q=</job_link><summary><value>Provide field safety oversight of construction work activities. Perform frequent combined safety and environmental inspections and procedural audits in the…</value></summary><salary>$44,000 - $63,000 a year</salary></item>
<item><company_name><value>Dell Technologies</value></company_name><location>Austin, TX</location><job_role>Penetration Tester</job_role><job_link>https://www.simplyhired.com/job/1705eHnFa2soiG8gmvAEEKNhxXu_i9xIey0kbv4atp4-hhzgi5q_og?q=</job_link><summary><value>Bachelor of Science in Computer Science, Computer Engineering, or Electrical Engineering or a related technical field or equivalent professional experience.</value></summary><salary>$70,000 - $99,000 a year</salary></item>
<item><company_name><value>Spin Electric Scooters</value></company_name><location>Austin, TX</location><job_role>Scooter Collector</job_role><job_link>https://www.simplyhired.com/job/4g31F8iv7laLSX9_1ca1nNTalP0z8KqN3c_50ijSvx6MYE9EKu9n2w?q=</job_link><summary><value>Valid driver's license and clean driving record. Own or have regular access to a vehicle with valid registration and insurance.</value></summary><salary>$22,000 - $28,000 a year</salary></item>
<item><company_name><value>BancorpSouth</value></company_name><location>Austin, TX</location><job_role>Relationship Manager</job_role><job_link>https://www.simplyhired.com/job/NzIAPWFL0-Tx_prqkOr5bIQ-J2gFGDcNhAJB48aOxwt0ja2NeKYUHA?q=</job_link><summary><value>We are an equal opportunity employer and all qualified applicants will receive consideration for employment without regard to race, color, religion, national…</value></summary><salary>$62,000 - $86,000 a year</salary></item>
<item><company_name><value>University of Texas at Austin</value></company_name><location>Austin, TX</location><job_role>Temporary Support Staff (UTEMP)</job_role><job_link>https://www.simplyhired.com/job/ub6eJO7d02RQFd2M5oQZ_MmC1e-bp_d5QzE9-0bEy6Bu27sBG2pdyw?q=</job_link><summary><value>Answers multi-line telephone system and fields questions. The University of Texas at Austin, as an equal opportunity/affirmative action employer , complies with…</value></summary><salary>$32,000 - $43,000 a year</salary></item>
<item><company_name><value>University of Texas at Austin</value></company_name><location>Austin, TX</location><job_role>Graduate Program Coordinator I (Salary)</job_role><job_link>https://www.simplyhired.com/job/RA-3LKnk4OdTsiFtqc3p0q84wExV2d2_rJPomm78SzJIUxUel7Z2UQ?q=</job_link><summary><value>Answer routine correspondence concerning inquiries on graduate programs. The University of Texas at Austin, as an equal opportunity/affirmative action employer …</value></summary><salary>$39,000 - $51,000 a year</salary></item>
<item><company_name><value>Regina Caeli</value></company_name><location>Austin, TX</location><job_role>Part-Time Classroom Assistant</job_role><job_link>https://www.simplyhired.com/job/5uJyxzpBo865033bg-LJX_Xnxa9MZdF20PUE6MpIXaNfIvYiQamSXQ?q=</job_link><summary><value>All staff complete a background check and Safe Child training prior to teaching at Regina Caeli Academy. Email Me Similar Jobs Email Me This Job.</value></summary><salary>$15 an hour</salary></item>
<item><company_name><value>Dept of Family &amp; Protectve Svc</value></company_name><location>Austin, TX</location><job_role>APS In Home Worker</job_role><job_link>https://www.simplyhired.com/job/hHxapsie0mcfHs4almNNHj9TLLcOgnxlZ5la-esPTkP94zftuRSyeg?q=</job_link><summary><value>Applicants for positions must have a reliable motor vehicle, and acceptable driving record for the past five years, and a current, valid Texas driver's license…</value></summary><salary>$3,500 - $4,300 a month</salary></item>
<item><company_name><value>Dept of Family &amp; Protectve Svc</value></company_name><location>Austin, TX</location><job_role>Associate Commissioner (Statewide Intake)</job_role><job_link>https://www.simplyhired.com/job/IUQAmX-rK5dwL08VKUWw14vseLoOxr8fsQ3O-q-wlCKSXV3MXvdfIw?q=</job_link><summary><value>Ability to develop, implement, communicate and lead an organizational vision which integrates key state, agency, division and program goals, priorities and…</value></summary><salary>$8,500 - $14,000 a month</salary></item>
<item><company_name><value>Davey Tree</value></company_name><location>Austin, TX</location><job_role>Work Planner- Austin, TX</job_role><job_link>https://www.simplyhired.com/job/mD8Fl1qa2_Xbule15EnelAwGpqEqT2ScKi_7y8xK5Fq2PVs8R4hArA?q=</job_link><summary><value>The Davey Resource Group (DRG) is currently hiring certified arborists, professional foresters, horticulturalists, natural resource specialists, environmental…</value></summary><salary>$45,000 - $60,000 a year</salary></item>
<item><company_name><value>Travis County</value></company_name><location>Austin, TX</location><job_role>Facilities Project Inspector</job_role><job_link>https://www.simplyhired.com/job/U2mbyrWs-VHiYCBY8G1WhpPGbj5TBfwMn7qQbDMKngQJ41OrLmO82g?q=</job_link><summary><value>Provides technical interpretation and explanation of information and policies and procedures to the public, county staff and officials, designers, architects,…</value></summary><salary>$45,000 - $57,000 a year</salary></item>
<item><company_name><value>The City of Austin - Austin Travis County EMS</value></company_name><location>Austin, TX</location><job_role>EMS Cadet - Field</job_role><job_link>https://www.simplyhired.com/job/EbLwk7VrlAP9uNudZr2pBmvrftbfAJwfWPVp1y322mr9UfVz9l4DSA?q=</job_link><summary><value>Participates in the Austin – Travis County Emergency Medical Services Academy training program, which includes daily room lectures and laboratory practice,…</value></summary><salary>$34,000 - $43,000 a year</salary></item>
<item><company_name><value>Blue Apron</value></company_name><location>Austin, TX</location><job_role>Inbound Call Center Agent</job_role><job_link>https://www.simplyhired.com/job/jvtY5EDuA5kBWq11W9gtSPoNkAwu0cgNPV0zq74l_CR5WADm6S6Yaw?q=</job_link><summary><value>Make case-by-case judgement calls regarding custom solutions for unique customer issues. In addition to federal law requirements, Blue Apron complies with…</value></summary><salary>$35,000 - $44,000 a year</salary></item>
<item><company_name><value>City of Austin</value></company_name><location>Austin, TX</location><job_role>Temporary - Public Health Program Specialist II</job_role><job_link>https://www.simplyhired.com/job/kAQx6LYT5dQ9BUUsHfivv1R4UtwPWeOTIdaebszmiWA24IoejsLgkQ?q=</job_link><summary><value>Valid Texas Class C Driver’s License at the time of hire and during employment, as required by position. This position requires a Valid Texas Class C Driver’s…</value></summary><salary>$19 - $24 an hour</salary></item>
<item><company_name><value>Whole Foods Market</value></company_name><location>Austin, TX</location><job_role>Temporary Seasonal In-Store Shopper - Part Time</job_role><job_link>https://www.simplyhired.com/job/pWk53SjslePy3X04SiloDN9PCvlNLq28IztB0hRLGbhGt4hhfjLIqA?q=</job_link><summary><value>While our offerings will continue to evolve, you’ll shop throughout our store for everyday goods including food, household items, and so much more.</value></summary><salary>$22,000 - $30,000 a year</salary></item>
<item><company_name><value>Progressive</value></company_name><location>Austin, TX</location><job_role>Centralized Claims Adjuster</job_role><job_link>https://www.simplyhired.com/job/u_xe7XraXME8SmFj_KpZf7kT_SxY0R4MXDXYFZ8-74pwen4-OwoK0w?q=</job_link><summary><value>Bachelor’s degree or a combined total of two years of work experience and/or college education. Diverse, inclusive and welcoming culture with Employee Resource…</value></summary><salary>$21 an hour</salary></item>
<item><company_name><value>Texas Department of Agriculture</value></company_name><location>Austin, TX</location><job_role>Food and Nutrition Lead Administrative Financial Review Specialist (Community Operations)</job_role><job_link>https://www.simplyhired.com/job/V5fpZncvHQkDSogncUgY9f2Vu_G804qmKxsfi-AikVF0Rk6_q5mGQQ?q=</job_link><summary><value>Work involves examining, investigating, and reviewing records, reports, financial statements, procurement documents and management practices to ensure legal…</value></summary><salary>$5,400 - $5,800 a month</salary></item>
<item><company_name><value>TEXAS EDUCATION AGENCY</value></company_name><location>Austin, TX</location><job_role>Executive Support Specialist (Staff Services Officer III)</job_role><job_link>https://www.simplyhired.com/job/N9YgHIhIFqSGqaXWc0BwJZg72trDAff8jBIc9_mU2U9liP2z7FpPSg?q=</job_link><summary><value>Responsible for greeting and directing visitors to appropriate staff, assisting with answering and receiving incoming calls, conference room management,…</value></summary><salary>$3,500 - $5,700 a month</salary></item>
<item><company_name><value>Pristine Remodeling &amp; Renovations LLC</value></company_name><location>Austin, TX</location><job_role>Skilled Laborer Residential Remodeling</job_role><job_link>https://www.simplyhired.com/job/KFsdQWGjI0319MBxPLKPkvMQXZppeIzE1ACgcYxD-tiAN-4JARQahw?q=</job_link><summary><value>A good job for someone just entering the workforce or returning to the workforce with limited experience and education. This Company Describes Its Culture as:</value></summary><salary>$15 - $45 an hour</salary></item>
<item><company_name><value>Drees Homes</value></company_name><location>Austin, TX</location><job_role>New Home Sales Trainee</job_role><job_link>https://www.simplyhired.com/job/9evfeu13-s8YVevCGLWTHjZfEcZLGmUje0yuHzS-9q3E9k6VrCx5Bg?q=</job_link><summary><value>The training program will provide you with the tools and information you need to answer customer questions about products, financing, warranty, and construction…</value></summary><salary>$55,000 - $78,000 a year</salary></item>
<item><company_name><value>Six Red Marbles</value></company_name><location>Austin, TX</location><job_role>Learning Experience Designer</job_role><job_link>https://www.simplyhired.com/job/_8opRfmf9j1nlb47tVoSpIpLWRJeHVBHe4gL5EksWfEtqPRwLDdNZg?q=</job_link><summary><value>As the largest U.S.-based provider of learning experience design, content development, edtech and publishing services, we partner with publishers, schools,…</value></summary><salary>$66,000 - $93,000 a year</salary></item>
<item><company_name><value>The Cincinnati Insurance Companies</value></company_name><location>Austin, TX</location><job_role>Claims - Field Claims Representative</job_role><job_link>https://www.simplyhired.com/job/QDNqgn6wJf4xGMmR0M4ta2Po_E1t7rBygDmWSt9mPpUL85Al0EIvjw?q=</job_link><summary><value>The Field Claims department is currently seeking Field Claims Representatives to service the territory surrounding: Evaluate claim facts and policy coverage.</value></summary><salary>$42,000 - $75,000 a year</salary></item>
<item><company_name><value>CB2</value></company_name><location>Austin, TX</location><job_role>Holiday Hiring Event</job_role><job_link>https://www.simplyhired.com/job/z_7dCxJqiZC9JLoALk6sjw8dPJRiKsYCCIg6h6knlCcwvrMOvf_TRQ?q=</job_link><summary><value>We are actively seeking motivated individuals who have the drive and desire to succeed in a team environment to join us this holiday season at our Domain…</value></summary><salary>$39,000 - $52,000 a year</salary></item>
<item><company_name><value>Faneuil, Inc.</value></company_name><location>Austin, TX</location><job_role>Image Review CLERK-H2</job_role><job_link>https://www.simplyhired.com/job/hqpHJcjHli01c2R1aCGCfEw3m_OigN6kRjJ-umj5q4ZeOHMRinlE_A?q=</job_link><summary><value>6 months prior data entry experience or a related area preferred. Batch, sort, and file incoming mail for processing, trending and reporting purposes.</value></summary><salary>$16 an hour</salary></item>
<item><company_name><value>EXE Logistics Solutions LLC</value></company_name><location>Austin, TX</location><job_role>Austin, TX Unloader / Lumper</job_role><job_link>https://www.simplyhired.com/job/gvPEy9ZYgsBvfTz4vhVs3vY-v-jCclTHGe0xgiVmxpjgeEP-UXBkUQ?q=</job_link><summary><value>Warehouse environment with extreme heat in the summer months and extreme cold on the fall/ winter months. Austin, TX Container Loader / Unloader Job Posting:</value></summary><salary>$14 an hour</salary></item>
<item><company_name><value>University of Texas at Austin</value></company_name><location>Austin, TX</location><job_role>Course Coordinator - Rhetoric</job_role><job_link>https://www.simplyhired.com/job/_bHN7PqLoHcEwp5TDtEemB0QWgNS1eYHJTRaWxcxFjt4cZL0ezrYgQ?q=</job_link><summary><value>Work in close collaboration with the Course Manager, the Instructor of Record, OnRamps Associate Director for Enrollment and Strategic Operations, and Associate…</value></summary><salary>$43,000 - $56,000 a year</salary></item>
<item><company_name><value>OFFICE OF THE ATTORNEY GENERAL</value></company_name><location>Austin, TX</location><job_role>Coleman Fellow (20-0794)</job_role><job_link>https://www.simplyhired.com/job/w8Luj7Sh9MBq11lD8tJsXHDsVoMca1IGXrXQbmoscuzHGt4LBSaP5A?q=</job_link><summary><value>This position will be reclassified to an Attorney I position upon the employee obtaining a law license with the State Bar of Texas. Yes, 5 % of the Time.</value></summary><salary>$5,000 a month</salary></item>
<item><company_name><value>Coca-Cola Southwest Beverages</value></company_name><location>Austin, TX</location><job_role>Checker - 2nd/3rd Shift</job_role><job_link>https://www.simplyhired.com/job/uOAcl9_CnBxcgTNsBg1NNKKzT8tzrXpE_Sh7r3MWW6F3pcj6hP9ytQ?q=</job_link><summary><value>Coca-Cola Southwest Beverages LLC is an Equal Opportunity Employer and does not discriminate against any employee or applicant for employment because of race,…</value></summary><salary>$27,000 - $38,000 a year</salary></item>
<item><company_name><value>University of Texas at Austin</value></company_name><location>Austin, TX</location><job_role>Medical Assistant</job_role><job_link>https://www.simplyhired.com/job/lPNnlBMV05N_0sHaziszfo1BJ9als8Ry2oxcvQpboAWi8wnsAQY_ow?q=</job_link><summary><value>The University of Texas at Austin, as an equal opportunity/affirmative action employer , complies with all applicable federal and state laws regarding…</value></summary><salary>$38,000 a year</salary></item>
</items>